06-06 13:01:14.416 13010 13075 W System.err: [10062][Verbal-Engine] VerbalEngine: onEvent: name->ss.synthesize.data, params->801708767
06-06 13:01:14.418 13010 23824 I System.out: [10062][PlayExecutorPoolThread(1)] #onSpeechProgressChanged progress=3
06-06 13:01:14.419 13010 13075 W System.err: [10062][Verbal-Engine] VerbalEngine: onEvent: name->ss.synthesize.data, params->801708767
06-06 13:01:14.422 13010 13075 W System.err: [10062][Verbal-Engine] VerbalEngine: onEvent: name->ss.speech.progress, params->801708767
06-06 13:01:14.425 13010 13075 W System.err: [10062][Verbal-Engine] VerbalEngine: onEvent: name->ss.synthesize.data, params->801708767
06-06 13:01:14.428 13010 13075 W System.err: [10062][Verbal-Engine] VerbalEngine: onEvent: name->ss.synthesize.data, params->801708767
06-06 13:01:14.430 13010 13075 W System.err: [10062][Verbal-Engine] VerbalEngine: onEvent: name->ss.synthesize.data, params->801708767
06-06 13:01:14.434 13010 13075 W System.err: [10062][Verbal-Engine] VerbalEngine: onEvent: name->ss.synthesize.data, params->801708767
06-06 13:01:14.436 13010 13075 W System.err: [10062][Verbal-Engine] VerbalEngine: onEvent: name->ss.synthesize.data, params->801708767
06-06 13:01:14.440 13010 13075 W System.err: [10062][Verbal-Engine] VerbalEngine: onEvent: name->ss.synthesize.data, params->801708767
06-06 13:01:14.444 13010 13075 W System.err: [10062][Verbal-Engine] VerbalEngine: onEvent: name->ss.synthesize.data, params->801708767
06-06 13:01:14.447 13010 13075 W System.err: [10062][Verbal-Engine] VerbalEngine: onEvent: name->ss.synthesize.data, params->801708767
06-06 13:01:14.450 13010 13075 W System.err: [10062][Verbal-Engine] VerbalEngine: onEvent: name->ss.synthesize.data, params->801708767
06-06 13:01:14.454 13010 13075 W System.err: [10062][Verbal-Engine] VerbalEngine: onEvent: name->ss.synthesize.data, params->801708767
06-06 13:01:14.457 13010 13075 W System.err: [10062][Verbal-Engine] VerbalEngine: onEvent: name->ss.synthesize.data, params->801708767
06-06 13:01:14.460 13010 13075 W System.err: [10062][Verbal-Engine] VerbalEngine: onEvent: name->ss.synthesize.data, params->801708767
06-06 13:01:14.463 13010 13075 W System.err: [10062][Verbal-Engine] VerbalEngine: onEvent: name->ss.synthesize.data, params->801708767
06-06 13:01:14.466 13010 13075 W System.err: [10062][Verbal-Engine] VerbalEngine: onEvent: name->ss.synthesize.data, params->801708767
06-06 13:01:14.470 13010 13075 W System.err: [10062][Verbal-Engine] VerbalEngine: onEvent: name->ss.synthesize.data, params->801708767
06-06 13:01:14.473 13010 13075 W System.err: [10062][Verbal-Engine] VerbalEngine: onEvent: name->ss.synthesize.data, params->801708767
06-06 13:01:14.477 13010 13075 W System.err: [10062][Verbal-Engine] VerbalEngine: onEvent: name->ss.synthesize.data, params->801708767
06-06 13:01:14.479 13010 13075 W System.err: [10062][Verbal-Engine] VerbalEngine: onEvent: name->ss.synthesize.data, params->801708767
06-06 13:01:14.482 13010 13075 W System.err: [10062][Verbal-Engine] VerbalEngine: onEvent: name->ss.synthesize.data, params->801708767
06-06 13:01:14.485 13010 13075 W System.err: [10062][Verbal-Engine] VerbalEngine: onEvent: name->ss.synthesize.data, params->801708767
06-06 13:01:14.489 13010 13075 W System.err: [10062][Verbal-Engine] VerbalEngine: onEvent: name->ss.synthesize.data, params->801708767
06-06 13:01:14.493 13010 13075 W System.err: [10062][Verbal-Engine] VerbalEngine: onEvent: name->ss.synthesize.data, params->801708767
06-06 13:01:14.495 13010 13075 W System.err: [10062][Verbal-Engine] VerbalEngine: onEvent: name->ss.synthesize.data, params->801708767
06-06 13:01:14.499 13010 13075 W System.err: [10062][Verbal-Engine] VerbalEngine: onEvent: name->ss.synthesize.data, params->801708767
06-06 13:01:14.505 13010 13075 W System.err: [10062][Verbal-Engine] VerbalEngine: onEvent: name->ss.synthesize.data, params->801708767
06-06 13:01:14.508 13010 13075 W System.err: [10062][Verbal-Engine] VerbalEngine: onEvent: name->ss.synthesize.data, params->801708767
06-06 13:01:14.509 13010 13075 W System.err: [10062][Verbal-Engine] VerbalEngine: onEvent: name->ss.synthesize.finish, params->801708767
06-06 13:01:14.606 13010 23824 I System.out: [10062][PlayExecutorPoolThread(1)] #onSpeechProgressChanged progress=3
06-06 13:01:14.608 13010 13075 W System.err: [10062][Verbal-Engine] VerbalEngine: onEvent: name->ss.speech.progress, params->801708767
06-06 13:01:14.791 13010 23824 I System.out: [10062][PlayExecutorPoolThread(1)] #onSpeechProgressChanged progress=4
06-06 13:01:14.793 13010 13075 W System.err: [10062][Verbal-Engine] VerbalEngine: onEvent: name->ss.speech.progress, params->801708767
06-06 13:01:14.976 13010 23824 I System.out: [10062][PlayExecutorPoolThread(1)] #onSpeechProgressChanged progress=5
06-06 13:01:14.977 13010 13075 W System.err: [10062][Verbal-Engine] VerbalEngine: onEvent: name->ss.speech.progress, params->801708767
06-06 13:01:15.255 13010 23824 I System.out: [10062][PlayExecutorPoolThread(1)] #onSpeechProgressChanged progress=6
06-06 13:01:15.257 13010 13075 W System.err: [10062][Verbal-Engine] VerbalEngine: onEvent: name->ss.speech.progress, params->801708767
06-06 13:01:15.441 13010 23824 I System.out: [10062][PlayExecutorPoolThread(1)] #onSpeechProgressChanged progress=7
06-06 13:01:15.442 13010 13075 W System.err: [10062][Verbal-Engine] VerbalEngine: onEvent: name->ss.speech.progress, params->801708767
06-06 13:01:15.534 13010 23824 I System.out: [10062][PlayExecutorPoolThread(1)] #onSpeechProgressChanged progress=8
06-06 13:01:15.536 13010 13075 W System.err: [10062][Verbal-Engine] VerbalEngine: onEvent: name->ss.speech.progress, params->801708767
06-06 13:01:15.812 13010 23824 I System.out: [10062][PlayExecutorPoolThread(1)] #onSpeechProgressChanged progress=9
06-06 13:01:15.813 13010 13075 W System.err: [10062][Verbal-Engine] VerbalEngine: onEvent: name->ss.speech.progress, params->801708767
06-06 13:01:15.999 13010 23824 I System.out: [10062][PlayExecutorPoolThread(1)] #onSpeechProgressChanged progress=10
06-06 13:01:16.001 13010 13075 W System.err: [10062][Verbal-Engine] VerbalEngine: onEvent: name->ss.speech.progress, params->801708767
06-06 13:01:16.184 13010 23824 I System.out: [10062][PlayExecutorPoolThread(1)] #onSpeechProgressChanged progress=10
06-06 13:01:16.216 13010 13075 W System.err: [10062][Verbal-Engine] VerbalEngine: onEvent: name->ss.speech.progress, params->801708767
06-06 13:01:16.462 13010 23824 I System.out: [10062][PlayExecutorPoolThread(1)] #onSpeechProgressChanged progress=11
06-06 13:01:16.464 13010 13075 W System.err: [10062][Verbal-Engine] VerbalEngine: onEvent: name->ss.speech.progress, params->801708767
06-06 13:01:16.554 13010 23824 I System.out: [10062][PlayExecutorPoolThread(1)] #onSpeechProgressChanged progress=12
06-06 13:01:16.555 13010 13075 W System.err: [10062][Verbal-Engine] VerbalEngine: onEvent: name->ss.speech.progress, params->801708767
06-06 13:01:16.741 13010 23824 I System.out: [10062][PlayExecutorPoolThread(1)] #onSpeechProgressChanged progress=13
06-06 13:01:16.742 13010 13075 W System.err: [10062][Verbal-Engine] VerbalEngine: onEvent: name->ss.speech.progress, params->801708767
06-06 13:01:16.927 13010 23824 I System.out: [10062][PlayExecutorPoolThread(1)] #onSpeechProgressChanged progress=14
06-06 13:01:16.928 13010 13075 W System.err: [10062][Verbal-Engine] VerbalEngine: onEvent: name->ss.speech.progress, params->801708767
06-06 13:01:17.205 13010 23824 I System.out: [10062][PlayExecutorPoolThread(1)] #onSpeechProgressChanged progress=15
06-06 13:01:17.205 13010 13075 W System.err: [10062][Verbal-Engine] VerbalEngine: onEvent: name->ss.speech.progress, params->801708767
06-06 13:01:17.391 13010 23824 I System.out: [10062][PlayExecutorPoolThread(1)] #onSpeechProgressChanged progress=16
06-06 13:01:17.391 13010 13075 W System.err: [10062][Verbal-Engine] VerbalEngine: onEvent: name->ss.speech.progress, params->801708767
06-06 13:01:17.576 13010 23824 I System.out: [10062][PlayExecutorPoolThread(1)] #onSpeechProgressChanged progress=17
06-06 13:01:17.577 13010 13075 W System.err: [10062][Verbal-Engine] VerbalEngine: onEvent: name->ss.speech.progress, params->801708767
06-06 13:01:17.762 13010 23824 I System.out: [10062][PlayExecutorPoolThread(1)] #onSpeechProgressChanged progress=18
06-06 13:01:17.763 13010 13075 W System.err: [10062][Verbal-Engine] VerbalEngine: onEvent: name->ss.speech.progress, params->801708767
06-06 13:01:17.948 13010 23824 I System.out: [10062][PlayExecutorPoolThread(1)] #onSpeechProgressChanged progress=19
06-06 13:01:17.949 13010 13075 W System.err: [10062][Verbal-Engine] VerbalEngine: onEvent: name->ss.speech.progress, params->801708767
06-06 13:01:18.226 13010 23824 I System.out: [10062][PlayExecutorPoolThread(1)] #onSpeechProgressChanged progress=20
06-06 13:01:18.227 13010 13075 W System.err: [10062][Verbal-Engine] VerbalEngine: onEvent: name->ss.speech.progress, params->801708767
06-06 13:01:18.412 13010 23824 I System.out: [10062][PlayExecutorPoolThread(1)] #onSpeechProgressChanged progress=20
06-06 13:01:18.413 13010 13075 W System.err: [10062][Verbal-Engine] VerbalEngine: onEvent: name->ss.speech.progress, params->801708767
06-06 13:01:18.598 13010 23824 I System.out: [10062][PlayExecutorPoolThread(1)] #onSpeechProgressChanged progress=21
06-06 13:01:18.599 13010 13075 W System.err: [10062][Verbal-Engine] VerbalEngine: onEvent: name->ss.speech.progress, params->801708767
06-06 13:01:18.784 13010 23824 I System.out: [10062][PlayExecutorPoolThread(1)] #onSpeechProgressChanged progress=22
06-06 13:01:18.785 13010 13075 W System.err: [10062][Verbal-Engine] VerbalEngine: onEvent: name->ss.speech.progress, params->801708767
06-06 13:01:18.970 13010 23824 I System.out: [10062][PlayExecutorPoolThread(1)] #onSpeechProgressChanged progress=23
06-06 13:01:18.970 13010 13075 W System.err: [10062][Verbal-Engine] VerbalEngine: onEvent: name->ss.speech.progress, params->801708767
06-06 13:01:19.248 13010 23824 I System.out: [10062][PlayExecutorPoolThread(1)] #onSpeechProgressChanged progress=24
06-06 13:01:19.249 13010 13075 W System.err: [10062][Verbal-Engine] VerbalEngine: onEvent: name->ss.speech.progress, params->801708767
06-06 13:01:19.434 13010 23824 I System.out: [10062][PlayExecutorPoolThread(1)] #onSpeechProgressChanged progress=25
06-06 13:01:19.435 13010 13075 W System.err: [10062][Verbal-Engine] VerbalEngine: onEvent: name->ss.speech.progress, params->801708767
06-06 13:01:19.528 13010 23824 I System.out: [10062][PlayExecutorPoolThread(1)] #onSpeechProgressChanged progress=26
06-06 13:01:19.529 13010 13075 W System.err: [10062][Verbal-Engine] VerbalEngine: onEvent: name->ss.speech.progress, params->801708767
06-06 13:01:19.806 13010 23824 I System.out: [10062][PlayExecutorPoolThread(1)] #onSpeechProgressChanged progress=27
06-06 13:01:19.807 13010 13075 W System.err: [10062][Verbal-Engine] VerbalEngine: onEvent: name->ss.speech.progress, params->801708767
06-06 13:01:19.992 13010 23824 I System.out: [10062][PlayExecutorPoolThread(1)] #onSpeechProgressChanged progress=27
06-06 13:01:19.994 13010 13075 W System.err: [10062][Verbal-Engine] VerbalEngine: onEvent: name->ss.speech.progress, params->801708767
06-06 13:01:20.177 13010 23824 I System.out: [10062][PlayExecutorPoolThread(1)] #onSpeechProgressChanged progress=28
06-06 13:01:20.177 13010 13075 W System.err: [10062][Verbal-Engine] VerbalEngine: onEvent: name->ss.speech.progress, params->801708767
06-06 13:01:20.363 13010 23824 I System.out: [10062][PlayExecutorPoolThread(1)] #onSpeechProgressChanged progress=29
06-06 13:01:20.364 13010 13075 W System.err: [10062][Verbal-Engine] VerbalEngine: onEvent: name->ss.speech.progress, params->801708767
06-06 13:01:20.549 13010 23824 I System.out: [10062][PlayExecutorPoolThread(1)] #onSpeechProgressChanged progress=30
06-06 13:01:20.550 13010 13075 W System.err: [10062][Verbal-Engine] VerbalEngine: onEvent: name->ss.speech.progress, params->801708767
06-06 13:01:20.734 13010 23824 I System.out: [10062][PlayExecutorPoolThread(1)] #onSpeechProgressChanged progress=31
06-06 13:01:20.735 13010 13075 W System.err: [10062][Verbal-Engine] VerbalEngine: onEvent: name->ss.speech.progress, params->801708767
06-06 13:01:20.924 13010 23824 I System.out: [10062][PlayExecutorPoolThread(1)] #onSpeechProgressChanged progress=32
06-06 13:01:20.925 13010 13075 W System.err: [10062][Verbal-Engine] VerbalEngine: onEvent: name->ss.speech.progress, params->801708767
06-06 13:01:21.199 13010 23824 I System.out: [10062][PlayExecutorPoolThread(1)] #onSpeechProgressChanged progress=33
06-06 13:01:21.200 13010 13075 W System.err: [10062][Verbal-Engine] VerbalEngine: onEvent: name->ss.speech.progress, params->801708767
06-06 13:01:21.385 13010 23824 I System.out: [10062][PlayExecutorPoolThread(1)] #onSpeechProgressChanged progress=34
06-06 13:01:21.386 13010 13075 W System.err: [10062][Verbal-Engine] VerbalEngine: onEvent: name->ss.speech.progress, params->801708767
06-06 13:01:21.571 13010 23824 I System.out: [10062][PlayExecutorPoolThread(1)] #onSpeechProgressChanged progress=34
06-06 13:01:21.572 13010 13075 W System.err: [10062][Verbal-Engine] VerbalEngine: onEvent: name->ss.speech.progress, params->801708767
06-06 13:01:21.756 13010 23824 I System.out: [10062][PlayExecutorPoolThread(1)] #onSpeechProgressChanged progress=35
06-06 13:01:21.757 13010 13075 W System.err: [10062][Verbal-Engine] VerbalEngine: onEvent: name->ss.speech.progress, params->801708767
06-06 13:01:21.851 13010 23824 I System.out: [10062][PlayExecutorPoolThread(1)] #onSpeechProgressChanged progress=36
06-06 13:01:21.853 13010 13075 W System.err: [10062][Verbal-Engine] VerbalEngine: onEvent: name->ss.speech.progress, params->801708767
06-06 13:01:21.853 13010 13075 W System.err: [10062][Verbal-Engine] VerbalEngine: onEvent: name->ss.speech.finish, params->801708767
06-06 13:01:21.854 13010 13075 I System.out: [10062][Verbal-Engine] VerbalEngine: Speaking state = stopped
06-06 13:01:21.855 13010 13079 W IVerbalManager: [10062][VerbalStateChangeCallback] Verbal.StateChangeListener.onStateChanged(tts.result, Bundle[{data=<voice name="emo-as-HQ">当然可以，请走到我的身边，我们一起拍照吧。我准备好了，请在5秒内拍照喔。</voice>}]);
06-06 13:01:21.856 13010 13079 I IVerbalManager: [10062][VerbalStateChangeCallback] TEXT IS....<voice name="emo-as-HQ">当然可以，请走到我的身边，我们一起拍照吧。我准备好了，请在5秒内拍照喔。</voice>
06-06 13:01:21.856 13010 13079 I IServicesManager: [10062][VerbalStateChangeCallback] isCallbackLive: true
06-06 13:01:21.858 13010 13079 W IVerbalManager: [10062][VerbalStateChangeCallback] Verbal.StateChangeListener.onStateChanged(tts.over, null);
06-06 13:01:21.859 13010 13079 I IVerbalManager: [10062][VerbalStateChangeCallback] TTS Over!
06-06 13:01:22.865 13010 13075 W System.err: [10062][Verbal-Engine] VerbalEngine: ShutUp
06-06 13:01:22.872 13010 13075 I System.out: [10062][Verbal-Engine] VerbalEngine: Speaking state = stopped
06-06 13:01:22.873 13010 13079 W IVerbalManager: [10062][VerbalStateChangeCallback] Verbal.StateChangeListener.onStateChanged(tts.state, Bundle[{data=<voice name="emo-as-HQ">当然可以，请走到我的身边，我们一起拍照吧。我准备好了，请在5秒内拍照喔。</voice>, message=cancel}]);
06-06 13:01:22.873 13010 13075 W System.err: [10062][Verbal-Engine] VerbalEngine: setSpeakLanguage with (ZH)
06-06 13:01:22.873 13010 13088 I IVerbalManager: [10062][Binder_3] speaker = [0], pitch = [5], speed = [5], volume = [8], wakeupSoundPaths = [null], helloDelegateSoundPaths = [null]
06-06 13:01:22.874 13010 13075 W System.err: [10062][Verbal-Engine] VerbalEngine: setSpeakStyle with (speaker: 0, pitch: 5, speed: 5, volume: 8)
06-06 13:01:22.874 13010 13079 I IServicesManager: [10062][VerbalStateChangeCallback] isCallbackLive: true
06-06 13:01:22.875 13010 13088 I CindyBlendAdapter: [10062][Binder_3] isChinese(speakText) is ZH
06-06 13:01:22.875 13010 13079 W IVerbalManager: [10062][VerbalStateChangeCallback] Verbal.StateChangeListener.onStateChanged(tts.over, null);
06-06 13:01:22.876 13010 13079 I IVerbalManager: [10062][VerbalStateChangeCallback] TTS Over!
06-06 13:01:22.878 13010 13075 W System.err: [10062][Verbal-Engine] call setSpeakStyle successful
06-06 13:01:22.886 13010 13075 I System.out: [10062][Verbal-Engine] VerbalEngine: Recognizing state is stopped
06-06 13:01:22.886 13010 13075 W System.err: [10062][Verbal-Engine] VerbalEngine: Speak text is <voice name="emo-as-HQ">五</voice>
06-06 13:01:22.889 13010 13075 I System.out: [10062][Verbal-Engine] VerbalEngine: Speaking state = starting
06-06 13:01:22.891 13010 13075 W System.err: [10062][Verbal-Engine] VerbalEngine: onEvent: name->ss.synthesize.start, params->-1127592781
06-06 13:01:22.892 13010 13075 W System.err: [10062][Verbal-Engine] VerbalEngine: onEvent: name->ss.speech.start, params->-1127592781
06-06 13:01:22.893 13010 13075 I System.out: [10062][Verbal-Engine] VerbalEngine: Speaking state = started
06-06 13:01:22.894 13010 13079 W IVerbalManager: [10062][VerbalStateChangeCallback] Verbal.StateChangeListener.onStateChanged(tts.ready, Bundle[{data=<voice name="emo-as-HQ">五</voice>}]);
06-06 13:01:22.900 13010 13079 I IServicesManager: [10062][VerbalStateChangeCallback] isCallbackLive: true
06-06 13:01:23.012 13010 13075 W System.err: [10062][Verbal-Engine] VerbalEngine: onEvent: name->ss.synthesize.data, params->-1127592781
06-06 13:01:23.017 13010 13075 W System.err: [10062][Verbal-Engine] VerbalEngine: onEvent: name->ss.synthesize.data, params->-1127592781
06-06 13:01:23.018 13010 23995 I System.out: [10062][PlayExecutorPoolThread(1)] #onSpeechProgressChanged progress=0
06-06 13:01:23.019 13010 13075 W System.err: [10062][Verbal-Engine] VerbalEngine: onEvent: name->ss.speech.progress, params->-1127592781
06-06 13:01:23.022 13010 13075 W System.err: [10062][Verbal-Engine] VerbalEngine: onEvent: name->ss.synthesize.data, params->-1127592781
06-06 13:01:23.023 13010 13075 W System.err: [10062][Verbal-Engine] VerbalEngine: onEvent: name->ss.synthesize.data, params->-1127592781
06-06 13:01:23.024 13010 13075 W System.err: [10062][Verbal-Engine] VerbalEngine: onEvent: name->ss.synthesize.finish, params->-1127592781
06-06 13:01:23.024 13010 23995 I System.out: [10062][PlayExecutorPoolThread(1)] #onSpeechProgressChanged progress=1
06-06 13:01:23.025 13010 13075 W System.err: [10062][Verbal-Engine] VerbalEngine: onEvent: name->ss.speech.progress, params->-1127592781
06-06 13:01:23.025 13010 13075 W System.err: [10062][Verbal-Engine] VerbalEngine: onEvent: name->ss.speech.finish, params->-1127592781
06-06 13:01:23.026 13010 13075 I System.out: [10062][Verbal-Engine] VerbalEngine: Speaking state = stopped
06-06 13:01:23.027 13010 13079 W IVerbalManager: [10062][VerbalStateChangeCallback] Verbal.StateChangeListener.onStateChanged(tts.result, Bundle[{data=<voice name="emo-as-HQ">五</voice>}]);
06-06 13:01:23.027 13010 13079 I IVerbalManager: [10062][VerbalStateChangeCallback] TEXT IS....<voice name="emo-as-HQ">五</voice>
06-06 13:01:23.028 13010 13079 I IServicesManager: [10062][VerbalStateChangeCallback] isCallbackLive: true
06-06 13:01:23.030 13010 13079 W IVerbalManager: [10062][VerbalStateChangeCallback] Verbal.StateChangeListener.onStateChanged(tts.over, null);
06-06 13:01:23.031 13010 13079 I IVerbalManager: [10062][VerbalStateChangeCallback] TTS Over!
06-06 13:01:23.861 13010 13075 W System.err: [10062][Verbal-Engine] VerbalEngine: ShutUp
06-06 13:01:23.865 13010 13088 I IVerbalManager: [10062][Binder_3] speaker = [0], pitch = [5], speed = [5], volume = [8], wakeupSoundPaths = [null], helloDelegateSoundPaths = [null]
06-06 13:01:23.865 13010 13075 I System.out: [10062][Verbal-Engine] VerbalEngine: Speaking state = stopped
06-06 13:01:23.866 13010 13079 W IVerbalManager: [10062][VerbalStateChangeCallback] Verbal.StateChangeListener.onStateChanged(tts.state, Bundle[{data=<voice name="emo-as-HQ">五</voice>, message=cancel}]);
06-06 13:01:23.866 13010 13088 I CindyBlendAdapter: [10062][Binder_3] isChinese(speakText) is ZH
06-06 13:01:23.868 13010 13079 I IServicesManager: [10062][VerbalStateChangeCallback] isCallbackLive: true
06-06 13:01:23.868 13010 13079 W IVerbalManager: [10062][VerbalStateChangeCallback] Verbal.StateChangeListener.onStateChanged(tts.over, null);
06-06 13:01:23.868 13010 13075 W System.err: [10062][Verbal-Engine] VerbalEngine: setSpeakLanguage with (ZH)
06-06 13:01:23.869 13010 13079 I IVerbalManager: [10062][VerbalStateChangeCallback] TTS Over!
06-06 13:01:23.870 13010 13075 W System.err: [10062][Verbal-Engine] VerbalEngine: setSpeakStyle with (speaker: 0, pitch: 5, speed: 5, volume: 8)
06-06 13:01:23.875 13010 13075 W System.err: [10062][Verbal-Engine] call setSpeakStyle successful
06-06 13:01:23.877 13010 13075 I System.out: [10062][Verbal-Engine] VerbalEngine: Recognizing state is stopped
06-06 13:01:23.877 13010 13075 W System.err: [10062][Verbal-Engine] VerbalEngine: Speak text is <voice name="emo-as-HQ">四</voice>
06-06 13:01:23.879 13010 13075 I System.out: [10062][Verbal-Engine] VerbalEngine: Speaking state = starting
06-06 13:01:23.881 13010 13075 W System.err: [10062][Verbal-Engine] VerbalEngine: onEvent: name->ss.synthesize.start, params->-12771846
06-06 13:01:23.882 13010 13075 W System.err: [10062][Verbal-Engine] VerbalEngine: onEvent: name->ss.speech.start, params->-12771846
06-06 13:01:23.882 13010 13075 I System.out: [10062][Verbal-Engine] VerbalEngine: Speaking state = started
06-06 13:01:23.884 13010 13079 W IVerbalManager: [10062][VerbalStateChangeCallback] Verbal.StateChangeListener.onStateChanged(tts.ready, Bundle[{data=<voice name="emo-as-HQ">四</voice>}]);
06-06 13:01:23.884 13010 13079 I IServicesManager: [10062][VerbalStateChangeCallback] isCallbackLive: true
06-06 13:01:24.036 13010 13075 W System.err: [10062][Verbal-Engine] VerbalEngine: onEvent: name->ss.synthesize.data, params->-12771846
06-06 13:01:24.044 13010 13075 W System.err: [10062][Verbal-Engine] VerbalEngine: onEvent: name->ss.synthesize.data, params->-12771846
06-06 13:01:24.046 13010 24016 I System.out: [10062][PlayExecutorPoolThread(1)] #onSpeechProgressChanged progress=0
06-06 13:01:24.047 13010 13075 W System.err: [10062][Verbal-Engine] VerbalEngine: onEvent: name->ss.speech.progress, params->-12771846
06-06 13:01:24.052 13010 13075 W System.err: [10062][Verbal-Engine] VerbalEngine: onEvent: name->ss.synthesize.data, params->-12771846
06-06 13:01:24.094 13010 13075 W System.err: [10062][Verbal-Engine] VerbalEngine: onEvent: name->ss.synthesize.data, params->-12771846
06-06 13:01:24.095 13010 24016 I System.out: [10062][PlayExecutorPoolThread(1)] #onSpeechProgressChanged progress=0
06-06 13:01:24.095 13010 13075 W System.err: [10062][Verbal-Engine] VerbalEngine: onEvent: name->ss.speech.progress, params->-12771846
06-06 13:01:24.096 13010 13075 W System.err: [10062][Verbal-Engine] VerbalEngine: onEvent: name->ss.synthesize.data, params->-12771846
06-06 13:01:24.096 13010 13075 W System.err: [10062][Verbal-Engine] VerbalEngine: onEvent: name->ss.synthesize.finish, params->-12771846
06-06 13:01:24.171 13010 24016 I System.out: [10062][PlayExecutorPoolThread(1)] #onSpeechProgressChanged progress=1
06-06 13:01:24.172 13010 13075 W System.err: [10062][Verbal-Engine] VerbalEngine: onEvent: name->ss.speech.progress, params->-12771846
06-06 13:01:24.172 13010 13075 W System.err: [10062][Verbal-Engine] VerbalEngine: onEvent: name->ss.speech.finish, params->-12771846
06-06 13:01:24.173 13010 13075 I System.out: [10062][Verbal-Engine] VerbalEngine: Speaking state = stopped
06-06 13:01:24.174 13010 13079 W IVerbalManager: [10062][VerbalStateChangeCallback] Verbal.StateChangeListener.onStateChanged(tts.result, Bundle[{data=<voice name="emo-as-HQ">四</voice>}]);
06-06 13:01:24.174 13010 13079 I IVerbalManager: [10062][VerbalStateChangeCallback] TEXT IS....<voice name="emo-as-HQ">四</voice>
06-06 13:01:24.176 13010 13079 I IServicesManager: [10062][VerbalStateChangeCallback] isCallbackLive: true
06-06 13:01:24.177 13010 13079 W IVerbalManager: [10062][VerbalStateChangeCallback] Verbal.StateChangeListener.onStateChanged(tts.over, null);
06-06 13:01:24.177 13010 13079 I IVerbalManager: [10062][VerbalStateChangeCallback] TTS Over!
06-06 13:01:24.861 13010 13075 W System.err: [10062][Verbal-Engine] VerbalEngine: ShutUp
06-06 13:01:24.867 13010 13079 W IVerbalManager: [10062][VerbalStateChangeCallback] Verbal.StateChangeListener.onStateChanged(tts.state, Bundle[{data=<voice name="emo-as-HQ">四</voice>, message=cancel}]);
06-06 13:01:24.867 13010 13075 I System.out: [10062][Verbal-Engine] VerbalEngine: Speaking state = stopped
06-06 13:01:24.869 13010 13022 I IVerbalManager: [10062][Binder_2] speaker = [0], pitch = [5], speed = [5], volume = [8], wakeupSoundPaths = [null], helloDelegateSoundPaths = [null]
06-06 13:01:24.869 13010 13022 I CindyBlendAdapter: [10062][Binder_2] isChinese(speakText) is ZH
06-06 13:01:24.870 13010 13079 I IServicesManager: [10062][VerbalStateChangeCallback] isCallbackLive: true
06-06 13:01:24.872 13010 13075 W System.err: [10062][Verbal-Engine] VerbalEngine: setSpeakLanguage with (ZH)
06-06 13:01:24.872 13010 13079 W IVerbalManager: [10062][VerbalStateChangeCallback] Verbal.StateChangeListener.onStateChanged(tts.over, null);
06-06 13:01:24.873 13010 13079 I IVerbalManager: [10062][VerbalStateChangeCallback] TTS Over!
06-06 13:01:24.873 13010 13075 W System.err: [10062][Verbal-Engine] VerbalEngine: setSpeakStyle with (speaker: 0, pitch: 5, speed: 5, volume: 8)
06-06 13:01:24.874 13010 13075 W System.err: [10062][Verbal-Engine] call setSpeakStyle successful
06-06 13:01:24.880 13010 13075 I System.out: [10062][Verbal-Engine] VerbalEngine: Recognizing state is stopped
06-06 13:01:24.881 13010 13075 W System.err: [10062][Verbal-Engine] VerbalEngine: Speak text is <voice name="emo-as-HQ">三</voice>
06-06 13:01:24.882 13010 13075 I System.out: [10062][Verbal-Engine] VerbalEngine: Speaking state = starting
06-06 13:01:24.885 13010 13075 W System.err: [10062][Verbal-Engine] VerbalEngine: onEvent: name->ss.synthesize.start, params->1000474408
06-06 13:01:24.890 13010 13075 W System.err: [10062][Verbal-Engine] VerbalEngine: onEvent: name->ss.speech.start, params->1000474408
06-06 13:01:24.893 13010 13075 I System.out: [10062][Verbal-Engine] VerbalEngine: Speaking state = started
06-06 13:01:24.895 13010 13079 W IVerbalManager: [10062][VerbalStateChangeCallback] Verbal.StateChangeListener.onStateChanged(tts.ready, Bundle[{data=<voice name="emo-as-HQ">三</voice>}]);
06-06 13:01:24.896 13010 13079 I IServicesManager: [10062][VerbalStateChangeCallback] isCallbackLive: true
06-06 13:01:25.011 13010 13075 W System.err: [10062][Verbal-Engine] VerbalEngine: onEvent: name->ss.synthesize.data, params->1000474408
06-06 13:01:25.017 13010 13075 W System.err: [10062][Verbal-Engine] VerbalEngine: onEvent: name->ss.synthesize.data, params->1000474408
06-06 13:01:25.018 13010 24042 I System.out: [10062][PlayExecutorPoolThread(1)] #onSpeechProgressChanged progress=0
06-06 13:01:25.018 13010 13075 W System.err: [10062][Verbal-Engine] VerbalEngine: onEvent: name->ss.speech.progress, params->1000474408
06-06 13:01:25.021 13010 13075 W System.err: [10062][Verbal-Engine] VerbalEngine: onEvent: name->ss.synthesize.data, params->1000474408
06-06 13:01:25.029 13010 13075 W System.err: [10062][Verbal-Engine] VerbalEngine: onEvent: name->ss.synthesize.data, params->1000474408
06-06 13:01:25.035 13010 13075 W System.err: [10062][Verbal-Engine] VerbalEngine: onEvent: name->ss.synthesize.data, params->1000474408
06-06 13:01:25.035 13010 13075 W System.err: [10062][Verbal-Engine] VerbalEngine: onEvent: name->ss.synthesize.data, params->1000474408
06-06 13:01:25.036 13010 13075 W System.err: [10062][Verbal-Engine] VerbalEngine: onEvent: name->ss.synthesize.finish, params->1000474408
06-06 13:01:25.192 13010 24042 I System.out: [10062][PlayExecutorPoolThread(1)] #onSpeechProgressChanged progress=0
06-06 13:01:25.193 13010 13075 W System.err: [10062][Verbal-Engine] VerbalEngine: onEvent: name->ss.speech.progress, params->1000474408
06-06 13:01:25.195 13010 24042 I System.out: [10062][PlayExecutorPoolThread(1)] #onSpeechProgressChanged progress=1
06-06 13:01:25.195 13010 13075 W System.err: [10062][Verbal-Engine] VerbalEngine: onEvent: name->ss.speech.progress, params->1000474408
06-06 13:01:25.196 13010 13075 W System.err: [10062][Verbal-Engine] VerbalEngine: onEvent: name->ss.speech.finish, params->1000474408
06-06 13:01:25.196 13010 13075 I System.out: [10062][Verbal-Engine] VerbalEngine: Speaking state = stopped
06-06 13:01:25.197 13010 13079 W IVerbalManager: [10062][VerbalStateChangeCallback] Verbal.StateChangeListener.onStateChanged(tts.result, Bundle[{data=<voice name="emo-as-HQ">三</voice>}]);
06-06 13:01:25.198 13010 13079 I IVerbalManager: [10062][VerbalStateChangeCallback] TEXT IS....<voice name="emo-as-HQ">三</voice>
06-06 13:01:25.200 13010 13079 I IServicesManager: [10062][VerbalStateChangeCallback] isCallbackLive: true
06-06 13:01:25.202 13010 13079 W IVerbalManager: [10062][VerbalStateChangeCallback] Verbal.StateChangeListener.onStateChanged(tts.over, null);
06-06 13:01:25.202 13010 13079 I IVerbalManager: [10062][VerbalStateChangeCallback] TTS Over!
06-06 13:01:25.865 13010 13075 W System.err: [10062][Verbal-Engine] VerbalEngine: ShutUp
06-06 13:01:25.869 13010 13022 I IVerbalManager: [10062][Binder_2] speaker = [0], pitch = [5], speed = [5], volume = [8], wakeupSoundPaths = [null], helloDelegateSoundPaths = [null]
06-06 13:01:25.869 13010 13022 I CindyBlendAdapter: [10062][Binder_2] isChinese(speakText) is ZH
06-06 13:01:25.872 13010 13075 I System.out: [10062][Verbal-Engine] VerbalEngine: Speaking state = stopped
06-06 13:01:25.872 13010 13079 W IVerbalManager: [10062][VerbalStateChangeCallback] Verbal.StateChangeListener.onStateChanged(tts.state, Bundle[{data=<voice name="emo-as-HQ">三</voice>, message=cancel}]);
06-06 13:01:25.873 13010 13075 W System.err: [10062][Verbal-Engine] VerbalEngine: setSpeakLanguage with (ZH)
06-06 13:01:25.876 13010 13075 W System.err: [10062][Verbal-Engine] VerbalEngine: setSpeakStyle with (speaker: 0, pitch: 5, speed: 5, volume: 8)
06-06 13:01:25.877 13010 13079 I IServicesManager: [10062][VerbalStateChangeCallback] isCallbackLive: true
06-06 13:01:25.879 13010 13079 W IVerbalManager: [10062][VerbalStateChangeCallback] Verbal.StateChangeListener.onStateChanged(tts.over, null);
06-06 13:01:25.879 13010 13079 I IVerbalManager: [10062][VerbalStateChangeCallback] TTS Over!
06-06 13:01:25.881 13010 13075 W System.err: [10062][Verbal-Engine] call setSpeakStyle successful
06-06 13:01:25.882 13010 13075 I System.out: [10062][Verbal-Engine] VerbalEngine: Recognizing state is stopped
06-06 13:01:25.883 13010 13075 W System.err: [10062][Verbal-Engine] VerbalEngine: Speak text is <voice name="emo-as-HQ">二</voice>
06-06 13:01:25.888 13010 13075 I System.out: [10062][Verbal-Engine] VerbalEngine: Speaking state = starting
06-06 13:01:25.893 13010 13075 W System.err: [10062][Verbal-Engine] VerbalEngine: onEvent: name->ss.synthesize.start, params->447141035
06-06 13:01:25.894 13010 13075 W System.err: [10062][Verbal-Engine] VerbalEngine: onEvent: name->ss.speech.start, params->447141035
06-06 13:01:25.894 13010 13075 I System.out: [10062][Verbal-Engine] VerbalEngine: Speaking state = started
06-06 13:01:25.895 13010 13079 W IVerbalManager: [10062][VerbalStateChangeCallback] Verbal.StateChangeListener.onStateChanged(tts.ready, Bundle[{data=<voice name="emo-as-HQ">二</voice>}]);
06-06 13:01:25.897 13010 13079 I IServicesManager: [10062][VerbalStateChangeCallback] isCallbackLive: true
06-06 13:01:26.020 13010 13075 W System.err: [10062][Verbal-Engine] VerbalEngine: onEvent: name->ss.synthesize.data, params->447141035
06-06 13:01:26.024 13010 13075 W System.err: [10062][Verbal-Engine] VerbalEngine: onEvent: name->ss.synthesize.data, params->447141035
06-06 13:01:26.025 13010 24066 I System.out: [10062][PlayExecutorPoolThread(1)] #onSpeechProgressChanged progress=0
06-06 13:01:26.026 13010 13075 W System.err: [10062][Verbal-Engine] VerbalEngine: onEvent: name->ss.speech.progress, params->447141035
06-06 13:01:26.029 13010 13075 W System.err: [10062][Verbal-Engine] VerbalEngine: onEvent: name->ss.synthesize.data, params->447141035
06-06 13:01:26.036 13010 13075 W System.err: [10062][Verbal-Engine] VerbalEngine: onEvent: name->ss.synthesize.data, params->447141035
06-06 13:01:26.038 13010 24066 I System.out: [10062][PlayExecutorPoolThread(1)] #onSpeechProgressChanged progress=0
06-06 13:01:26.039 13010 13075 W System.err: [10062][Verbal-Engine] VerbalEngine: onEvent: name->ss.speech.progress, params->447141035
06-06 13:01:26.040 13010 13075 W System.err: [10062][Verbal-Engine] VerbalEngine: onEvent: name->ss.synthesize.data, params->447141035
06-06 13:01:26.040 13010 13075 W System.err: [10062][Verbal-Engine] VerbalEngine: onEvent: name->ss.synthesize.finish, params->447141035
06-06 13:01:26.040 13010 24066 I System.out: [10062][PlayExecutorPoolThread(1)] #onSpeechProgressChanged progress=1
06-06 13:01:26.041 13010 13075 W System.err: [10062][Verbal-Engine] VerbalEngine: onEvent: name->ss.speech.progress, params->447141035
06-06 13:01:26.041 13010 13075 W System.err: [10062][Verbal-Engine] VerbalEngine: onEvent: name->ss.speech.finish, params->447141035
06-06 13:01:26.042 13010 13075 I System.out: [10062][Verbal-Engine] VerbalEngine: Speaking state = stopped
06-06 13:01:26.042 13010 13079 W IVerbalManager: [10062][VerbalStateChangeCallback] Verbal.StateChangeListener.onStateChanged(tts.result, Bundle[{data=<voice name="emo-as-HQ">二</voice>}]);
06-06 13:01:26.042 13010 13079 I IVerbalManager: [10062][VerbalStateChangeCallback] TEXT IS....<voice name="emo-as-HQ">二</voice>
06-06 13:01:26.043 13010 13079 I IServicesManager: [10062][VerbalStateChangeCallback] isCallbackLive: true
06-06 13:01:26.044 13010 13079 W IVerbalManager: [10062][VerbalStateChangeCallback] Verbal.StateChangeListener.onStateChanged(tts.over, null);
06-06 13:01:26.045 13010 13079 I IVerbalManager: [10062][VerbalStateChangeCallback] TTS Over!
06-06 13:01:26.862 13010 13075 W System.err: [10062][Verbal-Engine] VerbalEngine: ShutUp
06-06 13:01:26.867 13010 13021 I IVerbalManager: [10062][Binder_1] speaker = [0], pitch = [5], speed = [5], volume = [8], wakeupSoundPaths = [null], helloDelegateSoundPaths = [null]
06-06 13:01:26.869 13010 13021 I CindyBlendAdapter: [10062][Binder_1] isChinese(speakText) is ZH
06-06 13:01:26.874 13010 13075 I System.out: [10062][Verbal-Engine] VerbalEngine: Speaking state = stopped
06-06 13:01:26.874 13010 13079 W IVerbalManager: [10062][VerbalStateChangeCallback] Verbal.StateChangeListener.onStateChanged(tts.state, Bundle[{data=<voice name="emo-as-HQ">二</voice>, message=cancel}]);
06-06 13:01:26.875 13010 13079 I IServicesManager: [10062][VerbalStateChangeCallback] isCallbackLive: true
06-06 13:01:26.876 13010 13079 W IVerbalManager: [10062][VerbalStateChangeCallback] Verbal.StateChangeListener.onStateChanged(tts.over, null);
06-06 13:01:26.876 13010 13079 I IVerbalManager: [10062][VerbalStateChangeCallback] TTS Over!
06-06 13:01:26.879 13010 13075 W System.err: [10062][Verbal-Engine] VerbalEngine: setSpeakLanguage with (ZH)
06-06 13:01:26.886 13010 13075 W System.err: [10062][Verbal-Engine] VerbalEngine: setSpeakStyle with (speaker: 0, pitch: 5, speed: 5, volume: 8)
06-06 13:01:26.892 13010 13075 W System.err: [10062][Verbal-Engine] call setSpeakStyle successful
06-06 13:01:26.897 13010 13075 I System.out: [10062][Verbal-Engine] VerbalEngine: Recognizing state is stopped
06-06 13:01:26.898 13010 13075 W System.err: [10062][Verbal-Engine] VerbalEngine: Speak text is <voice name="emo-as-HQ">一</voice>
06-06 13:01:26.900 13010 13075 I System.out: [10062][Verbal-Engine] VerbalEngine: Speaking state = starting
06-06 13:01:26.904 13010 13075 W System.err: [10062][Verbal-Engine] VerbalEngine: onEvent: name->ss.synthesize.start, params->87695391
06-06 13:01:26.911 13010 13075 W System.err: [10062][Verbal-Engine] VerbalEngine: onEvent: name->ss.speech.start, params->87695391
06-06 13:01:26.913 13010 13075 I System.out: [10062][Verbal-Engine] VerbalEngine: Speaking state = started
06-06 13:01:26.914 13010 13079 W IVerbalManager: [10062][VerbalStateChangeCallback] Verbal.StateChangeListener.onStateChanged(tts.ready, Bundle[{data=<voice name="emo-as-HQ">一</voice>}]);
06-06 13:01:26.915 13010 13079 I IServicesManager: [10062][VerbalStateChangeCallback] isCallbackLive: true
06-06 13:01:27.064 13010 13075 W System.err: [10062][Verbal-Engine] VerbalEngine: onEvent: name->ss.synthesize.data, params->87695391
06-06 13:01:27.070 13010 24084 I System.out: [10062][PlayExecutorPoolThread(1)] #onSpeechProgressChanged progress=0
06-06 13:01:27.070 13010 13075 W System.err: [10062][Verbal-Engine] VerbalEngine: onEvent: name->ss.synthesize.data, params->87695391
06-06 13:01:27.071 13010 13075 W System.err: [10062][Verbal-Engine] VerbalEngine: onEvent: name->ss.speech.progress, params->87695391
06-06 13:01:27.078 13010 13075 W System.err: [10062][Verbal-Engine] VerbalEngine: onEvent: name->ss.synthesize.data, params->87695391
06-06 13:01:27.078 13010 24084 I System.out: [10062][PlayExecutorPoolThread(1)] #onSpeechProgressChanged progress=0
06-06 13:01:27.081 13010 13075 W System.err: [10062][Verbal-Engine] VerbalEngine: onEvent: name->ss.synthesize.data, params->87695391
06-06 13:01:27.083 13010 13075 W System.err: [10062][Verbal-Engine] VerbalEngine: onEvent: name->ss.speech.progress, params->87695391
06-06 13:01:27.084 13010 13075 W System.err: [10062][Verbal-Engine] VerbalEngine: onEvent: name->ss.synthesize.data, params->87695391
06-06 13:01:27.085 13010 13075 W System.err: [10062][Verbal-Engine] VerbalEngine: onEvent: name->ss.synthesize.finish, params->87695391
06-06 13:01:27.143 13010 24084 I System.out: [10062][PlayExecutorPoolThread(1)] #onSpeechProgressChanged progress=1
06-06 13:01:27.144 13010 13075 W System.err: [10062][Verbal-Engine] VerbalEngine: onEvent: name->ss.speech.progress, params->87695391
06-06 13:01:27.144 13010 13075 W System.err: [10062][Verbal-Engine] VerbalEngine: onEvent: name->ss.speech.finish, params->87695391
06-06 13:01:27.144 13010 13075 I System.out: [10062][Verbal-Engine] VerbalEngine: Speaking state = stopped
06-06 13:01:27.145 13010 13079 W IVerbalManager: [10062][VerbalStateChangeCallback] Verbal.StateChangeListener.onStateChanged(tts.result, Bundle[{data=<voice name="emo-as-HQ">一</voice>}]);
06-06 13:01:27.145 13010 13079 I IVerbalManager: [10062][VerbalStateChangeCallback] TEXT IS....<voice name="emo-as-HQ">一</voice>
06-06 13:01:27.146 13010 13079 I IServicesManager: [10062][VerbalStateChangeCallback] isCallbackLive: true
06-06 13:01:27.147 13010 13079 W IVerbalManager: [10062][VerbalStateChangeCallback] Verbal.StateChangeListener.onStateChanged(tts.over, null);
06-06 13:01:27.147 13010 13079 I IVerbalManager: [10062][VerbalStateChangeCallback] TTS Over!
06-06 13:01:27.861 13010 13075 W System.err: [10062][Verbal-Engine] VerbalEngine: ShutUp
06-06 13:01:27.866 13010 13075 I System.out: [10062][Verbal-Engine] VerbalEngine: Speaking state = stopped
06-06 13:01:27.867 13010 13079 W IVerbalManager: [10062][VerbalStateChangeCallback] Verbal.StateChangeListener.onStateChanged(tts.state, Bundle[{data=<voice name="emo-as-HQ">一</voice>, message=cancel}]);
06-06 13:01:27.868 13010 13079 I IServicesManager: [10062][VerbalStateChangeCallback] isCallbackLive: true
06-06 13:01:27.869 13010 13079 W IVerbalManager: [10062][VerbalStateChangeCallback] Verbal.StateChangeListener.onStateChanged(tts.over, null);
06-06 13:01:27.869 13010 13079 I IVerbalManager: [10062][VerbalStateChangeCallback] TTS Over!
06-06 13:01:27.871 13010 13075 W System.err: [10062][Verbal-Engine] VerbalEngine: setSpeakLanguage with (ZH)
06-06 13:01:27.871 13010 13088 I IVerbalManager: [10062][Binder_3] speaker = [0], pitch = [5], speed = [5], volume = [8], wakeupSoundPaths = [null], helloDelegateSoundPaths = [null]
06-06 13:01:27.872 13010 13088 I CindyBlendAdapter: [10062][Binder_3] isChinese(speakText) is ZH
06-06 13:01:27.872 13010 13075 W System.err: [10062][Verbal-Engine] VerbalEngine: setSpeakStyle with (speaker: 0, pitch: 5, speed: 5, volume: 8)
06-06 13:01:27.874 13010 13075 W System.err: [10062][Verbal-Engine] call setSpeakStyle successful
06-06 13:01:27.883 13010 13075 I System.out: [10062][Verbal-Engine] VerbalEngine: Recognizing state is stopped
06-06 13:01:27.883 13010 13075 W System.err: [10062][Verbal-Engine] VerbalEngine: Speak text is <voice name="emo-as-HQ">小度很开心，又和大家拍了美美的合照</voice>
06-06 13:01:27.886 13010 13075 I System.out: [10062][Verbal-Engine] VerbalEngine: Speaking state = starting
06-06 13:01:27.890 13010 13075 W System.err: [10062][Verbal-Engine] VerbalEngine: onEvent: name->ss.synthesize.start, params->-1197318690
06-06 13:01:27.891 13010 13075 W System.err: [10062][Verbal-Engine] VerbalEngine: onEvent: name->ss.speech.start, params->-1197318690
06-06 13:01:27.894 13010 13075 I System.out: [10062][Verbal-Engine] VerbalEngine: Speaking state = started
06-06 13:01:27.895 13010 13079 W IVerbalManager: [10062][VerbalStateChangeCallback] Verbal.StateChangeListener.onStateChanged(tts.ready, Bundle[{data=<voice name="emo-as-HQ">小度很开心，又和大家拍了美美的合照</voice>}]);
06-06 13:01:27.896 13010 13079 I IServicesManager: [10062][VerbalStateChangeCallback] isCallbackLive: true
06-06 13:01:28.089 13010 13075 W System.err: [10062][Verbal-Engine] VerbalEngine: onEvent: name->ss.synthesize.data, params->-1197318690
06-06 13:01:28.096 13010 13075 W System.err: [10062][Verbal-Engine] VerbalEngine: onEvent: name->ss.synthesize.data, params->-1197318690
06-06 13:01:28.097 13010 24106 I System.out: [10062][PlayExecutorPoolThread(1)] #onSpeechProgressChanged progress=0
06-06 13:01:28.099 13010 13075 W System.err: [10062][Verbal-Engine] VerbalEngine: onEvent: name->ss.speech.progress, params->-1197318690
06-06 13:01:28.108 13010 13075 W System.err: [10062][Verbal-Engine] VerbalEngine: onEvent: name->ss.synthesize.data, params->-1197318690
06-06 13:01:28.113 13010 13075 W System.err: [10062][Verbal-Engine] VerbalEngine: onEvent: name->ss.synthesize.data, params->-1197318690
06-06 13:01:28.114 13010 24106 I System.out: [10062][PlayExecutorPoolThread(1)] #onSpeechProgressChanged progress=1
06-06 13:01:28.115 13010 13075 W System.err: [10062][Verbal-Engine] VerbalEngine: onEvent: name->ss.speech.progress, params->-1197318690
06-06 13:01:28.119 13010 13075 W System.err: [10062][Verbal-Engine] VerbalEngine: onEvent: name->ss.synthesize.data, params->-1197318690
06-06 13:01:28.128 13010 13075 W System.err: [10062][Verbal-Engine] VerbalEngine: onEvent: name->ss.synthesize.data, params->-1197318690
06-06 13:01:28.133 13010 13075 W System.err: [10062][Verbal-Engine] VerbalEngine: onEvent: name->ss.synthesize.data, params->-1197318690
06-06 13:01:28.138 13010 13075 W System.err: [10062][Verbal-Engine] VerbalEngine: onEvent: name->ss.synthesize.data, params->-1197318690
06-06 13:01:28.142 13010 13075 W System.err: [10062][Verbal-Engine] VerbalEngine: onEvent: name->ss.synthesize.data, params->-1197318690
06-06 13:01:28.148 13010 13075 W System.err: [10062][Verbal-Engine] VerbalEngine: onEvent: name->ss.synthesize.data, params->-1197318690
06-06 13:01:28.151 13010 13075 W System.err: [10062][Verbal-Engine] VerbalEngine: onEvent: name->ss.synthesize.data, params->-1197318690
06-06 13:01:28.156 13010 13075 W System.err: [10062][Verbal-Engine] VerbalEngine: onEvent: name->ss.synthesize.data, params->-1197318690
06-06 13:01:28.160 13010 13075 W System.err: [10062][Verbal-Engine] VerbalEngine: onEvent: name->ss.synthesize.data, params->-1197318690
06-06 13:01:28.165 13010 13075 W System.err: [10062][Verbal-Engine] VerbalEngine: onEvent: name->ss.synthesize.data, params->-1197318690
06-06 13:01:28.173 13010 13075 W System.err: [10062][Verbal-Engine] VerbalEngine: onEvent: name->ss.synthesize.data, params->-1197318690
06-06 13:01:28.174 13010 13075 W System.err: [10062][Verbal-Engine] VerbalEngine: onEvent: name->ss.synthesize.data, params->-1197318690
06-06 13:01:28.248 13010 13075 W System.err: [10062][Verbal-Engine] VerbalEngine: onEvent: name->ss.synthesize.data, params->-1197318690
06-06 13:01:28.287 13010 13075 W System.err: [10062][Verbal-Engine] VerbalEngine: onEvent: name->ss.synthesize.data, params->-1197318690
06-06 13:01:28.289 13010 24106 I System.out: [10062][PlayExecutorPoolThread(1)] #onSpeechProgressChanged progress=2
06-06 13:01:28.290 13010 13075 W System.err: [10062][Verbal-Engine] VerbalEngine: onEvent: name->ss.speech.progress, params->-1197318690
06-06 13:01:28.292 13010 13075 W System.err: [10062][Verbal-Engine] VerbalEngine: onEvent: name->ss.synthesize.data, params->-1197318690
06-06 13:01:28.298 13010 13075 W System.err: [10062][Verbal-Engine] VerbalEngine: onEvent: name->ss.synthesize.data, params->-1197318690
06-06 13:01:28.305 13010 13075 W System.err: [10062][Verbal-Engine] VerbalEngine: onEvent: name->ss.synthesize.data, params->-1197318690
06-06 13:01:28.309 13010 13075 W System.err: [10062][Verbal-Engine] VerbalEngine: onEvent: name->ss.synthesize.data, params->-1197318690
06-06 13:01:28.315 13010 13075 W System.err: [10062][Verbal-Engine] VerbalEngine: onEvent: name->ss.synthesize.data, params->-1197318690
06-06 13:01:28.320 13010 13075 W System.err: [10062][Verbal-Engine] VerbalEngine: onEvent: name->ss.synthesize.data, params->-1197318690
06-06 13:01:28.324 13010 13075 W System.err: [10062][Verbal-Engine] VerbalEngine: onEvent: name->ss.synthesize.data, params->-1197318690
06-06 13:01:28.327 13010 13075 W System.err: [10062][Verbal-Engine] VerbalEngine: onEvent: name->ss.synthesize.data, params->-1197318690
06-06 13:01:28.332 13010 13075 W System.err: [10062][Verbal-Engine] VerbalEngine: onEvent: name->ss.synthesize.data, params->-1197318690
06-06 13:01:28.334 13010 13075 W System.err: [10062][Verbal-Engine] VerbalEngine: onEvent: name->ss.synthesize.data, params->-1197318690
06-06 13:01:28.337 13010 13075 W System.err: [10062][Verbal-Engine] VerbalEngine: onEvent: name->ss.synthesize.data, params->-1197318690
06-06 13:01:28.340 13010 13075 W System.err: [10062][Verbal-Engine] VerbalEngine: onEvent: name->ss.synthesize.data, params->-1197318690
06-06 13:01:28.343 13010 13075 W System.err: [10062][Verbal-Engine] VerbalEngine: onEvent: name->ss.synthesize.data, params->-1197318690
06-06 13:01:28.347 13010 13075 W System.err: [10062][Verbal-Engine] VerbalEngine: onEvent: name->ss.synthesize.data, params->-1197318690
06-06 13:01:28.351 13010 13075 W System.err: [10062][Verbal-Engine] VerbalEngine: onEvent: name->ss.synthesize.data, params->-1197318690
06-06 13:01:28.354 13010 13075 W System.err: [10062][Verbal-Engine] VerbalEngine: onEvent: name->ss.synthesize.data, params->-1197318690
06-06 13:01:28.358 13010 13075 W System.err: [10062][Verbal-Engine] VerbalEngine: onEvent: name->ss.synthesize.data, params->-1197318690
06-06 13:01:28.361 13010 13075 W System.err: [10062][Verbal-Engine] VerbalEngine: onEvent: name->ss.synthesize.data, params->-1197318690
06-06 13:01:28.365 13010 13075 W System.err: [10062][Verbal-Engine] VerbalEngine: onEvent: name->ss.synthesize.data, params->-1197318690
06-06 13:01:28.368 13010 13075 W System.err: [10062][Verbal-Engine] VerbalEngine: onEvent: name->ss.synthesize.data, params->-1197318690
06-06 13:01:28.371 13010 13075 W System.err: [10062][Verbal-Engine] VerbalEngine: onEvent: name->ss.synthesize.data, params->-1197318690
06-06 13:01:28.371 13010 13075 W System.err: [10062][Verbal-Engine] VerbalEngine: onEvent: name->ss.synthesize.finish, params->-1197318690
06-06 13:01:28.536 13010 24106 I System.out: [10062][PlayExecutorPoolThread(1)] #onSpeechProgressChanged progress=3
06-06 13:01:28.537 13010 13075 W System.err: [10062][Verbal-Engine] VerbalEngine: onEvent: name->ss.speech.progress, params->-1197318690
06-06 13:01:28.723 13010 24106 I System.out: [10062][PlayExecutorPoolThread(1)] #onSpeechProgressChanged progress=3
06-06 13:01:28.724 13010 13075 W System.err: [10062][Verbal-Engine] VerbalEngine: onEvent: name->ss.speech.progress, params->-1197318690
06-06 13:01:28.908 13010 24106 I System.out: [10062][PlayExecutorPoolThread(1)] #onSpeechProgressChanged progress=4
06-06 13:01:28.909 13010 13075 W System.err: [10062][Verbal-Engine] VerbalEngine: onEvent: name->ss.speech.progress, params->-1197318690
06-06 13:01:29.094 13010 24106 I System.out: [10062][PlayExecutorPoolThread(1)] #onSpeechProgressChanged progress=5
06-06 13:01:29.095 13010 13075 W System.err: [10062][Verbal-Engine] VerbalEngine: onEvent: name->ss.speech.progress, params->-1197318690
06-06 13:01:29.280 13010 24106 I System.out: [10062][PlayExecutorPoolThread(1)] #onSpeechProgressChanged progress=6
06-06 13:01:29.281 13010 13075 W System.err: [10062][Verbal-Engine] VerbalEngine: onEvent: name->ss.speech.progress, params->-1197318690
06-06 13:01:29.465 13010 24106 I System.out: [10062][PlayExecutorPoolThread(1)] #onSpeechProgressChanged progress=7
06-06 13:01:29.466 13010 13075 W System.err: [10062][Verbal-Engine] VerbalEngine: onEvent: name->ss.speech.progress, params->-1197318690
06-06 13:01:29.651 13010 24106 I System.out: [10062][PlayExecutorPoolThread(1)] #onSpeechProgressChanged progress=8
06-06 13:01:29.652 13010 13075 W System.err: [10062][Verbal-Engine] VerbalEngine: onEvent: name->ss.speech.progress, params->-1197318690
06-06 13:01:29.929 13010 24106 I System.out: [10062][PlayExecutorPoolThread(1)] #onSpeechProgressChanged progress=9
06-06 13:01:29.932 13010 13075 W System.err: [10062][Verbal-Engine] VerbalEngine: onEvent: name->ss.speech.progress, params->-1197318690
06-06 13:01:30.115 13010 24106 I System.out: [10062][PlayExecutorPoolThread(1)] #onSpeechProgressChanged progress=10
06-06 13:01:30.116 13010 13075 W System.err: [10062][Verbal-Engine] VerbalEngine: onEvent: name->ss.speech.progress, params->-1197318690
06-06 13:01:30.301 13010 24106 I System.out: [10062][PlayExecutorPoolThread(1)] #onSpeechProgressChanged progress=11
