06-06 12:59:27.579 13010 13079 W IVerbalManager: [10062][VerbalStateChangeCallback] Verbal.StateChangeListener.onStateChanged(tts.over, null);
06-06 12:59:27.580 13010 13079 I IVerbalManager: [10062][VerbalStateChangeCallback] TTS Over!
06-06 12:59:28.585 13010 13075 W System.err: [10062][Verbal-Engine] VerbalEngine: ShutUp
06-06 12:59:28.591 13010 13075 I System.out: [10062][Verbal-Engine] VerbalEngine: Speaking state = stopped
06-06 12:59:28.591 13010 13021 I IVerbalManager: [10062][Binder_1] speaker = [0], pitch = [5], speed = [5], volume = [8], wakeupSoundPaths = [null], helloDelegateSoundPaths = [null]
06-06 12:59:28.592 13010 13021 I CindyBlendAdapter: [10062][Binder_1] isChinese(speakText) is ZH
06-06 12:59:28.594 13010 13079 W IVerbalManager: [10062][VerbalStateChangeCallback] Verbal.StateChangeListener.onStateChanged(tts.state, Bundle[{data=<voice name="emo-as-HQ">当然可以，请走到我的身边，我们一起拍照吧。我准备好了，请在5秒内拍照喔。</voice>, message=cancel}]);
06-06 12:59:28.594 13010 13075 W System.err: [10062][Verbal-Engine] VerbalEngine: setSpeakLanguage with (ZH)
06-06 12:59:28.595 13010 13079 I IServicesManager: [10062][VerbalStateChangeCallback] isCallbackLive: true
06-06 12:59:28.596 13010 13075 W System.err: [10062][Verbal-Engine] VerbalEngine: setSpeakStyle with (speaker: 0, pitch: 5, speed: 5, volume: 8)
06-06 12:59:28.597 13010 13079 W IVerbalManager: [10062][VerbalStateChangeCallback] Verbal.StateChangeListener.onStateChanged(tts.over, null);
06-06 12:59:28.598 13010 13075 W System.err: [10062][Verbal-Engine] call setSpeakStyle successful
06-06 12:59:28.600 13010 13079 I IVerbalManager: [10062][VerbalStateChangeCallback] TTS Over!
06-06 12:59:28.603 13010 13075 I System.out: [10062][Verbal-Engine] VerbalEngine: Recognizing state is stopped
06-06 12:59:28.604 13010 13075 W System.err: [10062][Verbal-Engine] VerbalEngine: Speak text is <voice name="emo-as-HQ">五</voice>
06-06 12:59:28.608 13010 13075 I System.out: [10062][Verbal-Engine] VerbalEngine: Speaking state = starting
06-06 12:59:28.652 13010 13075 W System.err: [10062][Verbal-Engine] VerbalEngine: onEvent: name->ss.synthesize.start, params->-1127592781
06-06 12:59:28.654 13010 13088 I CindyBlendAdapter: [10062][Binder_3] sMode: none sLanguage: zh
06-06 12:59:28.656 13010 13075 W System.err: [10062][Verbal-Engine] VerbalEngine: onEvent: name->ss.speech.start, params->-1127592781
06-06 12:59:28.656 13010 13075 I System.out: [10062][Verbal-Engine] VerbalEngine: Speaking state = started
06-06 12:59:28.657 13010 13079 W IVerbalManager: [10062][VerbalStateChangeCallback] Verbal.StateChangeListener.onStateChanged(tts.ready, Bundle[{data=<voice name="emo-as-HQ">五</voice>}]);
06-06 12:59:28.658 13010 13079 I IServicesManager: [10062][VerbalStateChangeCallback] isCallbackLive: true
06-06 12:59:28.668 13010 13088 I InteractSession: [10062][Binder_3] session open
06-06 12:59:28.669 13010 13088 I Tracker: [10062][Binder_3] onSessionStateChanged not intercept this session
06-06 12:59:28.669 13010 13088 I InteractSession: [10062][Binder_3] session open
06-06 12:59:28.670 13010 13088 I Tracker: [10062][Binder_3] onSessionStateChanged not intercept this session
06-06 12:59:28.671 13010 13088 E MediaPlayerUtils: [10062][Binder_3] currentvolume ...15
06-06 12:59:28.671 13010 13088 E HelloDelegate: [10062][Binder_3] task is null?==null...task type MediaTask?..==false..task type BDMusicTask?==false..task type ttstask?==falsebackground type==false
06-06 12:59:28.675 13010 13088 W DuRobotAccountManager: [10062][Binder_3] [ "cindy" ] before sign, the string is suid2275BCF18EF44103A8B93A6BC4522A3Csalt1753439894timestamp1496725168673EFKKDUfdkaD982~!jK
06-06 12:59:28.677 13010 13088 I HelloDelegate: [10062][Binder_3] >>!>>!>!>! YES intercept
06-06 12:59:28.679 13010 13088 I IServicesManager: [10062][Binder_3] isCallbackLive: true
06-06 12:59:28.680 13010 13075 I System.out: [10062][Verbal-Engine] VerbalEngine: Speaking state is started
06-06 12:59:28.681 13010 13075 W System.err: [10062][Verbal-Engine] VerbalEngine: ShutUp
06-06 12:59:28.684 13010 19522 I HttpLoggingInterceptor: [10062][OkHttp http://robokit.baidu.com/...] --> POST http://robokit.baidu.com/durobot/v2/robotagent http/1.1
06-06 12:59:28.685 13010 19522 I HttpLoggingInterceptor: [10062][OkHttp http://robokit.baidu.com/...] Content-Type: application/x-www-form-urlencoded
06-06 12:59:28.687 13010 19522 I HttpLoggingInterceptor: [10062][OkHttp http://robokit.baidu.com/...] Content-Length: 394
06-06 12:59:28.687 13010 19522 I HttpLoggingInterceptor: [10062][OkHttp http://robokit.baidu.com/...] Host: robokit.baidu.com
06-06 12:59:28.688 13010 13075 I System.out: [10062][Verbal-Engine] VerbalEngine: Speaking state = stopped
06-06 12:59:28.688 13010 13079 W IVerbalManager: [10062][VerbalStateChangeCallback] Verbal.StateChangeListener.onStateChanged(tts.state, Bundle[{data=<voice name="emo-as-HQ">五</voice>, message=cancel}]);
06-06 12:59:28.689 13010 19522 I HttpLoggingInterceptor: [10062][OkHttp http://robokit.baidu.com/...] Connection: Keep-Alive
06-06 12:59:28.689 13010 13079 I IServicesManager: [10062][VerbalStateChangeCallback] isCallbackLive: true
06-06 12:59:28.690 13010 13075 W VerbalEngine: [10062][Verbal-Engine] BDVerbalEngine.startRecognize -- Baidu
06-06 12:59:28.690 13010 13079 W IVerbalManager: [10062][VerbalStateChangeCallback] Verbal.StateChangeListener.onStateChanged(tts.over, null);
06-06 12:59:28.690 13010 13075 I System.out: [10062][Verbal-Engine] VerbalEngine: Recognizing state is stopped
06-06 12:59:28.690 13010 13079 I IVerbalManager: [10062][VerbalStateChangeCallback] TTS Over!
06-06 12:59:28.690 13010 13075 I System.out: [10062][Verbal-Engine] VerbalEngine: Recognizing state = starting
06-06 12:59:28.691 13010 19522 I HttpLoggingInterceptor: [10062][OkHttp http://robokit.baidu.com/...] Accept-Encoding: gzip
06-06 12:59:28.691 13010 19522 I HttpLoggingInterceptor: [10062][OkHttp http://robokit.baidu.com/...] User-Agent: robokit
06-06 12:59:28.692 13010 19522 I HttpLoggingInterceptor: [10062][OkHttp http://robokit.baidu.com/...] 
06-06 12:59:28.692 13010 19522 I HttpLoggingInterceptor: [10062][OkHttp http://robokit.baidu.com/...] req=experience&robot_token=003VYYSmUy30%2Fp7rDpxC0OCW4dWDFa%2FSK0wS%2F8yBrrhIKuSxGoKLBGVyVb%2FCOel9hiNxH%2BY401PgDiy1PAfmJtQ3IDR3FVTWLiKrImwiMUdhANE2pX7Ow0IVdRg8joG9ojm78cfKNuiMRD89GAjSujPyBp1fK5urNQ4V7U72ynaYw%3D&exp_type=4000&primary_data=%7B%22timestamp%22%3A1496725168671%7D&suid=2275BCF18EF44103A8B93A6BC4522A3C&timestamp=1496725168673&salt=1753439894&sign=06d441bc4c615c5c2e534959cc7bc5ff
06-06 12:59:28.693 13010 19522 I HttpLoggingInterceptor: [10062][OkHttp http://robokit.baidu.com/...] --> END POST (394-byte body)
06-06 12:59:28.707 13010 13075 I PlayMixer: [10062][Verbal-Engine] dump tasks:[黄色给人轻快，充满希望和活力的感觉]
06-06 12:59:28.707 13010 13075 I PlayMixer: [10062][Verbal-Engine] getCurrentLocation(default=-1): 1
06-06 12:59:28.713 13010 13075 W System.err: [10062][Verbal-Engine] VerbalEngine: Recognizer.start with: {"infile":"#com.baidu.durobot.services.verbal.internal.BDVerbalEngine.createRecognizeAudioSource()","vad.endpoint-timeout":15000,"decoder-server.cok":"{\"BAIDULOC\":\"1.2947429343358E7_4846382.621252_92.84871673583984_131_1496752175000\"}","appid":"9254469","pid":"1591","need-callback-speech":true,"decoder-server.auth":true,"url":"http:\/\/vse.baidu.com\/v2","apikey":"2SKFovQktSZPGwqINLUo7S7F","server-vad":false,"decoder-server.pam":"{\"client_ip\":\"61.135.169.91\",\"product\":\"prrobot\",\"loc\":\"{\\\"city\\\":\\\"北京市\\\"}\",\"lang\":\"zh\",\"mode\":\"none\",\"uuid\":\"1569070058244288\",\"current_location\":\"1\"}","dec-type":1,"enable-early-return":false,"decoder-server.ptc":305,"decoder-server.key":"com.baidu.durobot.launcher","secret":"a3b39b6b4bb8cafbdb62894fb0e3a0a1","vad":"model-vad","decoder":0,"auth":true,"nlu":"enable","sample":16000,"decoder-server-fun.disable-punctuation":true}
06-06 12:59:28.732 13010 21016 W System.err: [10062][Thread-16090] AudioProviderMonoRecognizeSource id: com.baidu.durobot.services.verbal.internal.AudioProviderMonoRecognizeSource@419fe260
06-06 12:59:28.733 13010 19522 I HttpLoggingInterceptor: [10062][OkHttp http://robokit.baidu.com/...] <-- 200 OK http://robokit.baidu.com/durobot/v2/robotagent (39ms)
06-06 12:59:28.734 13010 19522 I HttpLoggingInterceptor: [10062][OkHttp http://robokit.baidu.com/...] Content-Type: application/json
06-06 12:59:28.734 13010 19522 I HttpLoggingInterceptor: [10062][OkHttp http://robokit.baidu.com/...] Date: Tue, 06 Jun 2017 04:59:28 GMT
06-06 12:59:28.734 13010 19522 I HttpLoggingInterceptor: [10062][OkHttp http://robokit.baidu.com/...] P3p: CP=" OTI DSP COR IVA OUR IND COM "
06-06 12:59:28.734 13010 19522 I HttpLoggingInterceptor: [10062][OkHttp http://robokit.baidu.com/...] P3p: CP=" OTI DSP COR IVA OUR IND COM "
06-06 12:59:28.735 13010 19522 I HttpLoggingInterceptor: [10062][OkHttp http://robokit.baidu.com/...] Server: Apache
06-06 12:59:28.735 13010 19522 I HttpLoggingInterceptor: [10062][OkHttp http://robokit.baidu.com/...] Set-Cookie: BAIDUID=95A6BC82FD09DFFEAFE3E3E24399F5B9:FG=1; expires=Wed, 06-Jun-18 04:59:28 GMT; max-age=31536000; path=/; domain=.baidu.com; version=1
06-06 12:59:28.735 13010 19522 I HttpLoggingInterceptor: [10062][OkHttp http://robokit.baidu.com/...] Set-Cookie: BAIDUID=61A32AFE3697E814966C852A27B10A01:FG=1; expires=Wed, 06-Jun-18 04:59:28 GMT; max-age=31536000; path=/; domain=.baidu.com; version=1
06-06 12:59:28.736 13010 19522 I HttpLoggingInterceptor: [10062][OkHttp http://robokit.baidu.com/...] Tracecode: 35686801720557748234060612
06-06 12:59:28.736 13010 19522 I HttpLoggingInterceptor: [10062][OkHttp http://robokit.baidu.com/...] Tracecode: 35686676940464883722060612
06-06 12:59:28.736 13010 19522 I HttpLoggingInterceptor: [10062][OkHttp http://robokit.baidu.com/...] Content-Length: 37
06-06 12:59:28.737 13010 21016 W System.err: [10062][Thread-16090] AudioProviderSource: Open audio source.
06-06 12:59:28.738 13010 21016 W System.err: [10062][Thread-16090] AudioRecordThread start
06-06 12:59:28.739 13010 19522 I HttpLoggingInterceptor: [10062][OkHttp http://robokit.baidu.com/...] 
06-06 12:59:28.740 13010 19522 I HttpLoggingInterceptor: [10062][OkHttp http://robokit.baidu.com/...] {"error":0,"errormsg":"\u6210\u529f"}
06-06 12:59:28.740 13010 19522 I HttpLoggingInterceptor: [10062][OkHttp http://robokit.baidu.com/...] <-- END HTTP (37-byte body)
06-06 12:59:28.741 13010 19522 I JsonHttpResponse: [10062][OkHttp http://robokit.baidu.com/...] originJson: {"error":0,"errormsg":"\u6210\u529f"}
06-06 12:59:28.742 13010 19522 I HelloDelegate: [10062][OkHttp http://robokit.baidu.com/...] DuRobotAccountManager.uploadRobotWakeupEvent success!
06-06 12:59:28.742 13010 19522 I DuRobotAccountManager: [10062][OkHttp http://robokit.baidu.com/...] uploadRobotWakeupEvent jsonHttpResponse => {"error":0,"errormsg":"\u6210\u529f"}
06-06 12:59:28.783 13010 13075 W System.err: [10062][Verbal-Engine] VerbalEngine: onEvent: name->asr.ready, params->{}
06-06 12:59:28.783 13010 13075 I System.out: [10062][Verbal-Engine] VerbalEngine: Recognizing state = started
06-06 12:59:28.785 13010 13079 W IVerbalManager: [10062][VerbalStateChangeCallback] Verbal.StateChangeListener.onStateChanged(recognize.ready, null);
06-06 12:59:28.795 13010 13079 I IServicesManager: [10062][VerbalStateChangeCallback] isCallbackLive: true
06-06 12:59:28.886 13010 13075 W System.err: [10062][Verbal-Engine] VerbalEngine: onEvent: name->asr.volume, params->{"volume":3915,"volume-percent":78}
06-06 12:59:28.890 13010 13075 W System.err: [10062][Verbal-Engine] VerbalEngine: onEvent: name->asr.volume, params->{"volume":465,"volume-percent":9}
06-06 12:59:28.895 13010 13075 W System.err: [10062][Verbal-Engine] VerbalEngine: onEvent: name->asr.volume, params->{"volume":951,"volume-percent":19}
06-06 12:59:28.927 13010 13075 W System.err: [10062][Verbal-Engine] VerbalEngine: onEvent: name->asr.volume, params->{"volume":769,"volume-percent":15}
06-06 12:59:28.930 13010 13075 W System.err: [10062][Verbal-Engine] VerbalEngine: onEvent: name->asr.volume, params->{"volume":705,"volume-percent":14}
06-06 12:59:29.349 13010 13075 W System.err: [10062][Verbal-Engine] VerbalEngine: onEvent: name->asr.volume, params->{"volume":668,"volume-percent":13}
06-06 12:59:29.423 13010 13075 W System.err: [10062][Verbal-Engine] VerbalEngine: onEvent: name->asr.volume, params->{"volume":1230,"volume-percent":24}
06-06 12:59:29.426 13010 13075 W System.err: [10062][Verbal-Engine] VerbalEngine: onEvent: name->asr.volume, params->{"volume":3566,"volume-percent":71}
06-06 12:59:29.432 13010 13075 W System.err: [10062][Verbal-Engine] VerbalEngine: onEvent: name->asr.volume, params->{"volume":24202,"volume-percent":100}
06-06 12:59:29.583 13010 13075 W System.err: [10062][Verbal-Engine] VerbalEngine: ShutUp
06-06 12:59:29.584 13010 13075 I System.out: [10062][Verbal-Engine] VerbalEngine: Speaking state = stopped
06-06 12:59:29.585 13010 13079 W IVerbalManager: [10062][VerbalStateChangeCallback] Verbal.StateChangeListener.onStateChanged(tts.state, Bundle[{data=null, message=cancel}]);
06-06 12:59:29.586 13010 13079 I IServicesManager: [10062][VerbalStateChangeCallback] isCallbackLive: true
06-06 12:59:29.586 13010 13079 W IVerbalManager: [10062][VerbalStateChangeCallback] Verbal.StateChangeListener.onStateChanged(tts.over, null);
06-06 12:59:29.586 13010 13079 I IVerbalManager: [10062][VerbalStateChangeCallback] TTS Over!
06-06 12:59:29.589 13010 13075 W System.err: [10062][Verbal-Engine] VerbalEngine: setSpeakLanguage with (ZH)
06-06 12:59:29.589 13010 13088 I IVerbalManager: [10062][Binder_3] speaker = [0], pitch = [5], speed = [5], volume = [8], wakeupSoundPaths = [null], helloDelegateSoundPaths = [null]
06-06 12:59:29.590 13010 13088 I CindyBlendAdapter: [10062][Binder_3] isChinese(speakText) is ZH
06-06 12:59:29.592 13010 13075 W System.err: [10062][Verbal-Engine] VerbalEngine: setSpeakStyle with (speaker: 0, pitch: 5, speed: 5, volume: 8)
06-06 12:59:29.594 13010 13075 W System.err: [10062][Verbal-Engine] call setSpeakStyle successful
06-06 12:59:29.605 13010 13075 I System.out: [10062][Verbal-Engine] VerbalEngine: Recognizing state is started
06-06 12:59:29.606 13010 13075 W System.err: [10062][Verbal-Engine] VerbalEngine: canceled because of recognizing -- <voice name="emo-as-HQ">四</voice>
06-06 12:59:29.607 13010 13079 W IVerbalManager: [10062][VerbalStateChangeCallback] Verbal.StateChangeListener.onStateChanged(tts.state, Bundle[{data=<voice name="emo-as-HQ">四</voice>, message=cancel}]);
06-06 12:59:29.611 13010 13079 I IServicesManager: [10062][VerbalStateChangeCallback] isCallbackLive: true
06-06 12:59:29.811 13010 13075 W System.err: [10062][Verbal-Engine] VerbalEngine: onEvent: name->asr.volume, params->{"volume":13877,"volume-percent":100}
06-06 12:59:29.851 13010 13075 W System.err: [10062][Verbal-Engine] VerbalEngine: onEvent: name->asr.volume, params->{"volume":18106,"volume-percent":100}
06-06 12:59:29.858 13010 13075 W System.err: [10062][Verbal-Engine] VerbalEngine: onEvent: name->asr.volume, params->{"volume":27915,"volume-percent":100}
06-06 12:59:29.863 13010 13075 W System.err: [10062][Verbal-Engine] VerbalEngine: onEvent: name->asr.volume, params->{"volume":22870,"volume-percent":100}
06-06 12:59:29.919 13010 13075 W System.err: [10062][Verbal-Engine] VerbalEngine: onEvent: name->asr.volume, params->{"volume":12884,"volume-percent":100}
06-06 12:59:30.048 13010 13075 W System.err: [10062][Verbal-Engine] VerbalEngine: onEvent: name->asr.sn, params->{"sn":"cuid=a03f383a55fbae475be188afd5e5c661&sn=04af33f0-49b8-4637-8e70-cdc7a74dd69e&nettype=4"}
06-06 12:59:30.049 13010 13075 W System.err: [10062][Verbal-Engine] VerbalEngine: onEvent: name->asr.begin, params->{}
06-06 12:59:30.317 13010 13075 I System.out: [10062][Verbal-Engine] VerbalEngine: Recognizing state is started
06-06 12:59:30.317 13010 13075 I System.out: [10062][Verbal-Engine] VerbalEngine: Recognizing state is started
06-06 12:59:30.317 13010 13075 I System.out: [10062][Verbal-Engine] VerbalEngine: Recognizing state = stopping
06-06 12:59:30.317 13010 13075 W System.err: [10062][Verbal-Engine] VerbalEngine: Recognizer.stop
06-06 12:59:30.323 13010 13075 W System.err: [10062][Verbal-Engine] VerbalEngine: onEvent: name->asr.volume, params->{"volume":7569,"volume-percent":100}
06-06 12:59:30.324 13010 21897 W System.err: [10062][Thread-16091] AudioProviderMonoRecognizeSource: Close audio source.
06-06 12:59:30.379 13010 13075 W System.err: [10062][Verbal-Engine] VerbalEngine: onEvent: name->asr.end, params->{}
06-06 12:59:30.582 13010 13075 W System.err: [10062][Verbal-Engine] VerbalEngine: ShutUp
06-06 12:59:30.583 13010 13075 I System.out: [10062][Verbal-Engine] VerbalEngine: Speaking state = stopped
06-06 12:59:30.583 13010 13079 W IVerbalManager: [10062][VerbalStateChangeCallback] Verbal.StateChangeListener.onStateChanged(tts.state, Bundle[{data=null, message=cancel}]);
06-06 12:59:30.586 13010 13079 I IServicesManager: [10062][VerbalStateChangeCallback] isCallbackLive: true
06-06 12:59:30.586 13010 13021 I IVerbalManager: [10062][Binder_1] speaker = [0], pitch = [5], speed = [5], volume = [8], wakeupSoundPaths = [null], helloDelegateSoundPaths = [null]
06-06 12:59:30.586 13010 13079 W IVerbalManager: [10062][VerbalStateChangeCallback] Verbal.StateChangeListener.onStateChanged(tts.over, null);
06-06 12:59:30.587 13010 13021 I CindyBlendAdapter: [10062][Binder_1] isChinese(speakText) is ZH
06-06 12:59:30.587 13010 13075 W System.err: [10062][Verbal-Engine] VerbalEngine: setSpeakLanguage with (ZH)
06-06 12:59:30.587 13010 13079 I IVerbalManager: [10062][VerbalStateChangeCallback] TTS Over!
06-06 12:59:30.587 13010 13075 W System.err: [10062][Verbal-Engine] VerbalEngine: setSpeakStyle with (speaker: 0, pitch: 5, speed: 5, volume: 8)
06-06 12:59:30.588 13010 13075 W System.err: [10062][Verbal-Engine] call setSpeakStyle successful
06-06 12:59:30.598 13010 13075 I System.out: [10062][Verbal-Engine] VerbalEngine: Recognizing state is stopping
06-06 12:59:30.598 13010 13075 W System.err: [10062][Verbal-Engine] VerbalEngine: canceled because of recognizing -- <voice name="emo-as-HQ">三</voice>
06-06 12:59:30.599 13010 13079 W IVerbalManager: [10062][VerbalStateChangeCallback] Verbal.StateChangeListener.onStateChanged(tts.state, Bundle[{data=<voice name="emo-as-HQ">三</voice>, message=cancel}]);
06-06 12:59:30.601 13010 13079 I IServicesManager: [10062][VerbalStateChangeCallback] isCallbackLive: true
06-06 12:59:30.737 13010 13075 W System.err: [10062][Verbal-Engine] VerbalEngine: onEvent: name->asr.partial, params->{"result_type":"final_result","best_result":"花痴了","results_recognition":["花痴了"],"origin_result":{"result":{"word":["花痴了"]},"sn":"04af33f0-49b8-4637-8e70-cdc7a74dd69e","err_no":0,"corpus_no":6428385648151594492},"error":0}
06-06 12:59:31.433 13010 13075 W System.err: [10062][Verbal-Engine] VerbalEngine: onEvent: name->asr.partial, params->{"result_type":"third_result","origin_result":"","best_result":""}
06-06 12:59:31.435 13010 13075 W System.err: [10062][Verbal-Engine] VerbalEngine: onEvent: name->asr.partial, params->{"result_type":"third_result","origin_result":"","best_result":""}
06-06 12:59:31.439 13010 13075 W System.err: [10062][Verbal-Engine] VerbalEngine: third_result={
  "errno": 0,
  "raw_text": "花痴了",
  "qu": {
    "domain": "command",
    "intent": "intent_make_expression",
    "objects": [
      {
        "key": "expression",
        "value": "花痴",
        "normalized_value": "anthomaniac"
      }
    ]
  },
  "meta": {
    "srcid": "4471",
    "ec_query": "花痴了",
    "current_location": 0,
    "query": "花痴了"
  },
  "result": [
    {
      "type": "tts",
      "value": "你看看小度的花痴脸。",
      "readable": true
    }
  ]
}
06-06 12:59:31.440 13010 13075 W System.err: [10062][Verbal-Engine] VerbalEngine: onEvent: name->asr.finish, params->{"error":0,"origin_result":{"error":"Speech Recognize success.","sn":"cuid=a03f383a55fbae475be188afd5e5c661&sn=04af33f0-49b8-4637-8e70-cdc7a74dd69e&nettype=4","err_no":0},"desc":"Speech Recognize success."}
06-06 12:59:31.440 13010 13075 I System.out: [10062][Verbal-Engine] VerbalEngine: Recognizing state = stopped
06-06 12:59:31.461 13010 13075 W System.err: [10062][Verbal-Engine] VerbalEngine: onEvent: name->asr.exit, params->{}
06-06 12:59:31.461 13010 13079 W IVerbalManager: [10062][VerbalStateChangeCallback] Verbal.StateChangeListener.onStateChanged(recognize.result, Bundle[{data={
  "recognize_result": "花痴了",
  "nlu_result": {
    "errno": 0.0,
    "raw_text": "花痴了",
    "qu": {
      "domain": "command",
      "intent": "intent_make_expression",
      "objects": [
        {
          "key": "expression",
          "value": "花痴",
          "normalized_value": "anthomaniac"
        }
      ]
    },
    "meta": {
      "srcid": "4471",
      "ec_query": "花痴了",
      "current_location": 0.0,
      "query": "花痴了"
    },
    "result": [
      {
        "type": "tts",
        "value": "你看看小度的花痴脸。",
        "readable": true
      }
    ]
  }
}}]);
06-06 12:59:31.461 13010 13075 I System.out: [10062][Verbal-Engine] VerbalEngine: Recognizing state = stopped
06-06 12:59:31.462 13010 13075 I Tracker: [10062][Verbal-Engine] getCurrentRecognizeSourcePcmPath() == null
06-06 12:59:31.462 13010 13288 W PlayMixer: [10062][PlayMixer-Subscribe]  VERBAL_INTERRUPT
06-06 12:59:31.483 13010 13079 I SIDEWEAR: [10062][VerbalStateChangeCallback] {
    "result": [
        {
            "type": "tts",
            "value": "你看看小度的花痴脸。",
            "readable": true
        }
    ],
    "qu": {
        "domain": "command",
        "intent": "intent_make_expression",
        "objects": [
            {
                "value": "花痴",
                "normalized_value": "anthomaniac",
                "key": "expression"
            }
        ]
    },
    "errno": 0,
    "meta": {
        "current_location": 0,
        "ec_query": "花痴了",
        "query": "花痴了",
        "srcid": "4471"
    },
    "raw_text": "花痴了"
}
06-06 12:59:31.484 13010 13079 I ServerMessage: [10062][VerbalStateChangeCallback] JSON result:{"result":[{"value":"你看看小度的花痴脸。","type":"tts","readable":true}],"qu":{"domain":"command","objects":[{"normalized_value":"anthomaniac","value":"花痴","key":"expression"}],"intent":"intent_make_expression"},"errno":0,"meta":{"current_location":0,"ec_query":"花痴了","query":"花痴了","srcid":"4471"},"raw_text":"花痴了"}
06-06 12:59:31.484 13010 13288 I MediaPlayerUtils: [10062][PlayMixer-Subscribe] MediaPlayerUtils =》 stopMediaPlayer
06-06 12:59:31.485 13010 13075 W System.err: [10062][Verbal-Engine] VerbalEngine: ShutUp
06-06 12:59:31.487 13010 13075 I System.out: [10062][Verbal-Engine] VerbalEngine: Speaking state = stopped
06-06 12:59:31.487 13010 13079 I InterventionManager: [10062][VerbalStateChangeCallback] mDatagramSocketServer.send : {
  "args": {
    "error": "",
    "expression_index": 3,
    "lang": "zh",
    "raw_text": "花痴了",
    "result": "你看看小度的花痴脸。",
    "translation": "none"
  },
  "content": "result",
  "type": "recognition"
}
06-06 12:59:31.489 13010 13079 I IChannelManager: [10062][VerbalStateChangeCallback] send datagram packet
06-06 12:59:31.490 13010 13079 I IChannelManager: [10062][VerbalStateChangeCallback] send datagram packet
06-06 12:59:31.491 13010 13079 I MessageHandler: [10062][VerbalStateChangeCallback] TimeUnit==1000..timeValue==30..media_seek_step==30000
06-06 12:59:31.491 13010 13079 I MessageHandler: [10062][VerbalStateChangeCallback] processQuResponse QuResult, domain = command, intent = intent_make_expression
06-06 12:59:31.492 13010 13079 I MessageHandler: [10062][VerbalStateChangeCallback] QU intent=intent_make_expression
06-06 12:59:31.503 13010 13079 I IServicesManager: [10062][VerbalStateChangeCallback] isCallbackLive: true
06-06 12:59:31.504 13010 13079 W IVerbalManager: [10062][VerbalStateChangeCallback] Verbal.StateChangeListener.onStateChanged(recognize.over, null);
06-06 12:59:31.505 13010 13079 I IVerbalManager: [10062][VerbalStateChangeCallback] RECOGNIZE Over!
06-06 12:59:31.505 13010 13079 W IVerbalManager: [10062][VerbalStateChangeCallback] Verbal.StateChangeListener.onStateChanged(tts.state, Bundle[{data=null, message=cancel}]);
06-06 12:59:31.506 13010 13079 I IServicesManager: [10062][VerbalStateChangeCallback] isCallbackLive: true
06-06 12:59:31.507 13010 13079 W IVerbalManager: [10062][VerbalStateChangeCallback] Verbal.StateChangeListener.onStateChanged(tts.over, null);
06-06 12:59:31.509 13010 13079 I IVerbalManager: [10062][VerbalStateChangeCallback] TTS Over!
06-06 12:59:31.526 13010 13075 W System.err: [10062][Verbal-Engine] VerbalEngine: setSpeakLanguage with (ZH)
06-06 12:59:31.527 13010 13021 I IVerbalManager: [10062][Binder_1] speaker = [0], pitch = [5], speed = [5], volume = [8], wakeupSoundPaths = [null], helloDelegateSoundPaths = [null]
06-06 12:59:31.527 13010 13021 I CindyBlendAdapter: [10062][Binder_1] isChinese(speakText) is ZH
06-06 12:59:31.527 13010 13075 W System.err: [10062][Verbal-Engine] VerbalEngine: setSpeakStyle with (speaker: 0, pitch: 5, speed: 5, volume: 8)
06-06 12:59:31.528 13010 13075 W System.err: [10062][Verbal-Engine] call setSpeakStyle successful
06-06 12:59:31.538 13010 13075 W System.err: [10062][Verbal-Engine] VerbalEngine: ShutUp
06-06 12:59:31.540 13010 13075 I System.out: [10062][Verbal-Engine] VerbalEngine: Speaking state = stopped
06-06 12:59:31.541 13010 13075 I System.out: [10062][Verbal-Engine] VerbalEngine: Recognizing state is stopped
06-06 12:59:31.541 13010 13075 W System.err: [10062][Verbal-Engine] VerbalEngine: Speak text is <voice name="emo-as-HQ">你看看小度的花痴脸。</voice>
06-06 12:59:31.541 13010 13079 W IVerbalManager: [10062][VerbalStateChangeCallback] Verbal.StateChangeListener.onStateChanged(tts.state, Bundle[{data=null, message=cancel}]);
06-06 12:59:31.542 13010 13079 I IServicesManager: [10062][VerbalStateChangeCallback] isCallbackLive: true
06-06 12:59:31.543 13010 13079 W IVerbalManager: [10062][VerbalStateChangeCallback] Verbal.StateChangeListener.onStateChanged(tts.over, null);
06-06 12:59:31.543 13010 13079 I IVerbalManager: [10062][VerbalStateChangeCallback] TTS Over!
06-06 12:59:31.545 13010 13075 I System.out: [10062][Verbal-Engine] VerbalEngine: Speaking state = starting
06-06 12:59:31.549 13010 13075 W System.err: [10062][Verbal-Engine] VerbalEngine: onEvent: name->ss.synthesize.start, params->2101199097
06-06 12:59:31.552 13010 13075 W System.err: [10062][Verbal-Engine] VerbalEngine: onEvent: name->ss.speech.start, params->2101199097
06-06 12:59:31.556 13010 13075 I System.out: [10062][Verbal-Engine] VerbalEngine: Speaking state = started
06-06 12:59:31.557 13010 13079 W IVerbalManager: [10062][VerbalStateChangeCallback] Verbal.StateChangeListener.onStateChanged(tts.ready, Bundle[{data=<voice name="emo-as-HQ">你看看小度的花痴脸。</voice>}]);
06-06 12:59:31.561 13010 13079 I IServicesManager: [10062][VerbalStateChangeCallback] isCallbackLive: true
06-06 12:59:31.772 13010 13075 W System.err: [10062][Verbal-Engine] VerbalEngine: onEvent: name->ss.synthesize.data, params->2101199097
06-06 12:59:31.778 13010 13075 W System.err: [10062][Verbal-Engine] VerbalEngine: onEvent: name->ss.synthesize.data, params->2101199097
06-06 12:59:31.779 13010 21950 I System.out: [10062][PlayExecutorPoolThread(1)] #onSpeechProgressChanged progress=0
06-06 12:59:31.779 13010 13075 W System.err: [10062][Verbal-Engine] VerbalEngine: onEvent: name->ss.speech.progress, params->2101199097
06-06 12:59:31.786 13010 13075 W System.err: [10062][Verbal-Engine] VerbalEngine: onEvent: name->ss.synthesize.data, params->2101199097
06-06 12:59:31.794 13010 13075 W System.err: [10062][Verbal-Engine] VerbalEngine: onEvent: name->ss.synthesize.data, params->2101199097
06-06 12:59:31.798 13010 13075 W System.err: [10062][Verbal-Engine] VerbalEngine: onEvent: name->ss.synthesize.data, params->2101199097
06-06 12:59:31.806 13010 13075 W System.err: [10062][Verbal-Engine] VerbalEngine: onEvent: name->ss.synthesize.data, params->2101199097
06-06 12:59:31.809 13010 13075 W System.err: [10062][Verbal-Engine] VerbalEngine: onEvent: name->ss.synthesize.data, params->2101199097
06-06 12:59:31.812 13010 13075 W System.err: [10062][Verbal-Engine] VerbalEngine: onEvent: name->ss.synthesize.data, params->2101199097
06-06 12:59:31.815 13010 13075 W System.err: [10062][Verbal-Engine] VerbalEngine: onEvent: name->ss.synthesize.data, params->2101199097
06-06 12:59:31.819 13010 13075 W System.err: [10062][Verbal-Engine] VerbalEngine: onEvent: name->ss.synthesize.data, params->2101199097
06-06 12:59:31.851 13010 13075 W System.err: [10062][Verbal-Engine] VerbalEngine: onEvent: name->ss.synthesize.data, params->2101199097
06-06 12:59:31.854 13010 13075 W System.err: [10062][Verbal-Engine] VerbalEngine: onEvent: name->ss.synthesize.data, params->2101199097
06-06 12:59:31.857 13010 13075 W System.err: [10062][Verbal-Engine] VerbalEngine: onEvent: name->ss.synthesize.data, params->2101199097
06-06 12:59:31.861 13010 13075 W System.err: [10062][Verbal-Engine] VerbalEngine: onEvent: name->ss.synthesize.data, params->2101199097
06-06 12:59:31.864 13010 13075 W System.err: [10062][Verbal-Engine] VerbalEngine: onEvent: name->ss.synthesize.data, params->2101199097
06-06 12:59:31.867 13010 13075 W System.err: [10062][Verbal-Engine] VerbalEngine: onEvent: name->ss.synthesize.data, params->2101199097
06-06 12:59:31.871 13010 13075 W System.err: [10062][Verbal-Engine] VerbalEngine: onEvent: name->ss.synthesize.data, params->2101199097
06-06 12:59:31.874 13010 13075 W System.err: [10062][Verbal-Engine] VerbalEngine: onEvent: name->ss.synthesize.data, params->2101199097
06-06 12:59:31.877 13010 13075 W System.err: [10062][Verbal-Engine] VerbalEngine: onEvent: name->ss.synthesize.data, params->2101199097
06-06 12:59:31.880 13010 13075 W System.err: [10062][Verbal-Engine] VerbalEngine: onEvent: name->ss.synthesize.data, params->2101199097
06-06 12:59:31.884 13010 13075 W System.err: [10062][Verbal-Engine] VerbalEngine: onEvent: name->ss.synthesize.data, params->2101199097
06-06 12:59:31.887 13010 13075 W System.err: [10062][Verbal-Engine] VerbalEngine: onEvent: name->ss.synthesize.data, params->2101199097
06-06 12:59:31.890 13010 13075 W System.err: [10062][Verbal-Engine] VerbalEngine: onEvent: name->ss.synthesize.data, params->2101199097
06-06 12:59:31.891 13010 13075 W System.err: [10062][Verbal-Engine] VerbalEngine: onEvent: name->ss.synthesize.data, params->2101199097
06-06 12:59:31.892 13010 13075 W System.err: [10062][Verbal-Engine] VerbalEngine: onEvent: name->ss.synthesize.finish, params->2101199097
06-06 12:59:31.933 13010 21950 I System.out: [10062][PlayExecutorPoolThread(1)] #onSpeechProgressChanged progress=1
06-06 12:59:31.934 13010 13075 W System.err: [10062][Verbal-Engine] VerbalEngine: onEvent: name->ss.speech.progress, params->2101199097
06-06 12:59:32.119 13010 21950 I System.out: [10062][PlayExecutorPoolThread(1)] #onSpeechProgressChanged progress=2
06-06 12:59:32.119 13010 13075 W System.err: [10062][Verbal-Engine] VerbalEngine: onEvent: name->ss.speech.progress, params->2101199097
06-06 12:59:32.212 13010 21950 I System.out: [10062][PlayExecutorPoolThread(1)] #onSpeechProgressChanged progress=3
06-06 12:59:32.212 13010 13075 W System.err: [10062][Verbal-Engine] VerbalEngine: onEvent: name->ss.speech.progress, params->2101199097
06-06 12:59:32.397 13010 21950 I System.out: [10062][PlayExecutorPoolThread(1)] #onSpeechProgressChanged progress=4
06-06 12:59:32.398 13010 13075 W System.err: [10062][Verbal-Engine] VerbalEngine: onEvent: name->ss.speech.progress, params->2101199097
06-06 12:59:32.583 13010 21950 I System.out: [10062][PlayExecutorPoolThread(1)] #onSpeechProgressChanged progress=5
06-06 12:59:32.585 13010 13075 W System.err: [10062][Verbal-Engine] VerbalEngine: onEvent: name->ss.speech.progress, params->2101199097
06-06 12:59:32.861 13010 21950 I System.out: [10062][PlayExecutorPoolThread(1)] #onSpeechProgressChanged progress=5
06-06 12:59:32.863 13010 13075 W System.err: [10062][Verbal-Engine] VerbalEngine: onEvent: name->ss.speech.progress, params->2101199097
06-06 12:59:33.047 13010 21950 I System.out: [10062][PlayExecutorPoolThread(1)] #onSpeechProgressChanged progress=6
06-06 12:59:33.048 13010 13075 W System.err: [10062][Verbal-Engine] VerbalEngine: onEvent: name->ss.speech.progress, params->2101199097
06-06 12:59:33.233 13010 21950 I System.out: [10062][PlayExecutorPoolThread(1)] #onSpeechProgressChanged progress=7
06-06 12:59:33.234 13010 13075 W System.err: [10062][Verbal-Engine] VerbalEngine: onEvent: name->ss.speech.progress, params->2101199097
06-06 12:59:33.419 13010 21950 I System.out: [10062][PlayExecutorPoolThread(1)] #onSpeechProgressChanged progress=8
06-06 12:59:33.421 13010 13075 W System.err: [10062][Verbal-Engine] VerbalEngine: onEvent: name->ss.speech.progress, params->2101199097
06-06 12:59:33.604 13010 21950 I System.out: [10062][PlayExecutorPoolThread(1)] #onSpeechProgressChanged progress=9
06-06 12:59:33.605 13010 13075 W System.err: [10062][Verbal-Engine] VerbalEngine: onEvent: name->ss.speech.progress, params->2101199097
06-06 12:59:33.791 13010 21950 I System.out: [10062][PlayExecutorPoolThread(1)] #onSpeechProgressChanged progress=10
06-06 12:59:33.792 13010 13075 W System.err: [10062][Verbal-Engine] VerbalEngine: onEvent: name->ss.speech.progress, params->2101199097
06-06 12:59:33.792 13010 13075 W System.err: [10062][Verbal-Engine] VerbalEngine: onEvent: name->ss.speech.finish, params->2101199097
06-06 12:59:33.793 13010 13075 I System.out: [10062][Verbal-Engine] VerbalEngine: Speaking state = stopped
06-06 12:59:33.794 13010 13079 W IVerbalManager: [10062][VerbalStateChangeCallback] Verbal.StateChangeListener.onStateChanged(tts.result, Bundle[{data=<voice name="emo-as-HQ">你看看小度的花痴脸。</voice>}]);
06-06 12:59:33.794 13010 13079 I IVerbalManager: [10062][VerbalStateChangeCallback] TEXT IS....<voice name="emo-as-HQ">你看看小度的花痴脸。</voice>
06-06 12:59:33.796 13010 13079 I IServicesManager: [10062][VerbalStateChangeCallback] isCallbackLive: true
06-06 12:59:33.797 13010 13079 W IVerbalManager: [10062][VerbalStateChangeCallback] Verbal.StateChangeListener.onStateChanged(tts.over, null);
06-06 12:59:33.798 13010 13079 I IVerbalManager: [10062][VerbalStateChangeCallback] TTS Over!
06-06 12:59:35.546 13010 13250 I HttpLoggingInterceptor: [10062][queryHandler] --> GET http://robokit.baidu.com/durobot/v2/versionupdate?req=check_version&app_name=robokit&branch=new-verbal-sdk&flavor=cindy&version_code=18&device_type=1 http/1.1
06-06 12:59:35.548 13010 13250 I HttpLoggingInterceptor: [10062][queryHandler] Host: robokit.baidu.com
06-06 12:59:35.549 13010 13250 I HttpLoggingInterceptor: [10062][queryHandler] Connection: Keep-Alive
06-06 12:59:35.550 13010 13250 I HttpLoggingInterceptor: [10062][queryHandler] Accept-Encoding: gzip
06-06 12:59:35.550 13010 13250 I HttpLoggingInterceptor: [10062][queryHandler] User-Agent: robokit
06-06 12:59:35.551 13010 13250 I HttpLoggingInterceptor: [10062][queryHandler] --> END GET
06-06 12:59:35.590 13010 13250 I HttpLoggingInterceptor: [10062][queryHandler] <-- 200 OK http://robokit.baidu.com/durobot/v2/versionupdate?req=check_version&app_name=robokit&branch=new-verbal-sdk&flavor=cindy&version_code=18&device_type=1 (37ms)
06-06 12:59:35.592 13010 13250 I HttpLoggingInterceptor: [10062][queryHandler] Content-Type: application/json
06-06 12:59:35.593 13010 13250 I HttpLoggingInterceptor: [10062][queryHandler] Date: Tue, 06 Jun 2017 04:59:35 GMT
06-06 12:59:35.593 13010 13250 I HttpLoggingInterceptor: [10062][queryHandler] P3p: CP=" OTI DSP COR IVA OUR IND COM "
06-06 12:59:35.594 13010 13250 I HttpLoggingInterceptor: [10062][queryHandler] P3p: CP=" OTI DSP COR IVA OUR IND COM "
06-06 12:59:35.595 13010 13250 I HttpLoggingInterceptor: [10062][queryHandler] Server: Apache
06-06 12:59:35.596 13010 13250 I HttpLoggingInterceptor: [10062][queryHandler] Set-Cookie: BAIDUID=2324015178BFAF1F1488D730B3F7DA49:FG=1; expires=Wed, 06-Jun-18 04:59:35 GMT; max-age=31536000; path=/; domain=.baidu.com; version=1
06-06 12:59:35.597 13010 13250 I HttpLoggingInterceptor: [10062][queryHandler] Set-Cookie: BAIDUID=0C3ADB7D142E1B4E1CCA74DD3A75833D:FG=1; expires=Wed, 06-Jun-18 04:59:35 GMT; max-age=31536000; path=/; domain=.baidu.com; version=1
06-06 12:59:35.597 13010 13250 I HttpLoggingInterceptor: [10062][queryHandler] Tracecode: 35755405550557748234060612
06-06 12:59:35.600 13010 13250 I HttpLoggingInterceptor: [10062][queryHandler] Tracecode: 35755156990448106506060612
06-06 12:59:35.600 13010 13250 I HttpLoggingInterceptor: [10062][queryHandler] Content-Length: 58
06-06 12:59:35.601 13010 13250 I HttpLoggingInterceptor: [10062][queryHandler] 
06-06 12:59:35.601 13010 13250 I HttpLoggingInterceptor: [10062][queryHandler] {"error":5801,"errormsg":"\u65e0\u53ef\u7528\u7248\u672c"}
06-06 12:59:35.604 13010 13250 I HttpLoggingInterceptor: [10062][queryHandler] <-- END HTTP (58-byte body)
06-06 12:59:35.608 13010 13250 I DuUpgrade: [10062][queryHandler] hasNewVersionPeeked called!
06-06 12:59:35.608 13010 13250 I DuUpgrade: [10062][queryHandler] version peek request failed, has new version:false
06-06 12:59:38.172 13010 13254 W DuRobotAccountManager: [10062][SimpleTaskExecutor-ScheduledThread-3] [ "cindy" ] before sign, the string is suid2275BCF18EF44103A8B93A6BC4522A3Csalt8490741362timestamp1496725178170EFKKDUfdkaD982~!jK
06-06 12:59:38.179 13010 19522 I HttpLoggingInterceptor: [10062][OkHttp http://robokit.baidu.com/...] --> POST http://robokit.baidu.com/durobot/v2/robotagent http/1.1
06-06 12:59:38.180 13010 19522 I HttpLoggingInterceptor: [10062][OkHttp http://robokit.baidu.com/...] Content-Type: application/x-www-form-urlencoded
06-06 12:59:38.180 13010 19522 I HttpLoggingInterceptor: [10062][OkHttp http://robokit.baidu.com/...] Content-Length: 379
06-06 12:59:38.181 13010 19522 I HttpLoggingInterceptor: [10062][OkHttp http://robokit.baidu.com/...] Host: robokit.baidu.com
06-06 12:59:38.181 13010 19522 I HttpLoggingInterceptor: [10062][OkHttp http://robokit.baidu.com/...] Connection: Keep-Alive
06-06 12:59:38.181 13010 19522 I HttpLoggingInterceptor: [10062][OkHttp http://robokit.baidu.com/...] Accept-Encoding: gzip
06-06 12:59:38.182 13010 19522 I HttpLoggingInterceptor: [10062][OkHttp http://robokit.baidu.com/...] User-Agent: robokit
06-06 12:59:38.183 13010 19522 I HttpLoggingInterceptor: [10062][OkHttp http://robokit.baidu.com/...] 
06-06 12:59:38.184 13010 19522 I HttpLoggingInterceptor: [10062][OkHttp http://robokit.baidu.com/...] req=experience&robot_token=003VYYSmUy30%2Fp7rDpxC0OCW4dWDFa%2FSK0wS%2F8yBrrhIKuSxGoKLBGVyVb%2FCOel9hiNxH%2BY401PgDiy1PAfmJtQ3IDR3FVTWLiKrImwiMUdhANE2pX7Ow0IVdRg8joG9ojm78cfKNuiMRD89GAjSujPyBp1fK5urNQ4V7U72ynaYw%3D&exp_type=4001&primary_data=%7B%22usage%22%3A31%7D&suid=2275BCF18EF44103A8B93A6BC4522A3C&timestamp=1496725178170&salt=8490741362&sign=5f3b026deb31a05b01381d4c93ace136
06-06 12:59:38.185 13010 19522 I HttpLoggingInterceptor: [10062][OkHttp http://robokit.baidu.com/...] --> END POST (379-byte body)
06-06 12:59:38.233 13010 19522 I HttpLoggingInterceptor: [10062][OkHttp http://robokit.baidu.com/...] <-- 200 OK http://robokit.baidu.com/durobot/v2/robotagent (47ms)
06-06 12:59:38.234 13010 19522 I HttpLoggingInterceptor: [10062][OkHttp http://robokit.baidu.com/...] Content-Type: application/json
06-06 12:59:38.234 13010 19522 I HttpLoggingInterceptor: [10062][OkHttp http://robokit.baidu.com/...] Date: Tue, 06 Jun 2017 04:59:38 GMT
06-06 12:59:38.235 13010 19522 I HttpLoggingInterceptor: [10062][OkHttp http://robokit.baidu.com/...] P3p: CP=" OTI DSP COR IVA OUR IND COM "
06-06 12:59:38.235 13010 19522 I HttpLoggingInterceptor: [10062][OkHttp http://robokit.baidu.com/...] P3p: CP=" OTI DSP COR IVA OUR IND COM "
06-06 12:59:38.236 13010 19522 I HttpLoggingInterceptor: [10062][OkHttp http://robokit.baidu.com/...] Server: Apache
06-06 12:59:38.236 13010 19522 I HttpLoggingInterceptor: [10062][OkHttp http://robokit.baidu.com/...] Set-Cookie: BAIDUID=1C96205C033E8C83D61A6610D8AE25DF:FG=1; expires=Wed, 06-Jun-18 04:59:38 GMT; max-age=31536000; path=/; domain=.baidu.com; version=1
06-06 12:59:38.237 13010 19522 I HttpLoggingInterceptor: [10062][OkHttp http://robokit.baidu.com/...] Set-Cookie: BAIDUID=47BA70678B6CB8825BD8CAD13437A4B9:FG=1; expires=Wed, 06-Jun-18 04:59:38 GMT; max-age=31536000; path=/; domain=.baidu.com; version=1
06-06 12:59:38.237 13010 19522 I HttpLoggingInterceptor: [10062][OkHttp http://robokit.baidu.com/...] Tracecode: 35781659270457084938060612
06-06 12:59:38.238 13010 19522 I HttpLoggingInterceptor: [10062][OkHttp http://robokit.baidu.com/...] Tracecode: 35781590540464883722060612
06-06 12:59:38.238 13010 19522 I HttpLoggingInterceptor: [10062][OkHttp http://robokit.baidu.com/...] Content-Length: 37
06-06 12:59:38.239 13010 19522 I HttpLoggingInterceptor: [10062][OkHttp http://robokit.baidu.com/...] 
06-06 12:59:38.239 13010 19522 I HttpLoggingInterceptor: [10062][OkHttp http://robokit.baidu.com/...] {"error":0,"errormsg":"\u6210\u529f"}
06-06 12:59:38.239 13010 19522 I HttpLoggingInterceptor: [10062][OkHttp http://robokit.baidu.com/...] <-- END HTTP (37-byte body)
06-06 12:59:38.241 13010 19522 I JsonHttpResponse: [10062][OkHttp http://robokit.baidu.com/...] originJson: {"error":0,"errormsg":"\u6210\u529f"}
06-06 12:59:38.241 13010 19522 I DuRobotAccountManager: [10062][OkHttp http://robokit.baidu.com/...] uploadRobotUsageEvent jsonHttpResponse => {"error":0,"errormsg":"\u6210\u529f"}
06-06 12:59:39.854 13010 13088 I CindyBlendAdapter: [10062][Binder_3] sMode: none sLanguage: zh
06-06 12:59:39.865 13010 13088 I InteractSession: [10062][Binder_3] session open
06-06 12:59:39.865 13010 13088 I Tracker: [10062][Binder_3] onSessionStateChanged not intercept this session
06-06 12:59:39.865 13010 13088 I InteractSession: [10062][Binder_3] session open
06-06 12:59:39.866 13010 13088 I Tracker: [10062][Binder_3] onSessionStateChanged not intercept this session
06-06 12:59:39.867 13010 13088 E MediaPlayerUtils: [10062][Binder_3] currentvolume ...15
06-06 12:59:39.868 13010 13088 E HelloDelegate: [10062][Binder_3] task is null?==null...task type MediaTask?..==false..task type BDMusicTask?==false..task type ttstask?==falsebackground type==false
06-06 12:59:39.880 13010 13088 W DuRobotAccountManager: [10062][Binder_3] [ "cindy" ] before sign, the string is suid2275BCF18EF44103A8B93A6BC4522A3Csalt0238899559timestamp1496725179870EFKKDUfdkaD982~!jK
06-06 12:59:39.882 13010 13088 I HelloDelegate: [10062][Binder_3] >>!>>!>!>! YES intercept
06-06 12:59:39.884 13010 19522 I HttpLoggingInterceptor: [10062][OkHttp http://robokit.baidu.com/...] --> POST http://robokit.baidu.com/durobot/v2/robotagent http/1.1
06-06 12:59:39.884 13010 13088 I IServicesManager: [10062][Binder_3] isCallbackLive: true
06-06 12:59:39.884 13010 19522 I HttpLoggingInterceptor: [10062][OkHttp http://robokit.baidu.com/...] Content-Type: application/x-www-form-urlencoded
06-06 12:59:39.885 13010 19522 I HttpLoggingInterceptor: [10062][OkHttp http://robokit.baidu.com/...] Content-Length: 394
06-06 12:59:39.885 13010 19522 I HttpLoggingInterceptor: [10062][OkHttp http://robokit.baidu.com/...] Host: robokit.baidu.com
06-06 12:59:39.886 13010 19522 I HttpLoggingInterceptor: [10062][OkHttp http://robokit.baidu.com/...] Connection: Keep-Alive
06-06 12:59:39.887 13010 19522 I HttpLoggingInterceptor: [10062][OkHttp http://robokit.baidu.com/...] Accept-Encoding: gzip
06-06 12:59:39.888 13010 19522 I HttpLoggingInterceptor: [10062][OkHttp http://robokit.baidu.com/...] User-Agent: robokit
06-06 12:59:39.890 13010 13075 I System.out: [10062][Verbal-Engine] VerbalEngine: Speaking state is stopped
06-06 12:59:39.891 13010 19522 I HttpLoggingInterceptor: [10062][OkHttp http://robokit.baidu.com/...] 
06-06 12:59:39.892 13010 19522 I HttpLoggingInterceptor: [10062][OkHttp http://robokit.baidu.com/...] req=experience&robot_token=003VYYSmUy30%2Fp7rDpxC0OCW4dWDFa%2FSK0wS%2F8yBrrhIKuSxGoKLBGVyVb%2FCOel9hiNxH%2BY401PgDiy1PAfmJtQ3IDR3FVTWLiKrImwiMUdhANE2pX7Ow0IVdRg8joG9ojm78cfKNuiMRD89GAjSujPyBp1fK5urNQ4V7U72ynaYw%3D&exp_type=4000&primary_data=%7B%22timestamp%22%3A1496725179868%7D&suid=2275BCF18EF44103A8B93A6BC4522A3C&timestamp=1496725179870&salt=0238899559&sign=72d320da7dfcbb3ba738da6cf085fca0
06-06 12:59:39.892 13010 13075 W VerbalEngine: [10062][Verbal-Engine] BDVerbalEngine.startRecognize -- Baidu
06-06 12:59:39.893 13010 19522 I HttpLoggingInterceptor: [10062][OkHttp http://robokit.baidu.com/...] --> END POST (394-byte body)
06-06 12:59:39.894 13010 13075 I System.out: [10062][Verbal-Engine] VerbalEngine: Recognizing state is stopped
06-06 12:59:39.895 13010 13075 I System.out: [10062][Verbal-Engine] VerbalEngine: Recognizing state = starting
06-06 12:59:39.921 13010 13075 I PlayMixer: [10062][Verbal-Engine] dump tasks:[黄色给人轻快，充满希望和活力的感觉]
06-06 12:59:39.922 13010 13075 I PlayMixer: [10062][Verbal-Engine] getCurrentLocation(default=-1): 1
06-06 12:59:39.930 13010 13075 W System.err: [10062][Verbal-Engine] VerbalEngine: Recognizer.start with: {"infile":"#com.baidu.durobot.services.verbal.internal.BDVerbalEngine.createRecognizeAudioSource()","vad.endpoint-timeout":15000,"decoder-server.cok":"{\"BAIDULOC\":\"1.2947429343358E7_4846382.621252_92.84871673583984_131_1496752175000\"}","appid":"9254469","pid":"1591","need-callback-speech":true,"decoder-server.auth":true,"url":"http:\/\/vse.baidu.com\/v2","apikey":"2SKFovQktSZPGwqINLUo7S7F","server-vad":false,"decoder-server.pam":"{\"client_ip\":\"61.135.169.91\",\"product\":\"prrobot\",\"loc\":\"{\\\"city\\\":\\\"北京市\\\"}\",\"lang\":\"zh\",\"mode\":\"none\",\"uuid\":\"1569070058244288\",\"current_location\":\"1\"}","dec-type":1,"enable-early-return":false,"decoder-server.ptc":305,"decoder-server.key":"com.baidu.durobot.launcher","secret":"a3b39b6b4bb8cafbdb62894fb0e3a0a1","vad":"model-vad","decoder":0,"auth":true,"nlu":"enable","sample":16000,"decoder-server-fun.disable-punctuation":true}
06-06 12:59:39.932 13010 19522 I HttpLoggingInterceptor: [10062][OkHttp http://robokit.baidu.com/...] <-- 200 OK http://robokit.baidu.com/durobot/v2/robotagent (38ms)
06-06 12:59:39.932 13010 19522 I HttpLoggingInterceptor: [10062][OkHttp http://robokit.baidu.com/...] Content-Type: application/json
06-06 12:59:39.933 13010 19522 I HttpLoggingInterceptor: [10062][OkHttp http://robokit.baidu.com/...] Date: Tue, 06 Jun 2017 04:59:39 GMT
06-06 12:59:39.934 13010 19522 I HttpLoggingInterceptor: [10062][OkHttp http://robokit.baidu.com/...] P3p: CP=" OTI DSP COR IVA OUR IND COM "
06-06 12:59:39.934 13010 19522 I HttpLoggingInterceptor: [10062][OkHttp http://robokit.baidu.com/...] P3p: CP=" OTI DSP COR IVA OUR IND COM "
06-06 12:59:39.935 13010 19522 I HttpLoggingInterceptor: [10062][OkHttp http://robokit.baidu.com/...] Server: Apache
06-06 12:59:39.942 13010 19522 I HttpLoggingInterceptor: [10062][OkHttp http://robokit.baidu.com/...] Set-Cookie: BAIDUID=129AA4166A1CF3473F55747AADBE02B7:FG=1; expires=Wed, 06-Jun-18 04:59:39 GMT; max-age=31536000; path=/; domain=.baidu.com; version=1
06-06 12:59:39.943 13010 19522 I HttpLoggingInterceptor: [10062][OkHttp http://robokit.baidu.com/...] Set-Cookie: BAIDUID=63248493282B57CDD0AF7423FB0B1D25:FG=1; expires=Wed, 06-Jun-18 04:59:39 GMT; max-age=31536000; path=/; domain=.baidu.com; version=1
06-06 12:59:39.946 13010 19522 I HttpLoggingInterceptor: [10062][OkHttp http://robokit.baidu.com/...] Tracecode: 35798773940457084938060612
06-06 12:59:39.947 13010 19522 I HttpLoggingInterceptor: [10062][OkHttp http://robokit.baidu.com/...] Tracecode: 35798599480448106506060612
06-06 12:59:39.950 13010 19522 I HttpLoggingInterceptor: [10062][OkHttp http://robokit.baidu.com/...] Content-Length: 37
06-06 12:59:39.952 13010 19522 I HttpLoggingInterceptor: [10062][OkHttp http://robokit.baidu.com/...] 
06-06 12:59:39.952 13010 19522 I HttpLoggingInterceptor: [10062][OkHttp http://robokit.baidu.com/...] {"error":0,"errormsg":"\u6210\u529f"}
06-06 12:59:39.983 13010 19522 I HttpLoggingInterceptor: [10062][OkHttp http://robokit.baidu.com/...] <-- END HTTP (37-byte body)
06-06 12:59:39.984 13010 19522 I JsonHttpResponse: [10062][OkHttp http://robokit.baidu.com/...] originJson: {"error":0,"errormsg":"\u6210\u529f"}
06-06 12:59:39.985 13010 19522 I HelloDelegate: [10062][OkHttp http://robokit.baidu.com/...] DuRobotAccountManager.uploadRobotWakeupEvent success!
06-06 12:59:39.986 13010 19522 I DuRobotAccountManager: [10062][OkHttp http://robokit.baidu.com/...] uploadRobotWakeupEvent jsonHttpResponse => {"error":0,"errormsg":"\u6210\u529f"}
06-06 12:59:39.997 13010 21016 W System.err: [10062][Thread-16204] AudioProviderMonoRecognizeSource id: com.baidu.durobot.services.verbal.internal.AudioProviderMonoRecognizeSource@419fe260
06-06 12:59:39.997 13010 21016 W System.err: [10062][Thread-16204] AudioProviderSource: Open audio source.
06-06 12:59:39.997 13010 21016 W System.err: [10062][Thread-16204] AudioRecordThread start
06-06 12:59:40.061 13010 13075 W System.err: [10062][Verbal-Engine] VerbalEngine: onEvent: name->asr.ready, params->{}
06-06 12:59:40.061 13010 13075 I System.out: [10062][Verbal-Engine] VerbalEngine: Recognizing state = started
06-06 12:59:40.064 13010 13079 W IVerbalManager: [10062][VerbalStateChangeCallback] Verbal.StateChangeListener.onStateChanged(recognize.ready, null);
06-06 12:59:40.093 13010 13079 I IServicesManager: [10062][VerbalStateChangeCallback] isCallbackLive: true
06-06 12:59:40.378 13010 13075 W System.err: [10062][Verbal-Engine] VerbalEngine: onEvent: name->asr.volume, params->{"volume":1074,"volume-percent":21}
06-06 12:59:40.387 13010 13075 W System.err: [10062][Verbal-Engine] VerbalEngine: onEvent: name->asr.volume, params->{"volume":920,"volume-percent":18}
06-06 12:59:40.394 13010 13075 W System.err: [10062][Verbal-Engine] VerbalEngine: onEvent: name->asr.volume, params->{"volume":973,"volume-percent":19}
