06-06 12:59:53.342 13010 13075 W System.err: [10062][Verbal-Engine] VerbalEngine: onEvent: name->ss.synthesize.data, params->801708767
06-06 12:59:53.348 13010 13075 W System.err: [10062][Verbal-Engine] VerbalEngine: onEvent: name->ss.synthesize.data, params->801708767
06-06 12:59:53.352 13010 13075 W System.err: [10062][Verbal-Engine] VerbalEngine: onEvent: name->ss.synthesize.data, params->801708767
06-06 12:59:53.356 13010 13075 W System.err: [10062][Verbal-Engine] VerbalEngine: onEvent: name->ss.synthesize.data, params->801708767
06-06 12:59:53.359 13010 13075 W System.err: [10062][Verbal-Engine] VerbalEngine: onEvent: name->ss.synthesize.data, params->801708767
06-06 12:59:53.362 13010 13075 W System.err: [10062][Verbal-Engine] VerbalEngine: onEvent: name->ss.synthesize.data, params->801708767
06-06 12:59:53.368 13010 13075 W System.err: [10062][Verbal-Engine] VerbalEngine: onEvent: name->ss.synthesize.data, params->801708767
06-06 12:59:53.371 13010 13075 W System.err: [10062][Verbal-Engine] VerbalEngine: onEvent: name->ss.synthesize.data, params->801708767
06-06 12:59:53.374 13010 13075 W System.err: [10062][Verbal-Engine] VerbalEngine: onEvent: name->ss.synthesize.data, params->801708767
06-06 12:59:53.377 13010 13075 W System.err: [10062][Verbal-Engine] VerbalEngine: onEvent: name->ss.synthesize.data, params->801708767
06-06 12:59:53.381 13010 13075 W System.err: [10062][Verbal-Engine] VerbalEngine: onEvent: name->ss.synthesize.data, params->801708767
06-06 12:59:53.386 13010 13075 W System.err: [10062][Verbal-Engine] VerbalEngine: onEvent: name->ss.synthesize.data, params->801708767
06-06 12:59:53.389 13010 13075 W System.err: [10062][Verbal-Engine] VerbalEngine: onEvent: name->ss.synthesize.data, params->801708767
06-06 12:59:53.392 13010 13075 W System.err: [10062][Verbal-Engine] VerbalEngine: onEvent: name->ss.synthesize.data, params->801708767
06-06 12:59:53.395 13010 13075 W System.err: [10062][Verbal-Engine] VerbalEngine: onEvent: name->ss.synthesize.data, params->801708767
06-06 12:59:53.402 13010 13075 W System.err: [10062][Verbal-Engine] VerbalEngine: onEvent: name->ss.synthesize.data, params->801708767
06-06 12:59:53.403 13010 13075 W System.err: [10062][Verbal-Engine] VerbalEngine: onEvent: name->ss.synthesize.data, params->801708767
06-06 12:59:53.406 13010 13075 W System.err: [10062][Verbal-Engine] VerbalEngine: onEvent: name->ss.synthesize.data, params->801708767
06-06 12:59:53.409 13010 13075 W System.err: [10062][Verbal-Engine] VerbalEngine: onEvent: name->ss.synthesize.data, params->801708767
06-06 12:59:53.412 13010 13075 W System.err: [10062][Verbal-Engine] VerbalEngine: onEvent: name->ss.synthesize.data, params->801708767
06-06 12:59:53.418 13010 13075 W System.err: [10062][Verbal-Engine] VerbalEngine: onEvent: name->ss.synthesize.data, params->801708767
06-06 12:59:53.421 13010 13075 W System.err: [10062][Verbal-Engine] VerbalEngine: onEvent: name->ss.synthesize.data, params->801708767
06-06 12:59:53.424 13010 13075 W System.err: [10062][Verbal-Engine] VerbalEngine: onEvent: name->ss.synthesize.data, params->801708767
06-06 12:59:53.428 13010 13075 W System.err: [10062][Verbal-Engine] VerbalEngine: onEvent: name->ss.synthesize.data, params->801708767
06-06 12:59:53.433 13010 13075 W System.err: [10062][Verbal-Engine] VerbalEngine: onEvent: name->ss.synthesize.data, params->801708767
06-06 12:59:53.435 13010 13075 W System.err: [10062][Verbal-Engine] VerbalEngine: onEvent: name->ss.synthesize.data, params->801708767
06-06 12:59:53.436 13010 13075 W System.err: [10062][Verbal-Engine] VerbalEngine: onEvent: name->ss.synthesize.data, params->801708767
06-06 12:59:53.437 13010 13075 W System.err: [10062][Verbal-Engine] VerbalEngine: onEvent: name->ss.synthesize.finish, params->801708767
06-06 12:59:53.519 13010 22309 I System.out: [10062][PlayExecutorPoolThread(1)] #onSpeechProgressChanged progress=3
06-06 12:59:53.520 13010 13075 W System.err: [10062][Verbal-Engine] VerbalEngine: onEvent: name->ss.speech.progress, params->801708767
06-06 12:59:53.706 13010 22309 I System.out: [10062][PlayExecutorPoolThread(1)] #onSpeechProgressChanged progress=4
06-06 12:59:53.707 13010 13075 W System.err: [10062][Verbal-Engine] VerbalEngine: onEvent: name->ss.speech.progress, params->801708767
06-06 12:59:53.891 13010 22309 I System.out: [10062][PlayExecutorPoolThread(1)] #onSpeechProgressChanged progress=5
06-06 12:59:53.892 13010 13075 W System.err: [10062][Verbal-Engine] VerbalEngine: onEvent: name->ss.speech.progress, params->801708767
06-06 12:59:54.078 13010 22309 I System.out: [10062][PlayExecutorPoolThread(1)] #onSpeechProgressChanged progress=6
06-06 12:59:54.080 13010 13075 W System.err: [10062][Verbal-Engine] VerbalEngine: onEvent: name->ss.speech.progress, params->801708767
06-06 12:59:54.356 13010 22309 I System.out: [10062][PlayExecutorPoolThread(1)] #onSpeechProgressChanged progress=7
06-06 12:59:54.360 13010 13075 W System.err: [10062][Verbal-Engine] VerbalEngine: onEvent: name->ss.speech.progress, params->801708767
06-06 12:59:54.542 13010 22309 I System.out: [10062][PlayExecutorPoolThread(1)] #onSpeechProgressChanged progress=8
06-06 12:59:54.542 13010 13075 W System.err: [10062][Verbal-Engine] VerbalEngine: onEvent: name->ss.speech.progress, params->801708767
06-06 12:59:54.636 13010 22309 I System.out: [10062][PlayExecutorPoolThread(1)] #onSpeechProgressChanged progress=9
06-06 12:59:54.637 13010 13075 W System.err: [10062][Verbal-Engine] VerbalEngine: onEvent: name->ss.speech.progress, params->801708767
06-06 12:59:54.913 13010 22309 I System.out: [10062][PlayExecutorPoolThread(1)] #onSpeechProgressChanged progress=10
06-06 12:59:54.915 13010 13075 W System.err: [10062][Verbal-Engine] VerbalEngine: onEvent: name->ss.speech.progress, params->801708767
06-06 12:59:55.099 13010 22309 I System.out: [10062][PlayExecutorPoolThread(1)] #onSpeechProgressChanged progress=10
06-06 12:59:55.100 13010 13075 W System.err: [10062][Verbal-Engine] VerbalEngine: onEvent: name->ss.speech.progress, params->801708767
06-06 12:59:55.284 13010 22309 I System.out: [10062][PlayExecutorPoolThread(1)] #onSpeechProgressChanged progress=11
06-06 12:59:55.286 13010 13075 W System.err: [10062][Verbal-Engine] VerbalEngine: onEvent: name->ss.speech.progress, params->801708767
06-06 12:59:55.563 13010 22309 I System.out: [10062][PlayExecutorPoolThread(1)] #onSpeechProgressChanged progress=12
06-06 12:59:55.564 13010 13075 W System.err: [10062][Verbal-Engine] VerbalEngine: onEvent: name->ss.speech.progress, params->801708767
06-06 12:59:55.657 13010 22309 I System.out: [10062][PlayExecutorPoolThread(1)] #onSpeechProgressChanged progress=13
06-06 12:59:55.657 13010 13075 W System.err: [10062][Verbal-Engine] VerbalEngine: onEvent: name->ss.speech.progress, params->801708767
06-06 12:59:55.842 13010 22309 I System.out: [10062][PlayExecutorPoolThread(1)] #onSpeechProgressChanged progress=14
06-06 12:59:55.843 13010 13075 W System.err: [10062][Verbal-Engine] VerbalEngine: onEvent: name->ss.speech.progress, params->801708767
06-06 12:59:56.120 13010 22309 I System.out: [10062][PlayExecutorPoolThread(1)] #onSpeechProgressChanged progress=15
06-06 12:59:56.121 13010 13075 W System.err: [10062][Verbal-Engine] VerbalEngine: onEvent: name->ss.speech.progress, params->801708767
06-06 12:59:56.306 13010 22309 I System.out: [10062][PlayExecutorPoolThread(1)] #onSpeechProgressChanged progress=16
06-06 12:59:56.307 13010 13075 W System.err: [10062][Verbal-Engine] VerbalEngine: onEvent: name->ss.speech.progress, params->801708767
06-06 12:59:56.528 13010 22309 I System.out: [10062][PlayExecutorPoolThread(1)] #onSpeechProgressChanged progress=17
06-06 12:59:56.529 13010 13075 W System.err: [10062][Verbal-Engine] VerbalEngine: onEvent: name->ss.speech.progress, params->801708767
06-06 12:59:56.679 13010 22309 I System.out: [10062][PlayExecutorPoolThread(1)] #onSpeechProgressChanged progress=18
06-06 12:59:56.680 13010 13075 W System.err: [10062][Verbal-Engine] VerbalEngine: onEvent: name->ss.speech.progress, params->801708767
06-06 12:59:56.865 13010 22309 I System.out: [10062][PlayExecutorPoolThread(1)] #onSpeechProgressChanged progress=19
06-06 12:59:56.866 13010 13075 W System.err: [10062][Verbal-Engine] VerbalEngine: onEvent: name->ss.speech.progress, params->801708767
06-06 12:59:57.049 13010 22309 I System.out: [10062][PlayExecutorPoolThread(1)] #onSpeechProgressChanged progress=20
06-06 12:59:57.050 13010 13075 W System.err: [10062][Verbal-Engine] VerbalEngine: onEvent: name->ss.speech.progress, params->801708767
06-06 12:59:57.327 13010 22309 I System.out: [10062][PlayExecutorPoolThread(1)] #onSpeechProgressChanged progress=20
06-06 12:59:57.329 13010 13075 W System.err: [10062][Verbal-Engine] VerbalEngine: onEvent: name->ss.speech.progress, params->801708767
06-06 12:59:57.513 13010 22309 I System.out: [10062][PlayExecutorPoolThread(1)] #onSpeechProgressChanged progress=21
06-06 12:59:57.514 13010 13075 W System.err: [10062][Verbal-Engine] VerbalEngine: onEvent: name->ss.speech.progress, params->801708767
06-06 12:59:57.699 13010 22309 I System.out: [10062][PlayExecutorPoolThread(1)] #onSpeechProgressChanged progress=22
06-06 12:59:57.700 13010 13075 W System.err: [10062][Verbal-Engine] VerbalEngine: onEvent: name->ss.speech.progress, params->801708767
06-06 12:59:57.885 13010 22309 I System.out: [10062][PlayExecutorPoolThread(1)] #onSpeechProgressChanged progress=23
06-06 12:59:57.887 13010 13075 W System.err: [10062][Verbal-Engine] VerbalEngine: onEvent: name->ss.speech.progress, params->801708767
06-06 12:59:58.072 13010 22309 I System.out: [10062][PlayExecutorPoolThread(1)] #onSpeechProgressChanged progress=24
06-06 12:59:58.073 13010 13075 W System.err: [10062][Verbal-Engine] VerbalEngine: onEvent: name->ss.speech.progress, params->801708767
06-06 12:59:58.349 13010 22309 I System.out: [10062][PlayExecutorPoolThread(1)] #onSpeechProgressChanged progress=25
06-06 12:59:58.351 13010 13075 W System.err: [10062][Verbal-Engine] VerbalEngine: onEvent: name->ss.speech.progress, params->801708767
06-06 12:59:58.536 13010 22309 I System.out: [10062][PlayExecutorPoolThread(1)] #onSpeechProgressChanged progress=26
06-06 12:59:58.537 13010 13075 W System.err: [10062][Verbal-Engine] VerbalEngine: onEvent: name->ss.speech.progress, params->801708767
06-06 12:59:58.721 13010 22309 I System.out: [10062][PlayExecutorPoolThread(1)] #onSpeechProgressChanged progress=27
06-06 12:59:58.722 13010 13075 W System.err: [10062][Verbal-Engine] VerbalEngine: onEvent: name->ss.speech.progress, params->801708767
06-06 12:59:58.907 13010 22309 I System.out: [10062][PlayExecutorPoolThread(1)] #onSpeechProgressChanged progress=27
06-06 12:59:58.907 13010 13075 W System.err: [10062][Verbal-Engine] VerbalEngine: onEvent: name->ss.speech.progress, params->801708767
06-06 12:59:59.092 13010 22309 I System.out: [10062][PlayExecutorPoolThread(1)] #onSpeechProgressChanged progress=28
06-06 12:59:59.093 13010 13075 W System.err: [10062][Verbal-Engine] VerbalEngine: onEvent: name->ss.speech.progress, params->801708767
06-06 12:59:59.278 13010 22309 I System.out: [10062][PlayExecutorPoolThread(1)] #onSpeechProgressChanged progress=29
06-06 12:59:59.280 13010 13075 W System.err: [10062][Verbal-Engine] VerbalEngine: onEvent: name->ss.speech.progress, params->801708767
06-06 12:59:59.557 13010 22309 I System.out: [10062][PlayExecutorPoolThread(1)] #onSpeechProgressChanged progress=30
06-06 12:59:59.558 13010 13075 W System.err: [10062][Verbal-Engine] VerbalEngine: onEvent: name->ss.speech.progress, params->801708767
06-06 12:59:59.743 13010 22309 I System.out: [10062][PlayExecutorPoolThread(1)] #onSpeechProgressChanged progress=31
06-06 12:59:59.744 13010 13075 W System.err: [10062][Verbal-Engine] VerbalEngine: onEvent: name->ss.speech.progress, params->801708767
06-06 12:59:59.835 13010 22309 I System.out: [10062][PlayExecutorPoolThread(1)] #onSpeechProgressChanged progress=32
06-06 12:59:59.836 13010 13075 W System.err: [10062][Verbal-Engine] VerbalEngine: onEvent: name->ss.speech.progress, params->801708767
06-06 13:00:00.021 13010 22309 I System.out: [10062][PlayExecutorPoolThread(1)] #onSpeechProgressChanged progress=33
06-06 13:00:00.022 13010 13075 W System.err: [10062][Verbal-Engine] VerbalEngine: onEvent: name->ss.speech.progress, params->801708767
06-06 13:00:00.300 13010 22309 I System.out: [10062][PlayExecutorPoolThread(1)] #onSpeechProgressChanged progress=34
06-06 13:00:00.300 13010 13075 W System.err: [10062][Verbal-Engine] VerbalEngine: onEvent: name->ss.speech.progress, params->801708767
06-06 13:00:00.486 13010 22309 I System.out: [10062][PlayExecutorPoolThread(1)] #onSpeechProgressChanged progress=34
06-06 13:00:00.487 13010 13075 W System.err: [10062][Verbal-Engine] VerbalEngine: onEvent: name->ss.speech.progress, params->801708767
06-06 13:00:00.672 13010 22309 I System.out: [10062][PlayExecutorPoolThread(1)] #onSpeechProgressChanged progress=35
06-06 13:00:00.673 13010 13075 W System.err: [10062][Verbal-Engine] VerbalEngine: onEvent: name->ss.speech.progress, params->801708767
06-06 13:00:00.764 13010 22309 I System.out: [10062][PlayExecutorPoolThread(1)] #onSpeechProgressChanged progress=36
06-06 13:00:00.765 13010 13075 W System.err: [10062][Verbal-Engine] VerbalEngine: onEvent: name->ss.speech.progress, params->801708767
06-06 13:00:00.767 13010 13075 W System.err: [10062][Verbal-Engine] VerbalEngine: onEvent: name->ss.speech.finish, params->801708767
06-06 13:00:00.767 13010 13075 I System.out: [10062][Verbal-Engine] VerbalEngine: Speaking state = stopped
06-06 13:00:00.768 13010 13079 W IVerbalManager: [10062][VerbalStateChangeCallback] Verbal.StateChangeListener.onStateChanged(tts.result, Bundle[{data=<voice name="emo-as-HQ">当然可以，请走到我的身边，我们一起拍照吧。我准备好了，请在5秒内拍照喔。</voice>}]);
06-06 13:00:00.770 13010 13079 I IVerbalManager: [10062][VerbalStateChangeCallback] TEXT IS....<voice name="emo-as-HQ">当然可以，请走到我的身边，我们一起拍照吧。我准备好了，请在5秒内拍照喔。</voice>
06-06 13:00:00.771 13010 13079 I IServicesManager: [10062][VerbalStateChangeCallback] isCallbackLive: true
06-06 13:00:00.773 13010 13079 W IVerbalManager: [10062][VerbalStateChangeCallback] Verbal.StateChangeListener.onStateChanged(tts.over, null);
06-06 13:00:00.774 13010 13079 I IVerbalManager: [10062][VerbalStateChangeCallback] TTS Over!
06-06 13:00:01.776 13010 13075 W System.err: [10062][Verbal-Engine] VerbalEngine: ShutUp
06-06 13:00:01.781 13010 13075 I System.out: [10062][Verbal-Engine] VerbalEngine: Speaking state = stopped
06-06 13:00:01.781 13010 13079 W IVerbalManager: [10062][VerbalStateChangeCallback] Verbal.StateChangeListener.onStateChanged(tts.state, Bundle[{data=<voice name="emo-as-HQ">当然可以，请走到我的身边，我们一起拍照吧。我准备好了，请在5秒内拍照喔。</voice>, message=cancel}]);
06-06 13:00:01.782 13010 13079 I IServicesManager: [10062][VerbalStateChangeCallback] isCallbackLive: true
06-06 13:00:01.782 13010 13079 W IVerbalManager: [10062][VerbalStateChangeCallback] Verbal.StateChangeListener.onStateChanged(tts.over, null);
06-06 13:00:01.784 13010 13075 W System.err: [10062][Verbal-Engine] VerbalEngine: setSpeakLanguage with (ZH)
06-06 13:00:01.784 13010 13021 I IVerbalManager: [10062][Binder_1] speaker = [0], pitch = [5], speed = [5], volume = [8], wakeupSoundPaths = [null], helloDelegateSoundPaths = [null]
06-06 13:00:01.784 13010 13079 I IVerbalManager: [10062][VerbalStateChangeCallback] TTS Over!
06-06 13:00:01.785 13010 13021 I CindyBlendAdapter: [10062][Binder_1] isChinese(speakText) is ZH
06-06 13:00:01.786 13010 13075 W System.err: [10062][Verbal-Engine] VerbalEngine: setSpeakStyle with (speaker: 0, pitch: 5, speed: 5, volume: 8)
06-06 13:00:01.787 13010 13075 W System.err: [10062][Verbal-Engine] call setSpeakStyle successful
06-06 13:00:01.796 13010 13075 I System.out: [10062][Verbal-Engine] VerbalEngine: Recognizing state is stopped
06-06 13:00:01.796 13010 13075 W System.err: [10062][Verbal-Engine] VerbalEngine: Speak text is <voice name="emo-as-HQ">五</voice>
06-06 13:00:01.798 13010 13075 I System.out: [10062][Verbal-Engine] VerbalEngine: Speaking state = starting
06-06 13:00:01.799 13010 13075 W System.err: [10062][Verbal-Engine] VerbalEngine: onEvent: name->ss.synthesize.start, params->-1127592781
06-06 13:00:01.802 13010 13075 W System.err: [10062][Verbal-Engine] VerbalEngine: onEvent: name->ss.speech.start, params->-1127592781
06-06 13:00:01.804 13010 13075 I System.out: [10062][Verbal-Engine] VerbalEngine: Speaking state = started
06-06 13:00:01.806 13010 13079 W IVerbalManager: [10062][VerbalStateChangeCallback] Verbal.StateChangeListener.onStateChanged(tts.ready, Bundle[{data=<voice name="emo-as-HQ">五</voice>}]);
06-06 13:00:01.807 13010 13079 I IServicesManager: [10062][VerbalStateChangeCallback] isCallbackLive: true
06-06 13:00:01.922 13010 13075 W System.err: [10062][Verbal-Engine] VerbalEngine: onEvent: name->ss.synthesize.data, params->-1127592781
06-06 13:00:01.927 13010 22480 I System.out: [10062][PlayExecutorPoolThread(1)] #onSpeechProgressChanged progress=0
06-06 13:00:01.926 13010 13075 W System.err: [10062][Verbal-Engine] VerbalEngine: onEvent: name->ss.synthesize.data, params->-1127592781
06-06 13:00:01.928 13010 13075 W System.err: [10062][Verbal-Engine] VerbalEngine: onEvent: name->ss.speech.progress, params->-1127592781
06-06 13:00:01.932 13010 13075 W System.err: [10062][Verbal-Engine] VerbalEngine: onEvent: name->ss.synthesize.data, params->-1127592781
06-06 13:00:01.932 13010 13075 W System.err: [10062][Verbal-Engine] VerbalEngine: onEvent: name->ss.synthesize.data, params->-1127592781
06-06 13:00:01.936 13010 22480 I System.out: [10062][PlayExecutorPoolThread(1)] #onSpeechProgressChanged progress=1
06-06 13:00:01.936 13010 13075 W System.err: [10062][Verbal-Engine] VerbalEngine: onEvent: name->ss.synthesize.finish, params->-1127592781
06-06 13:00:01.938 13010 13075 W System.err: [10062][Verbal-Engine] VerbalEngine: onEvent: name->ss.speech.progress, params->-1127592781
06-06 13:00:01.939 13010 13075 W System.err: [10062][Verbal-Engine] VerbalEngine: onEvent: name->ss.speech.finish, params->-1127592781
06-06 13:00:01.939 13010 13075 I System.out: [10062][Verbal-Engine] VerbalEngine: Speaking state = stopped
06-06 13:00:01.940 13010 13079 W IVerbalManager: [10062][VerbalStateChangeCallback] Verbal.StateChangeListener.onStateChanged(tts.result, Bundle[{data=<voice name="emo-as-HQ">五</voice>}]);
06-06 13:00:01.940 13010 13079 I IVerbalManager: [10062][VerbalStateChangeCallback] TEXT IS....<voice name="emo-as-HQ">五</voice>
06-06 13:00:01.941 13010 13079 I IServicesManager: [10062][VerbalStateChangeCallback] isCallbackLive: true
06-06 13:00:01.941 13010 13079 W IVerbalManager: [10062][VerbalStateChangeCallback] Verbal.StateChangeListener.onStateChanged(tts.over, null);
06-06 13:00:01.942 13010 13079 I IVerbalManager: [10062][VerbalStateChangeCallback] TTS Over!
06-06 13:00:02.777 13010 13075 W System.err: [10062][Verbal-Engine] VerbalEngine: ShutUp
06-06 13:00:02.782 13010 13075 I System.out: [10062][Verbal-Engine] VerbalEngine: Speaking state = stopped
06-06 13:00:02.782 13010 13079 W IVerbalManager: [10062][VerbalStateChangeCallback] Verbal.StateChangeListener.onStateChanged(tts.state, Bundle[{data=<voice name="emo-as-HQ">五</voice>, message=cancel}]);
06-06 13:00:02.785 13010 13079 I IServicesManager: [10062][VerbalStateChangeCallback] isCallbackLive: true
06-06 13:00:02.787 13010 13022 I IVerbalManager: [10062][Binder_2] speaker = [0], pitch = [5], speed = [5], volume = [8], wakeupSoundPaths = [null], helloDelegateSoundPaths = [null]
06-06 13:00:02.787 13010 13075 W System.err: [10062][Verbal-Engine] VerbalEngine: setSpeakLanguage with (ZH)
06-06 13:00:02.787 13010 13022 I CindyBlendAdapter: [10062][Binder_2] isChinese(speakText) is ZH
06-06 13:00:02.787 13010 13079 W IVerbalManager: [10062][VerbalStateChangeCallback] Verbal.StateChangeListener.onStateChanged(tts.over, null);
06-06 13:00:02.787 13010 13075 W System.err: [10062][Verbal-Engine] VerbalEngine: setSpeakStyle with (speaker: 0, pitch: 5, speed: 5, volume: 8)
06-06 13:00:02.788 13010 13075 W System.err: [10062][Verbal-Engine] call setSpeakStyle successful
06-06 13:00:02.790 13010 13079 I IVerbalManager: [10062][VerbalStateChangeCallback] TTS Over!
06-06 13:00:02.799 13010 13075 I System.out: [10062][Verbal-Engine] VerbalEngine: Recognizing state is stopped
06-06 13:00:02.800 13010 13075 W System.err: [10062][Verbal-Engine] VerbalEngine: Speak text is <voice name="emo-as-HQ">四</voice>
06-06 13:00:02.802 13010 13075 I System.out: [10062][Verbal-Engine] VerbalEngine: Speaking state = starting
06-06 13:00:02.804 13010 13075 W System.err: [10062][Verbal-Engine] VerbalEngine: onEvent: name->ss.synthesize.start, params->-12771846
06-06 13:00:02.806 13010 13075 W System.err: [10062][Verbal-Engine] VerbalEngine: onEvent: name->ss.speech.start, params->-12771846
06-06 13:00:02.806 13010 13075 I System.out: [10062][Verbal-Engine] VerbalEngine: Speaking state = started
06-06 13:00:02.807 13010 13079 W IVerbalManager: [10062][VerbalStateChangeCallback] Verbal.StateChangeListener.onStateChanged(tts.ready, Bundle[{data=<voice name="emo-as-HQ">四</voice>}]);
06-06 13:00:02.808 13010 13079 I IServicesManager: [10062][VerbalStateChangeCallback] isCallbackLive: true
06-06 13:00:02.930 13010 13075 W System.err: [10062][Verbal-Engine] VerbalEngine: onEvent: name->ss.synthesize.data, params->-12771846
06-06 13:00:02.938 13010 13075 W System.err: [10062][Verbal-Engine] VerbalEngine: onEvent: name->ss.synthesize.data, params->-12771846
06-06 13:00:02.941 13010 22504 I System.out: [10062][PlayExecutorPoolThread(1)] #onSpeechProgressChanged progress=0
06-06 13:00:02.944 13010 13075 W System.err: [10062][Verbal-Engine] VerbalEngine: onEvent: name->ss.speech.progress, params->-12771846
06-06 13:00:02.946 13010 13075 W System.err: [10062][Verbal-Engine] VerbalEngine: onEvent: name->ss.synthesize.data, params->-12771846
06-06 13:00:02.956 13010 13075 W System.err: [10062][Verbal-Engine] VerbalEngine: onEvent: name->ss.synthesize.data, params->-12771846
06-06 13:00:02.956 13010 22504 I System.out: [10062][PlayExecutorPoolThread(1)] #onSpeechProgressChanged progress=0
06-06 13:00:02.958 13010 13075 W System.err: [10062][Verbal-Engine] VerbalEngine: onEvent: name->ss.speech.progress, params->-12771846
06-06 13:00:02.964 13010 13075 W System.err: [10062][Verbal-Engine] VerbalEngine: onEvent: name->ss.synthesize.data, params->-12771846
06-06 13:00:02.964 13010 13075 W System.err: [10062][Verbal-Engine] VerbalEngine: onEvent: name->ss.synthesize.finish, params->-12771846
06-06 13:00:02.995 13010 22504 I System.out: [10062][PlayExecutorPoolThread(1)] #onSpeechProgressChanged progress=1
06-06 13:00:02.997 13010 13075 W System.err: [10062][Verbal-Engine] VerbalEngine: onEvent: name->ss.speech.progress, params->-12771846
06-06 13:00:02.998 13010 13075 W System.err: [10062][Verbal-Engine] VerbalEngine: onEvent: name->ss.speech.finish, params->-12771846
06-06 13:00:02.998 13010 13075 I System.out: [10062][Verbal-Engine] VerbalEngine: Speaking state = stopped
06-06 13:00:03.034 13010 13079 W IVerbalManager: [10062][VerbalStateChangeCallback] Verbal.StateChangeListener.onStateChanged(tts.result, Bundle[{data=<voice name="emo-as-HQ">四</voice>}]);
06-06 13:00:03.035 13010 13079 I IVerbalManager: [10062][VerbalStateChangeCallback] TEXT IS....<voice name="emo-as-HQ">四</voice>
06-06 13:00:03.038 13010 13079 I IServicesManager: [10062][VerbalStateChangeCallback] isCallbackLive: true
06-06 13:00:03.040 13010 13079 W IVerbalManager: [10062][VerbalStateChangeCallback] Verbal.StateChangeListener.onStateChanged(tts.over, null);
06-06 13:00:03.041 13010 13079 I IVerbalManager: [10062][VerbalStateChangeCallback] TTS Over!
06-06 13:00:03.777 13010 13075 W System.err: [10062][Verbal-Engine] VerbalEngine: ShutUp
06-06 13:00:03.781 13010 13075 I System.out: [10062][Verbal-Engine] VerbalEngine: Speaking state = stopped
06-06 13:00:03.782 13010 13079 W IVerbalManager: [10062][VerbalStateChangeCallback] Verbal.StateChangeListener.onStateChanged(tts.state, Bundle[{data=<voice name="emo-as-HQ">四</voice>, message=cancel}]);
06-06 13:00:03.783 13010 13079 I IServicesManager: [10062][VerbalStateChangeCallback] isCallbackLive: true
06-06 13:00:03.785 13010 13079 W IVerbalManager: [10062][VerbalStateChangeCallback] Verbal.StateChangeListener.onStateChanged(tts.over, null);
06-06 13:00:03.785 13010 13075 W System.err: [10062][Verbal-Engine] VerbalEngine: setSpeakLanguage with (ZH)
06-06 13:00:03.785 13010 13022 I IVerbalManager: [10062][Binder_2] speaker = [0], pitch = [5], speed = [5], volume = [8], wakeupSoundPaths = [null], helloDelegateSoundPaths = [null]
06-06 13:00:03.786 13010 13022 I CindyBlendAdapter: [10062][Binder_2] isChinese(speakText) is ZH
06-06 13:00:03.786 13010 13079 I IVerbalManager: [10062][VerbalStateChangeCallback] TTS Over!
06-06 13:00:03.787 13010 13075 W System.err: [10062][Verbal-Engine] VerbalEngine: setSpeakStyle with (speaker: 0, pitch: 5, speed: 5, volume: 8)
06-06 13:00:03.788 13010 13075 W System.err: [10062][Verbal-Engine] call setSpeakStyle successful
06-06 13:00:03.797 13010 13075 I System.out: [10062][Verbal-Engine] VerbalEngine: Recognizing state is stopped
06-06 13:00:03.797 13010 13075 W System.err: [10062][Verbal-Engine] VerbalEngine: Speak text is <voice name="emo-as-HQ">三</voice>
06-06 13:00:03.799 13010 13075 I System.out: [10062][Verbal-Engine] VerbalEngine: Speaking state = starting
06-06 13:00:03.801 13010 13075 W System.err: [10062][Verbal-Engine] VerbalEngine: onEvent: name->ss.synthesize.start, params->1000474408
06-06 13:00:03.802 13010 13075 W System.err: [10062][Verbal-Engine] VerbalEngine: onEvent: name->ss.speech.start, params->1000474408
06-06 13:00:03.802 13010 13075 I System.out: [10062][Verbal-Engine] VerbalEngine: Speaking state = started
06-06 13:00:03.803 13010 13079 W IVerbalManager: [10062][VerbalStateChangeCallback] Verbal.StateChangeListener.onStateChanged(tts.ready, Bundle[{data=<voice name="emo-as-HQ">三</voice>}]);
06-06 13:00:03.804 13010 13079 I IServicesManager: [10062][VerbalStateChangeCallback] isCallbackLive: true
06-06 13:00:03.931 13010 13075 W System.err: [10062][Verbal-Engine] VerbalEngine: onEvent: name->ss.synthesize.data, params->1000474408
06-06 13:00:03.937 13010 13075 W System.err: [10062][Verbal-Engine] VerbalEngine: onEvent: name->ss.synthesize.data, params->1000474408
06-06 13:00:03.942 13010 22524 I System.out: [10062][PlayExecutorPoolThread(1)] #onSpeechProgressChanged progress=0
06-06 13:00:03.945 13010 13075 W System.err: [10062][Verbal-Engine] VerbalEngine: onEvent: name->ss.speech.progress, params->1000474408
06-06 13:00:03.946 13010 13075 W System.err: [10062][Verbal-Engine] VerbalEngine: onEvent: name->ss.synthesize.data, params->1000474408
06-06 13:00:03.951 13010 13075 W System.err: [10062][Verbal-Engine] VerbalEngine: onEvent: name->ss.synthesize.data, params->1000474408
06-06 13:00:03.957 13010 13075 W System.err: [10062][Verbal-Engine] VerbalEngine: onEvent: name->ss.synthesize.data, params->1000474408
06-06 13:00:03.958 13010 13075 W System.err: [10062][Verbal-Engine] VerbalEngine: onEvent: name->ss.synthesize.data, params->1000474408
06-06 13:00:03.958 13010 13075 W System.err: [10062][Verbal-Engine] VerbalEngine: onEvent: name->ss.synthesize.finish, params->1000474408
06-06 13:00:04.015 13010 22524 I System.out: [10062][PlayExecutorPoolThread(1)] #onSpeechProgressChanged progress=0
06-06 13:00:04.016 13010 13075 W System.err: [10062][Verbal-Engine] VerbalEngine: onEvent: name->ss.speech.progress, params->1000474408
06-06 13:00:04.017 13010 22524 I System.out: [10062][PlayExecutorPoolThread(1)] #onSpeechProgressChanged progress=1
06-06 13:00:04.018 13010 13075 W System.err: [10062][Verbal-Engine] VerbalEngine: onEvent: name->ss.speech.progress, params->1000474408
06-06 13:00:04.019 13010 13075 W System.err: [10062][Verbal-Engine] VerbalEngine: onEvent: name->ss.speech.finish, params->1000474408
06-06 13:00:04.019 13010 13075 I System.out: [10062][Verbal-Engine] VerbalEngine: Speaking state = stopped
06-06 13:00:04.021 13010 13079 W IVerbalManager: [10062][VerbalStateChangeCallback] Verbal.StateChangeListener.onStateChanged(tts.result, Bundle[{data=<voice name="emo-as-HQ">三</voice>}]);
06-06 13:00:04.021 13010 13079 I IVerbalManager: [10062][VerbalStateChangeCallback] TEXT IS....<voice name="emo-as-HQ">三</voice>
06-06 13:00:04.022 13010 13079 I IServicesManager: [10062][VerbalStateChangeCallback] isCallbackLive: true
06-06 13:00:04.023 13010 13079 W IVerbalManager: [10062][VerbalStateChangeCallback] Verbal.StateChangeListener.onStateChanged(tts.over, null);
06-06 13:00:04.024 13010 13079 I IVerbalManager: [10062][VerbalStateChangeCallback] TTS Over!
06-06 13:00:04.776 13010 13075 W System.err: [10062][Verbal-Engine] VerbalEngine: ShutUp
06-06 13:00:04.779 13010 13088 I IVerbalManager: [10062][Binder_3] speaker = [0], pitch = [5], speed = [5], volume = [8], wakeupSoundPaths = [null], helloDelegateSoundPaths = [null]
06-06 13:00:04.780 13010 13088 I CindyBlendAdapter: [10062][Binder_3] isChinese(speakText) is ZH
06-06 13:00:04.784 13010 13075 I System.out: [10062][Verbal-Engine] VerbalEngine: Speaking state = stopped
06-06 13:00:04.784 13010 13079 W IVerbalManager: [10062][VerbalStateChangeCallback] Verbal.StateChangeListener.onStateChanged(tts.state, Bundle[{data=<voice name="emo-as-HQ">三</voice>, message=cancel}]);
06-06 13:00:04.784 13010 13075 W System.err: [10062][Verbal-Engine] VerbalEngine: setSpeakLanguage with (ZH)
06-06 13:00:04.786 13010 13079 I IServicesManager: [10062][VerbalStateChangeCallback] isCallbackLive: true
06-06 13:00:04.787 13010 13079 W IVerbalManager: [10062][VerbalStateChangeCallback] Verbal.StateChangeListener.onStateChanged(tts.over, null);
06-06 13:00:04.788 13010 13075 W System.err: [10062][Verbal-Engine] VerbalEngine: setSpeakStyle with (speaker: 0, pitch: 5, speed: 5, volume: 8)
06-06 13:00:04.788 13010 13079 I IVerbalManager: [10062][VerbalStateChangeCallback] TTS Over!
06-06 13:00:04.788 13010 13075 W System.err: [10062][Verbal-Engine] call setSpeakStyle successful
06-06 13:00:04.792 13010 13075 I System.out: [10062][Verbal-Engine] VerbalEngine: Recognizing state is stopped
06-06 13:00:04.792 13010 13075 W System.err: [10062][Verbal-Engine] VerbalEngine: Speak text is <voice name="emo-as-HQ">二</voice>
06-06 13:00:04.795 13010 13075 I System.out: [10062][Verbal-Engine] VerbalEngine: Speaking state = starting
06-06 13:00:04.797 13010 13075 W System.err: [10062][Verbal-Engine] VerbalEngine: onEvent: name->ss.synthesize.start, params->447141035
06-06 13:00:04.799 13010 13075 W System.err: [10062][Verbal-Engine] VerbalEngine: onEvent: name->ss.speech.start, params->447141035
06-06 13:00:04.799 13010 13075 I System.out: [10062][Verbal-Engine] VerbalEngine: Speaking state = started
06-06 13:00:04.801 13010 13079 W IVerbalManager: [10062][VerbalStateChangeCallback] Verbal.StateChangeListener.onStateChanged(tts.ready, Bundle[{data=<voice name="emo-as-HQ">二</voice>}]);
06-06 13:00:04.802 13010 13079 I IServicesManager: [10062][VerbalStateChangeCallback] isCallbackLive: true
06-06 13:00:04.918 13010 13075 W System.err: [10062][Verbal-Engine] VerbalEngine: onEvent: name->ss.synthesize.data, params->447141035
06-06 13:00:04.925 13010 13075 W System.err: [10062][Verbal-Engine] VerbalEngine: onEvent: name->ss.synthesize.data, params->447141035
06-06 13:00:04.925 13010 22548 I System.out: [10062][PlayExecutorPoolThread(1)] #onSpeechProgressChanged progress=0
06-06 13:00:04.928 13010 13075 W System.err: [10062][Verbal-Engine] VerbalEngine: onEvent: name->ss.speech.progress, params->447141035
06-06 13:00:04.931 13010 13075 W System.err: [10062][Verbal-Engine] VerbalEngine: onEvent: name->ss.synthesize.data, params->447141035
06-06 13:00:04.940 13010 13075 W System.err: [10062][Verbal-Engine] VerbalEngine: onEvent: name->ss.synthesize.data, params->447141035
06-06 13:00:04.942 13010 13075 W System.err: [10062][Verbal-Engine] VerbalEngine: onEvent: name->ss.synthesize.data, params->447141035
06-06 13:00:04.943 13010 13075 W System.err: [10062][Verbal-Engine] VerbalEngine: onEvent: name->ss.synthesize.finish, params->447141035
06-06 13:00:05.037 13010 22548 I System.out: [10062][PlayExecutorPoolThread(1)] #onSpeechProgressChanged progress=0
06-06 13:00:05.038 13010 13075 W System.err: [10062][Verbal-Engine] VerbalEngine: onEvent: name->ss.speech.progress, params->447141035
06-06 13:00:05.039 13010 22548 I System.out: [10062][PlayExecutorPoolThread(1)] #onSpeechProgressChanged progress=1
06-06 13:00:05.040 13010 13075 W System.err: [10062][Verbal-Engine] VerbalEngine: onEvent: name->ss.speech.progress, params->447141035
06-06 13:00:05.040 13010 13075 W System.err: [10062][Verbal-Engine] VerbalEngine: onEvent: name->ss.speech.finish, params->447141035
06-06 13:00:05.041 13010 13075 I System.out: [10062][Verbal-Engine] VerbalEngine: Speaking state = stopped
06-06 13:00:05.041 13010 13079 W IVerbalManager: [10062][VerbalStateChangeCallback] Verbal.StateChangeListener.onStateChanged(tts.result, Bundle[{data=<voice name="emo-as-HQ">二</voice>}]);
06-06 13:00:05.042 13010 13079 I IVerbalManager: [10062][VerbalStateChangeCallback] TEXT IS....<voice name="emo-as-HQ">二</voice>
06-06 13:00:05.044 13010 13079 I IServicesManager: [10062][VerbalStateChangeCallback] isCallbackLive: true
06-06 13:00:05.045 13010 13079 W IVerbalManager: [10062][VerbalStateChangeCallback] Verbal.StateChangeListener.onStateChanged(tts.over, null);
06-06 13:00:05.046 13010 13079 I IVerbalManager: [10062][VerbalStateChangeCallback] TTS Over!
06-06 13:00:05.775 13010 13075 W System.err: [10062][Verbal-Engine] VerbalEngine: ShutUp
06-06 13:00:05.780 13010 13075 I System.out: [10062][Verbal-Engine] VerbalEngine: Speaking state = stopped
06-06 13:00:05.780 13010 13021 I IVerbalManager: [10062][Binder_1] speaker = [0], pitch = [5], speed = [5], volume = [8], wakeupSoundPaths = [null], helloDelegateSoundPaths = [null]
06-06 13:00:05.780 13010 13079 W IVerbalManager: [10062][VerbalStateChangeCallback] Verbal.StateChangeListener.onStateChanged(tts.state, Bundle[{data=<voice name="emo-as-HQ">二</voice>, message=cancel}]);
06-06 13:00:05.780 13010 13075 W System.err: [10062][Verbal-Engine] VerbalEngine: setSpeakLanguage with (ZH)
06-06 13:00:05.781 13010 13021 I CindyBlendAdapter: [10062][Binder_1] isChinese(speakText) is ZH
06-06 13:00:05.781 13010 13079 I IServicesManager: [10062][VerbalStateChangeCallback] isCallbackLive: true
06-06 13:00:05.782 13010 13079 W IVerbalManager: [10062][VerbalStateChangeCallback] Verbal.StateChangeListener.onStateChanged(tts.over, null);
06-06 13:00:05.782 13010 13075 W System.err: [10062][Verbal-Engine] VerbalEngine: setSpeakStyle with (speaker: 0, pitch: 5, speed: 5, volume: 8)
06-06 13:00:05.782 13010 13079 I IVerbalManager: [10062][VerbalStateChangeCallback] TTS Over!
06-06 13:00:05.784 13010 13075 W System.err: [10062][Verbal-Engine] call setSpeakStyle successful
06-06 13:00:05.792 13010 13075 I System.out: [10062][Verbal-Engine] VerbalEngine: Recognizing state is stopped
06-06 13:00:05.793 13010 13075 W System.err: [10062][Verbal-Engine] VerbalEngine: Speak text is <voice name="emo-as-HQ">一</voice>
06-06 13:00:05.797 13010 13075 I System.out: [10062][Verbal-Engine] VerbalEngine: Speaking state = starting
06-06 13:00:05.804 13010 13075 W System.err: [10062][Verbal-Engine] VerbalEngine: onEvent: name->ss.synthesize.start, params->87695391
06-06 13:00:05.806 13010 13075 W System.err: [10062][Verbal-Engine] VerbalEngine: onEvent: name->ss.speech.start, params->87695391
06-06 13:00:05.807 13010 13075 I System.out: [10062][Verbal-Engine] VerbalEngine: Speaking state = started
06-06 13:00:05.808 13010 13079 W IVerbalManager: [10062][VerbalStateChangeCallback] Verbal.StateChangeListener.onStateChanged(tts.ready, Bundle[{data=<voice name="emo-as-HQ">一</voice>}]);
06-06 13:00:05.809 13010 13079 I IServicesManager: [10062][VerbalStateChangeCallback] isCallbackLive: true
06-06 13:00:05.992 13010 13075 W System.err: [10062][Verbal-Engine] VerbalEngine: onEvent: name->ss.synthesize.data, params->87695391
06-06 13:00:06.001 13010 13075 W System.err: [10062][Verbal-Engine] VerbalEngine: onEvent: name->ss.synthesize.data, params->87695391
06-06 13:00:06.002 13010 22576 I System.out: [10062][PlayExecutorPoolThread(1)] #onSpeechProgressChanged progress=0
06-06 13:00:06.003 13010 13075 W System.err: [10062][Verbal-Engine] VerbalEngine: onEvent: name->ss.speech.progress, params->87695391
06-06 13:00:06.009 13010 13075 W System.err: [10062][Verbal-Engine] VerbalEngine: onEvent: name->ss.synthesize.data, params->87695391
06-06 13:00:06.015 13010 13075 W System.err: [10062][Verbal-Engine] VerbalEngine: onEvent: name->ss.synthesize.data, params->87695391
06-06 13:00:06.019 13010 13075 W System.err: [10062][Verbal-Engine] VerbalEngine: onEvent: name->ss.synthesize.data, params->87695391
06-06 13:00:06.020 13010 13075 W System.err: [10062][Verbal-Engine] VerbalEngine: onEvent: name->ss.synthesize.finish, params->87695391
06-06 13:00:06.151 13010 22576 I System.out: [10062][PlayExecutorPoolThread(1)] #onSpeechProgressChanged progress=0
06-06 13:00:06.152 13010 13075 W System.err: [10062][Verbal-Engine] VerbalEngine: onEvent: name->ss.speech.progress, params->87695391
06-06 13:00:06.153 13010 22576 I System.out: [10062][PlayExecutorPoolThread(1)] #onSpeechProgressChanged progress=1
06-06 13:00:06.154 13010 13075 W System.err: [10062][Verbal-Engine] VerbalEngine: onEvent: name->ss.speech.progress, params->87695391
06-06 13:00:06.154 13010 13075 W System.err: [10062][Verbal-Engine] VerbalEngine: onEvent: name->ss.speech.finish, params->87695391
06-06 13:00:06.155 13010 13075 I System.out: [10062][Verbal-Engine] VerbalEngine: Speaking state = stopped
06-06 13:00:06.156 13010 13079 W IVerbalManager: [10062][VerbalStateChangeCallback] Verbal.StateChangeListener.onStateChanged(tts.result, Bundle[{data=<voice name="emo-as-HQ">一</voice>}]);
06-06 13:00:06.157 13010 13079 I IVerbalManager: [10062][VerbalStateChangeCallback] TEXT IS....<voice name="emo-as-HQ">一</voice>
06-06 13:00:06.158 13010 13079 I IServicesManager: [10062][VerbalStateChangeCallback] isCallbackLive: true
06-06 13:00:06.159 13010 13079 W IVerbalManager: [10062][VerbalStateChangeCallback] Verbal.StateChangeListener.onStateChanged(tts.over, null);
06-06 13:00:06.160 13010 13079 I IVerbalManager: [10062][VerbalStateChangeCallback] TTS Over!
06-06 13:00:06.777 13010 13075 W System.err: [10062][Verbal-Engine] VerbalEngine: ShutUp
06-06 13:00:06.781 13010 13075 I System.out: [10062][Verbal-Engine] VerbalEngine: Speaking state = stopped
06-06 13:00:06.781 13010 13079 W IVerbalManager: [10062][VerbalStateChangeCallback] Verbal.StateChangeListener.onStateChanged(tts.state, Bundle[{data=<voice name="emo-as-HQ">一</voice>, message=cancel}]);
06-06 13:00:06.783 13010 13079 I IServicesManager: [10062][VerbalStateChangeCallback] isCallbackLive: true
06-06 13:00:06.783 13010 13021 I IVerbalManager: [10062][Binder_1] speaker = [0], pitch = [5], speed = [5], volume = [8], wakeupSoundPaths = [null], helloDelegateSoundPaths = [null]
06-06 13:00:06.783 13010 13075 W System.err: [10062][Verbal-Engine] VerbalEngine: setSpeakLanguage with (ZH)
06-06 13:00:06.783 13010 13021 I CindyBlendAdapter: [10062][Binder_1] isChinese(speakText) is ZH
06-06 13:00:06.784 13010 13075 W System.err: [10062][Verbal-Engine] VerbalEngine: setSpeakStyle with (speaker: 0, pitch: 5, speed: 5, volume: 8)
06-06 13:00:06.784 13010 13079 W IVerbalManager: [10062][VerbalStateChangeCallback] Verbal.StateChangeListener.onStateChanged(tts.over, null);
06-06 13:00:06.785 13010 13079 I IVerbalManager: [10062][VerbalStateChangeCallback] TTS Over!
06-06 13:00:06.786 13010 13075 W System.err: [10062][Verbal-Engine] call setSpeakStyle successful
06-06 13:00:06.794 13010 13075 I System.out: [10062][Verbal-Engine] VerbalEngine: Recognizing state is stopped
06-06 13:00:06.795 13010 13075 W System.err: [10062][Verbal-Engine] VerbalEngine: Speak text is <voice name="emo-as-HQ">小度很开心，又和大家拍了美美的合照</voice>
06-06 13:00:06.797 13010 13075 I System.out: [10062][Verbal-Engine] VerbalEngine: Speaking state = starting
06-06 13:00:06.798 13010 13075 W System.err: [10062][Verbal-Engine] VerbalEngine: onEvent: name->ss.synthesize.start, params->-1197318690
06-06 13:00:06.800 13010 13075 W System.err: [10062][Verbal-Engine] VerbalEngine: onEvent: name->ss.speech.start, params->-1197318690
06-06 13:00:06.800 13010 13075 I System.out: [10062][Verbal-Engine] VerbalEngine: Speaking state = started
06-06 13:00:06.801 13010 13079 W IVerbalManager: [10062][VerbalStateChangeCallback] Verbal.StateChangeListener.onStateChanged(tts.ready, Bundle[{data=<voice name="emo-as-HQ">小度很开心，又和大家拍了美美的合照</voice>}]);
06-06 13:00:06.802 13010 13079 I IServicesManager: [10062][VerbalStateChangeCallback] isCallbackLive: true
06-06 13:00:06.998 13010 13075 W System.err: [10062][Verbal-Engine] VerbalEngine: onEvent: name->ss.synthesize.data, params->-1197318690
06-06 13:00:07.003 13010 13075 W System.err: [10062][Verbal-Engine] VerbalEngine: onEvent: name->ss.synthesize.data, params->-1197318690
06-06 13:00:07.004 13010 22593 I System.out: [10062][PlayExecutorPoolThread(1)] #onSpeechProgressChanged progress=0
06-06 13:00:07.007 13010 13075 W System.err: [10062][Verbal-Engine] VerbalEngine: onEvent: name->ss.speech.progress, params->-1197318690
06-06 13:00:07.008 13010 13075 W System.err: [10062][Verbal-Engine] VerbalEngine: onEvent: name->ss.synthesize.data, params->-1197318690
06-06 13:00:07.012 13010 13075 W System.err: [10062][Verbal-Engine] VerbalEngine: onEvent: name->ss.synthesize.data, params->-1197318690
06-06 13:00:07.016 13010 13075 W System.err: [10062][Verbal-Engine] VerbalEngine: onEvent: name->ss.synthesize.data, params->-1197318690
06-06 13:00:07.020 13010 13075 W System.err: [10062][Verbal-Engine] VerbalEngine: onEvent: name->ss.synthesize.data, params->-1197318690
06-06 13:00:07.027 13010 13075 W System.err: [10062][Verbal-Engine] VerbalEngine: onEvent: name->ss.synthesize.data, params->-1197318690
06-06 13:00:07.027 13010 13075 W System.err: [10062][Verbal-Engine] VerbalEngine: onEvent: name->ss.synthesize.data, params->-1197318690
06-06 13:00:07.030 13010 13075 W System.err: [10062][Verbal-Engine] VerbalEngine: onEvent: name->ss.synthesize.data, params->-1197318690
06-06 13:00:07.033 13010 13075 W System.err: [10062][Verbal-Engine] VerbalEngine: onEvent: name->ss.synthesize.data, params->-1197318690
06-06 13:00:07.036 13010 13075 W System.err: [10062][Verbal-Engine] VerbalEngine: onEvent: name->ss.synthesize.data, params->-1197318690
06-06 13:00:07.040 13010 13075 W System.err: [10062][Verbal-Engine] VerbalEngine: onEvent: name->ss.synthesize.data, params->-1197318690
06-06 13:00:07.042 13010 13075 W System.err: [10062][Verbal-Engine] VerbalEngine: onEvent: name->ss.synthesize.data, params->-1197318690
06-06 13:00:07.046 13010 13075 W System.err: [10062][Verbal-Engine] VerbalEngine: onEvent: name->ss.synthesize.data, params->-1197318690
06-06 13:00:07.052 13010 13075 W System.err: [10062][Verbal-Engine] VerbalEngine: onEvent: name->ss.synthesize.data, params->-1197318690
06-06 13:00:07.054 13010 13075 W System.err: [10062][Verbal-Engine] VerbalEngine: onEvent: name->ss.synthesize.data, params->-1197318690
06-06 13:00:07.080 13010 22593 I System.out: [10062][PlayExecutorPoolThread(1)] #onSpeechProgressChanged progress=1
06-06 13:00:07.082 13010 13075 W System.err: [10062][Verbal-Engine] VerbalEngine: onEvent: name->ss.speech.progress, params->-1197318690
06-06 13:00:07.143 13010 13075 W System.err: [10062][Verbal-Engine] VerbalEngine: onEvent: name->ss.synthesize.data, params->-1197318690
06-06 13:00:07.148 13010 13075 W System.err: [10062][Verbal-Engine] VerbalEngine: onEvent: name->ss.synthesize.data, params->-1197318690
06-06 13:00:07.155 13010 13075 W System.err: [10062][Verbal-Engine] VerbalEngine: onEvent: name->ss.synthesize.data, params->-1197318690
06-06 13:00:07.162 13010 13075 W System.err: [10062][Verbal-Engine] VerbalEngine: onEvent: name->ss.synthesize.data, params->-1197318690
06-06 13:00:07.166 13010 13075 W System.err: [10062][Verbal-Engine] VerbalEngine: onEvent: name->ss.synthesize.data, params->-1197318690
06-06 13:00:07.198 13010 13075 W System.err: [10062][Verbal-Engine] VerbalEngine: onEvent: name->ss.synthesize.data, params->-1197318690
06-06 13:00:07.202 13010 13075 W System.err: [10062][Verbal-Engine] VerbalEngine: onEvent: name->ss.synthesize.data, params->-1197318690
06-06 13:00:07.206 13010 13075 W System.err: [10062][Verbal-Engine] VerbalEngine: onEvent: name->ss.synthesize.data, params->-1197318690
06-06 13:00:07.211 13010 13075 W System.err: [10062][Verbal-Engine] VerbalEngine: onEvent: name->ss.synthesize.data, params->-1197318690
06-06 13:00:07.213 13010 13075 W System.err: [10062][Verbal-Engine] VerbalEngine: onEvent: name->ss.synthesize.data, params->-1197318690
06-06 13:00:07.216 13010 13075 W System.err: [10062][Verbal-Engine] VerbalEngine: onEvent: name->ss.synthesize.data, params->-1197318690
06-06 13:00:07.220 13010 13075 W System.err: [10062][Verbal-Engine] VerbalEngine: onEvent: name->ss.synthesize.data, params->-1197318690
06-06 13:00:07.224 13010 13075 W System.err: [10062][Verbal-Engine] VerbalEngine: onEvent: name->ss.synthesize.data, params->-1197318690
06-06 13:00:07.226 13010 13075 W System.err: [10062][Verbal-Engine] VerbalEngine: onEvent: name->ss.synthesize.data, params->-1197318690
06-06 13:00:07.230 13010 13075 W System.err: [10062][Verbal-Engine] VerbalEngine: onEvent: name->ss.synthesize.data, params->-1197318690
06-06 13:00:07.233 13010 13075 W System.err: [10062][Verbal-Engine] VerbalEngine: onEvent: name->ss.synthesize.data, params->-1197318690
06-06 13:00:07.237 13010 13075 W System.err: [10062][Verbal-Engine] VerbalEngine: onEvent: name->ss.synthesize.data, params->-1197318690
06-06 13:00:07.242 13010 13075 W System.err: [10062][Verbal-Engine] VerbalEngine: onEvent: name->ss.synthesize.data, params->-1197318690
06-06 13:00:07.244 13010 13075 W System.err: [10062][Verbal-Engine] VerbalEngine: onEvent: name->ss.synthesize.data, params->-1197318690
06-06 13:00:07.246 13010 13075 W System.err: [10062][Verbal-Engine] VerbalEngine: onEvent: name->ss.synthesize.data, params->-1197318690
06-06 13:00:07.250 13010 13075 W System.err: [10062][Verbal-Engine] VerbalEngine: onEvent: name->ss.synthesize.data, params->-1197318690
06-06 13:00:07.255 13010 13075 W System.err: [10062][Verbal-Engine] VerbalEngine: onEvent: name->ss.synthesize.data, params->-1197318690
06-06 13:00:07.259 13010 13075 W System.err: [10062][Verbal-Engine] VerbalEngine: onEvent: name->ss.synthesize.data, params->-1197318690
06-06 13:00:07.259 13010 13075 W System.err: [10062][Verbal-Engine] VerbalEngine: onEvent: name->ss.synthesize.finish, params->-1197318690
06-06 13:00:07.265 13010 22593 I System.out: [10062][PlayExecutorPoolThread(1)] #onSpeechProgressChanged progress=2
06-06 13:00:07.267 13010 13075 W System.err: [10062][Verbal-Engine] VerbalEngine: onEvent: name->ss.speech.progress, params->-1197318690
06-06 13:00:07.451 13010 22593 I System.out: [10062][PlayExecutorPoolThread(1)] #onSpeechProgressChanged progress=3
06-06 13:00:07.452 13010 13075 W System.err: [10062][Verbal-Engine] VerbalEngine: onEvent: name->ss.speech.progress, params->-1197318690
06-06 13:00:07.637 13010 22593 I System.out: [10062][PlayExecutorPoolThread(1)] #onSpeechProgressChanged progress=3
06-06 13:00:07.638 13010 13075 W System.err: [10062][Verbal-Engine] VerbalEngine: onEvent: name->ss.speech.progress, params->-1197318690
06-06 13:00:07.823 13010 22593 I System.out: [10062][PlayExecutorPoolThread(1)] #onSpeechProgressChanged progress=4
06-06 13:00:07.824 13010 13075 W System.err: [10062][Verbal-Engine] VerbalEngine: onEvent: name->ss.speech.progress, params->-1197318690
06-06 13:00:08.009 13010 22593 I System.out: [10062][PlayExecutorPoolThread(1)] #onSpeechProgressChanged progress=5
06-06 13:00:08.010 13010 13075 W System.err: [10062][Verbal-Engine] VerbalEngine: onEvent: name->ss.speech.progress, params->-1197318690
06-06 13:00:08.287 13010 22593 I System.out: [10062][PlayExecutorPoolThread(1)] #onSpeechProgressChanged progress=6
06-06 13:00:08.288 13010 13075 W System.err: [10062][Verbal-Engine] VerbalEngine: onEvent: name->ss.speech.progress, params->-1197318690
06-06 13:00:08.473 13010 22593 I System.out: [10062][PlayExecutorPoolThread(1)] #onSpeechProgressChanged progress=7
06-06 13:00:08.474 13010 13075 W System.err: [10062][Verbal-Engine] VerbalEngine: onEvent: name->ss.speech.progress, params->-1197318690
06-06 13:00:08.567 13010 22593 I System.out: [10062][PlayExecutorPoolThread(1)] #onSpeechProgressChanged progress=8
06-06 13:00:08.568 13010 13075 W System.err: [10062][Verbal-Engine] VerbalEngine: onEvent: name->ss.speech.progress, params->-1197318690
06-06 13:00:08.753 13010 22593 I System.out: [10062][PlayExecutorPoolThread(1)] #onSpeechProgressChanged progress=9
06-06 13:00:08.754 13010 13075 W System.err: [10062][Verbal-Engine] VerbalEngine: onEvent: name->ss.speech.progress, params->-1197318690
06-06 13:00:09.031 13010 22593 I System.out: [10062][PlayExecutorPoolThread(1)] #onSpeechProgressChanged progress=10
06-06 13:00:09.032 13010 13075 W System.err: [10062][Verbal-Engine] VerbalEngine: onEvent: name->ss.speech.progress, params->-1197318690
06-06 13:00:09.216 13010 22593 I System.out: [10062][PlayExecutorPoolThread(1)] #onSpeechProgressChanged progress=11
06-06 13:00:09.217 13010 13075 W System.err: [10062][Verbal-Engine] VerbalEngine: onEvent: name->ss.speech.progress, params->-1197318690
06-06 13:00:09.402 13010 22593 I System.out: [10062][PlayExecutorPoolThread(1)] #onSpeechProgressChanged progress=12
06-06 13:00:09.403 13010 13075 W System.err: [10062][Verbal-Engine] VerbalEngine: onEvent: name->ss.speech.progress, params->-1197318690
