06-06 13:00:09.588 13010 22593 I System.out: [10062][PlayExecutorPoolThread(1)] #onSpeechProgressChanged progress=13
06-06 13:00:09.589 13010 13075 W System.err: [10062][Verbal-Engine] VerbalEngine: onEvent: name->ss.speech.progress, params->-1197318690
06-06 13:00:09.775 13010 22593 I System.out: [10062][PlayExecutorPoolThread(1)] #onSpeechProgressChanged progress=14
06-06 13:00:09.775 13010 13075 W System.err: [10062][Verbal-Engine] VerbalEngine: onEvent: name->ss.speech.progress, params->-1197318690
06-06 13:00:09.960 13010 22593 I System.out: [10062][PlayExecutorPoolThread(1)] #onSpeechProgressChanged progress=15
06-06 13:00:09.960 13010 13075 W System.err: [10062][Verbal-Engine] VerbalEngine: onEvent: name->ss.speech.progress, params->-1197318690
06-06 13:00:10.240 13010 22593 I System.out: [10062][PlayExecutorPoolThread(1)] #onSpeechProgressChanged progress=16
06-06 13:00:10.242 13010 13075 W System.err: [10062][Verbal-Engine] VerbalEngine: onEvent: name->ss.speech.progress, params->-1197318690
06-06 13:00:10.425 13010 22593 I System.out: [10062][PlayExecutorPoolThread(1)] #onSpeechProgressChanged progress=17
06-06 13:00:10.426 13010 13075 W System.err: [10062][Verbal-Engine] VerbalEngine: onEvent: name->ss.speech.progress, params->-1197318690
06-06 13:00:10.517 13010 22593 I System.out: [10062][PlayExecutorPoolThread(1)] #onSpeechProgressChanged progress=17
06-06 13:00:10.518 13010 13075 W System.err: [10062][Verbal-Engine] VerbalEngine: onEvent: name->ss.speech.progress, params->-1197318690
06-06 13:00:10.518 13010 13075 W System.err: [10062][Verbal-Engine] VerbalEngine: onEvent: name->ss.speech.finish, params->-1197318690
06-06 13:00:10.519 13010 13075 I System.out: [10062][Verbal-Engine] VerbalEngine: Speaking state = stopped
06-06 13:00:10.522 13010 13079 W IVerbalManager: [10062][VerbalStateChangeCallback] Verbal.StateChangeListener.onStateChanged(tts.result, Bundle[{data=<voice name="emo-as-HQ">小度很开心，又和大家拍了美美的合照</voice>}]);
06-06 13:00:10.523 13010 13079 I IVerbalManager: [10062][VerbalStateChangeCallback] TEXT IS....<voice name="emo-as-HQ">小度很开心，又和大家拍了美美的合照</voice>
06-06 13:00:10.524 13010 13079 I IServicesManager: [10062][VerbalStateChangeCallback] isCallbackLive: true
06-06 13:00:10.525 13010 13079 W IVerbalManager: [10062][VerbalStateChangeCallback] Verbal.StateChangeListener.onStateChanged(tts.over, null);
06-06 13:00:10.525 13010 13079 I IVerbalManager: [10062][VerbalStateChangeCallback] TTS Over!
06-06 13:00:15.850 13010 13021 I CindyBlendAdapter: [10062][Binder_1] sMode: none sLanguage: zh
06-06 13:00:15.861 13010 13021 I InteractSession: [10062][Binder_1] session open
06-06 13:00:15.864 13010 13021 I Tracker: [10062][Binder_1] onSessionStateChanged not intercept this session
06-06 13:00:15.865 13010 13021 I InteractSession: [10062][Binder_1] session open
06-06 13:00:15.865 13010 13021 I Tracker: [10062][Binder_1] onSessionStateChanged not intercept this session
06-06 13:00:15.866 13010 13021 E MediaPlayerUtils: [10062][Binder_1] currentvolume ...15
06-06 13:00:15.867 13010 13021 E HelloDelegate: [10062][Binder_1] task is null?==null...task type MediaTask?..==false..task type BDMusicTask?==false..task type ttstask?==falsebackground type==false
06-06 13:00:15.871 13010 13021 W DuRobotAccountManager: [10062][Binder_1] [ "cindy" ] before sign, the string is suid2275BCF18EF44103A8B93A6BC4522A3Csalt7655798939timestamp1496725215869EFKKDUfdkaD982~!jK
06-06 13:00:15.874 13010 13021 I HelloDelegate: [10062][Binder_1] >>!>>!>!>! YES intercept
06-06 13:00:15.878 13010 13021 I IServicesManager: [10062][Binder_1] isCallbackLive: true
06-06 13:00:15.879 13010 19522 I HttpLoggingInterceptor: [10062][OkHttp http://robokit.baidu.com/...] --> POST http://robokit.baidu.com/durobot/v2/robotagent http/1.1
06-06 13:00:15.879 13010 19522 I HttpLoggingInterceptor: [10062][OkHttp http://robokit.baidu.com/...] Content-Type: application/x-www-form-urlencoded
06-06 13:00:15.880 13010 19522 I HttpLoggingInterceptor: [10062][OkHttp http://robokit.baidu.com/...] Content-Length: 394
06-06 13:00:15.880 13010 13075 I System.out: [10062][Verbal-Engine] VerbalEngine: Speaking state is stopped
06-06 13:00:15.880 13010 19522 I HttpLoggingInterceptor: [10062][OkHttp http://robokit.baidu.com/...] Host: robokit.baidu.com
06-06 13:00:15.881 13010 13075 W VerbalEngine: [10062][Verbal-Engine] BDVerbalEngine.startRecognize -- Baidu
06-06 13:00:15.881 13010 19522 I HttpLoggingInterceptor: [10062][OkHttp http://robokit.baidu.com/...] Connection: Keep-Alive
06-06 13:00:15.881 13010 13075 I System.out: [10062][Verbal-Engine] VerbalEngine: Recognizing state is stopped
06-06 13:00:15.882 13010 19522 I HttpLoggingInterceptor: [10062][OkHttp http://robokit.baidu.com/...] Accept-Encoding: gzip
06-06 13:00:15.882 13010 13075 I System.out: [10062][Verbal-Engine] VerbalEngine: Recognizing state = starting
06-06 13:00:15.882 13010 19522 I HttpLoggingInterceptor: [10062][OkHttp http://robokit.baidu.com/...] User-Agent: robokit
06-06 13:00:15.882 13010 19522 I HttpLoggingInterceptor: [10062][OkHttp http://robokit.baidu.com/...] 
06-06 13:00:15.883 13010 19522 I HttpLoggingInterceptor: [10062][OkHttp http://robokit.baidu.com/...] req=experience&robot_token=003VYYSmUy30%2Fp7rDpxC0OCW4dWDFa%2FSK0wS%2F8yBrrhIKuSxGoKLBGVyVb%2FCOel9hiNxH%2BY401PgDiy1PAfmJtQ3IDR3FVTWLiKrImwiMUdhANE2pX7Ow0IVdRg8joG9ojm78cfKNuiMRD89GAjSujPyBp1fK5urNQ4V7U72ynaYw%3D&exp_type=4000&primary_data=%7B%22timestamp%22%3A1496725215867%7D&suid=2275BCF18EF44103A8B93A6BC4522A3C&timestamp=1496725215869&salt=7655798939&sign=4a5adbbe6e14aabfa3432fd175b6e973
06-06 13:00:15.884 13010 19522 I HttpLoggingInterceptor: [10062][OkHttp http://robokit.baidu.com/...] --> END POST (394-byte body)
06-06 13:00:15.896 13010 13075 I PlayMixer: [10062][Verbal-Engine] dump tasks:[黄色给人轻快，充满希望和活力的感觉]
06-06 13:00:15.897 13010 13075 I PlayMixer: [10062][Verbal-Engine] getCurrentLocation(default=-1): 1
06-06 13:00:15.900 13010 13075 W System.err: [10062][Verbal-Engine] VerbalEngine: Recognizer.start with: {"infile":"#com.baidu.durobot.services.verbal.internal.BDVerbalEngine.createRecognizeAudioSource()","vad.endpoint-timeout":15000,"decoder-server.cok":"{\"BAIDULOC\":\"1.2947429343358E7_4846382.621252_92.84871673583984_131_1496752175000\"}","appid":"9254469","pid":"1591","need-callback-speech":true,"decoder-server.auth":true,"url":"http:\/\/vse.baidu.com\/v2","apikey":"2SKFovQktSZPGwqINLUo7S7F","server-vad":false,"decoder-server.pam":"{\"client_ip\":\"61.135.169.91\",\"product\":\"prrobot\",\"loc\":\"{\\\"city\\\":\\\"北京市\\\"}\",\"lang\":\"zh\",\"mode\":\"none\",\"uuid\":\"1569070058244288\",\"current_location\":\"1\"}","dec-type":1,"enable-early-return":false,"decoder-server.ptc":305,"decoder-server.key":"com.baidu.durobot.launcher","secret":"a3b39b6b4bb8cafbdb62894fb0e3a0a1","vad":"model-vad","decoder":0,"auth":true,"nlu":"enable","sample":16000,"decoder-server-fun.disable-punctuation":true}
06-06 13:00:15.924 13010 20388 W System.err: [10062][Thread-16497] AudioProviderMonoRecognizeSource id: com.baidu.durobot.services.verbal.internal.AudioProviderMonoRecognizeSource@419fe260
06-06 13:00:15.926 13010 20388 W System.err: [10062][Thread-16497] AudioProviderSource: Open audio source.
06-06 13:00:15.929 13010 19522 I HttpLoggingInterceptor: [10062][OkHttp http://robokit.baidu.com/...] <-- 200 OK http://robokit.baidu.com/durobot/v2/robotagent (45ms)
06-06 13:00:15.930 13010 19522 I HttpLoggingInterceptor: [10062][OkHttp http://robokit.baidu.com/...] Content-Type: application/json
06-06 13:00:15.930 13010 20388 W System.err: [10062][Thread-16497] AudioRecordThread start
06-06 13:00:15.930 13010 19522 I HttpLoggingInterceptor: [10062][OkHttp http://robokit.baidu.com/...] Date: Tue, 06 Jun 2017 05:00:15 GMT
06-06 13:00:15.931 13010 19522 I HttpLoggingInterceptor: [10062][OkHttp http://robokit.baidu.com/...] P3p: CP=" OTI DSP COR IVA OUR IND COM "
06-06 13:00:15.932 13010 19522 I HttpLoggingInterceptor: [10062][OkHttp http://robokit.baidu.com/...] P3p: CP=" OTI DSP COR IVA OUR IND COM "
06-06 13:00:15.933 13010 19522 I HttpLoggingInterceptor: [10062][OkHttp http://robokit.baidu.com/...] Server: Apache
06-06 13:00:15.933 13010 19522 I HttpLoggingInterceptor: [10062][OkHttp http://robokit.baidu.com/...] Set-Cookie: BAIDUID=79A933A9A1A87FBE0BE8301F3C59FDAE:FG=1; expires=Wed, 06-Jun-18 05:00:15 GMT; max-age=31536000; path=/; domain=.baidu.com; version=1
06-06 13:00:15.934 13010 19522 I HttpLoggingInterceptor: [10062][OkHttp http://robokit.baidu.com/...] Set-Cookie: BAIDUID=22214BE2F8627232C8125FF10FF74354:FG=1; expires=Wed, 06-Jun-18 05:00:15 GMT; max-age=31536000; path=/; domain=.baidu.com; version=1
06-06 13:00:15.936 13010 19522 I HttpLoggingInterceptor: [10062][OkHttp http://robokit.baidu.com/...] Tracecode: 00158730170557748234060613
06-06 13:00:15.937 13010 19522 I HttpLoggingInterceptor: [10062][OkHttp http://robokit.baidu.com/...] Tracecode: 00158484690448106506060613
06-06 13:00:15.938 13010 19522 I HttpLoggingInterceptor: [10062][OkHttp http://robokit.baidu.com/...] Content-Length: 37
06-06 13:00:15.944 13010 19522 I HttpLoggingInterceptor: [10062][OkHttp http://robokit.baidu.com/...] 
06-06 13:00:15.951 13010 19522 I HttpLoggingInterceptor: [10062][OkHttp http://robokit.baidu.com/...] {"error":0,"errormsg":"\u6210\u529f"}
06-06 13:00:15.953 13010 19522 I HttpLoggingInterceptor: [10062][OkHttp http://robokit.baidu.com/...] <-- END HTTP (37-byte body)
06-06 13:00:15.956 13010 19522 I JsonHttpResponse: [10062][OkHttp http://robokit.baidu.com/...] originJson: {"error":0,"errormsg":"\u6210\u529f"}
06-06 13:00:15.960 13010 19522 I HelloDelegate: [10062][OkHttp http://robokit.baidu.com/...] DuRobotAccountManager.uploadRobotWakeupEvent success!
06-06 13:00:15.960 13010 19522 I DuRobotAccountManager: [10062][OkHttp http://robokit.baidu.com/...] uploadRobotWakeupEvent jsonHttpResponse => {"error":0,"errormsg":"\u6210\u529f"}
06-06 13:00:15.991 13010 13075 W System.err: [10062][Verbal-Engine] VerbalEngine: onEvent: name->asr.ready, params->{}
06-06 13:00:15.993 13010 13075 I System.out: [10062][Verbal-Engine] VerbalEngine: Recognizing state = started
06-06 13:00:15.995 13010 13079 W IVerbalManager: [10062][VerbalStateChangeCallback] Verbal.StateChangeListener.onStateChanged(recognize.ready, null);
06-06 13:00:16.007 13010 13079 I IServicesManager: [10062][VerbalStateChangeCallback] isCallbackLive: true
06-06 13:00:16.390 13010 13075 W System.err: [10062][Verbal-Engine] VerbalEngine: onEvent: name->asr.volume, params->{"volume":753,"volume-percent":15}
06-06 13:00:16.399 13010 13075 W System.err: [10062][Verbal-Engine] VerbalEngine: onEvent: name->asr.volume, params->{"volume":584,"volume-percent":11}
06-06 13:00:16.412 13010 13075 W System.err: [10062][Verbal-Engine] VerbalEngine: onEvent: name->asr.volume, params->{"volume":427,"volume-percent":8}
06-06 13:00:16.417 13010 13075 W System.err: [10062][Verbal-Engine] VerbalEngine: onEvent: name->asr.volume, params->{"volume":953,"volume-percent":19}
06-06 13:00:16.423 13010 13075 W System.err: [10062][Verbal-Engine] VerbalEngine: onEvent: name->asr.volume, params->{"volume":1093,"volume-percent":21}
06-06 13:00:16.881 13010 13075 W System.err: [10062][Verbal-Engine] VerbalEngine: onEvent: name->asr.volume, params->{"volume":10067,"volume-percent":100}
06-06 13:00:16.885 13010 13075 W System.err: [10062][Verbal-Engine] VerbalEngine: onEvent: name->asr.volume, params->{"volume":28164,"volume-percent":100}
06-06 13:00:16.910 13010 13075 W System.err: [10062][Verbal-Engine] VerbalEngine: onEvent: name->asr.volume, params->{"volume":18151,"volume-percent":100}
06-06 13:00:16.915 13010 13075 W System.err: [10062][Verbal-Engine] VerbalEngine: onEvent: name->asr.volume, params->{"volume":28413,"volume-percent":100}
06-06 13:00:16.921 13010 13075 W System.err: [10062][Verbal-Engine] VerbalEngine: onEvent: name->asr.volume, params->{"volume":22988,"volume-percent":100}
06-06 13:00:17.322 13010 13075 W System.err: [10062][Verbal-Engine] VerbalEngine: onEvent: name->asr.volume, params->{"volume":24596,"volume-percent":100}
06-06 13:00:17.373 13010 13075 W System.err: [10062][Verbal-Engine] VerbalEngine: onEvent: name->asr.volume, params->{"volume":25718,"volume-percent":100}
06-06 13:00:17.376 13010 13075 W System.err: [10062][Verbal-Engine] VerbalEngine: onEvent: name->asr.volume, params->{"volume":24684,"volume-percent":100}
06-06 13:00:17.381 13010 13075 W System.err: [10062][Verbal-Engine] VerbalEngine: onEvent: name->asr.volume, params->{"volume":24389,"volume-percent":100}
06-06 13:00:17.384 13010 13075 W System.err: [10062][Verbal-Engine] VerbalEngine: onEvent: name->asr.volume, params->{"volume":17114,"volume-percent":100}
06-06 13:00:17.388 13010 13075 W System.err: [10062][Verbal-Engine] VerbalEngine: onEvent: name->asr.sn, params->{"sn":"cuid=a03f383a55fbae475be188afd5e5c661&sn=07729739-ea9e-4077-adbd-09666859d032&nettype=4"}
06-06 13:00:17.390 13010 13075 W System.err: [10062][Verbal-Engine] VerbalEngine: onEvent: name->asr.begin, params->{}
06-06 13:00:17.878 13010 13075 W System.err: [10062][Verbal-Engine] VerbalEngine: onEvent: name->asr.volume, params->{"volume":22785,"volume-percent":100}
06-06 13:00:17.882 13010 13075 W System.err: [10062][Verbal-Engine] VerbalEngine: onEvent: name->asr.volume, params->{"volume":25090,"volume-percent":100}
06-06 13:00:17.887 13010 13075 W System.err: [10062][Verbal-Engine] VerbalEngine: onEvent: name->asr.volume, params->{"volume":20357,"volume-percent":100}
06-06 13:00:17.893 13010 13075 W System.err: [10062][Verbal-Engine] VerbalEngine: onEvent: name->asr.volume, params->{"volume":9462,"volume-percent":100}
06-06 13:00:17.898 13010 13075 W System.err: [10062][Verbal-Engine] VerbalEngine: onEvent: name->asr.partial, params->{"result_type":"partial_result","best_result":"去","results_recognition":["去"],"origin_result":{"result":{"word":["去"]},"sn":"07729739-ea9e-4077-adbd-09666859d032","err_no":0,"corpus_no":6428385854448860116},"error":0}
06-06 13:00:17.899 13010 13079 W IVerbalManager: [10062][VerbalStateChangeCallback] Verbal.StateChangeListener.onStateChanged(785903321, Bundle[{TEMP-DNN-internal29392-jfmosakke-sdahkgfwoawmm=去}]);
06-06 13:00:17.900 13010 13079 I IServicesManager: [10062][VerbalStateChangeCallback] isCallbackLive: true
06-06 13:00:18.175 13010 13075 I System.out: [10062][Verbal-Engine] VerbalEngine: Recognizing state is started
06-06 13:00:18.175 13010 13075 I System.out: [10062][Verbal-Engine] VerbalEngine: Recognizing state is started
06-06 13:00:18.176 13010 13075 I System.out: [10062][Verbal-Engine] VerbalEngine: Recognizing state = stopping
06-06 13:00:18.177 13010 13075 W System.err: [10062][Verbal-Engine] VerbalEngine: Recognizer.stop
06-06 13:00:18.316 13010 22758 W System.err: [10062][Thread-16498] AudioProviderMonoRecognizeSource: Close audio source.
06-06 13:00:18.349 13010 13075 W System.err: [10062][Verbal-Engine] VerbalEngine: onEvent: name->asr.end, params->{}
06-06 13:00:18.695 13010 13075 W System.err: [10062][Verbal-Engine] VerbalEngine: onEvent: name->asr.partial, params->{"result_type":"final_result","best_result":"班车在哪","results_recognition":["班车在哪"],"origin_result":{"result":{"word":["班车在哪"]},"sn":"07729739-ea9e-4077-adbd-09666859d032","err_no":0,"corpus_no":6428385854448860116},"error":0}
06-06 13:00:18.956 13010 13075 W System.err: [10062][Verbal-Engine] VerbalEngine: onEvent: name->asr.partial, params->{"result_type":"third_result","origin_result":"","best_result":""}
06-06 13:00:18.959 13010 13075 W System.err: [10062][Verbal-Engine] VerbalEngine: onEvent: name->asr.partial, params->{"result_type":"third_result","origin_result":"","best_result":""}
06-06 13:00:18.967 13010 13075 W System.err: [10062][Verbal-Engine] VerbalEngine: third_result={
  "errno": 0,
  "raw_text": "班车在哪",
  "meta": {
    "srcid": "4471",
    "ec_query": "班车在哪",
    "rewrite_query": "最近一趟班车是什么时间",
    "current_location": 0,
    "query": "班车在哪"
  },
  "result": [
    {
      "type": "tts",
      "value": "请问您是要去往哪个目的地呢？",
      "readable": true
    }
  ]
}
06-06 13:00:18.970 13010 13075 W System.err: [10062][Verbal-Engine] VerbalEngine: onEvent: name->asr.finish, params->{"error":0,"origin_result":{"error":"Speech Recognize success.","sn":"cuid=a03f383a55fbae475be188afd5e5c661&sn=07729739-ea9e-4077-adbd-09666859d032&nettype=4","err_no":0},"desc":"Speech Recognize success."}
06-06 13:00:18.970 13010 13075 I System.out: [10062][Verbal-Engine] VerbalEngine: Recognizing state = stopped
06-06 13:00:18.988 13010 13079 W IVerbalManager: [10062][VerbalStateChangeCallback] Verbal.StateChangeListener.onStateChanged(recognize.result, Bundle[{data={
  "recognize_result": "班车在哪",
  "nlu_result": {
    "errno": 0.0,
    "raw_text": "班车在哪",
    "meta": {
      "srcid": "4471",
      "ec_query": "班车在哪",
      "rewrite_query": "最近一趟班车是什么时间",
      "current_location": 0.0,
      "query": "班车在哪"
    },
    "result": [
      {
        "type": "tts",
        "value": "请问您是要去往哪个目的地呢？",
        "readable": true
      }
    ]
  }
}}]);
06-06 13:00:18.990 13010 13288 W PlayMixer: [10062][PlayMixer-Subscribe]  VERBAL_INTERRUPT
06-06 13:00:18.990 13010 13075 W System.err: [10062][Verbal-Engine] VerbalEngine: onEvent: name->asr.exit, params->{}
06-06 13:00:18.991 13010 13075 I System.out: [10062][Verbal-Engine] VerbalEngine: Recognizing state = stopped
06-06 13:00:18.992 13010 13075 I Tracker: [10062][Verbal-Engine] getCurrentRecognizeSourcePcmPath() == null
06-06 13:00:19.012 13010 13079 I SIDEWEAR: [10062][VerbalStateChangeCallback] {
    "result": [
        {
            "type": "tts",
            "value": "请问您是要去往哪个目的地呢？",
            "readable": true
        }
    ],
    "meta": {
        "rewrite_query": "最近一趟班车是什么时间",
        "ec_query": "班车在哪",
        "srcid": "4471",
        "current_location": 0,
        "query": "班车在哪"
    },
    "errno": 0,
    "raw_text": "班车在哪"
}
06-06 13:00:19.013 13010 13079 I ServerMessage: [10062][VerbalStateChangeCallback] JSON result:{"result":[{"value":"请问您是要去往哪个目的地呢？","type":"tts","readable":true}],"meta":{"rewrite_query":"最近一趟班车是什么时间","ec_query":"班车在哪","srcid":"4471","current_location":0,"query":"班车在哪"},"raw_text":"班车在哪","errno":0}
06-06 13:00:19.014 13010 13288 I MediaPlayerUtils: [10062][PlayMixer-Subscribe] MediaPlayerUtils =》 stopMediaPlayer
06-06 13:00:19.016 13010 13075 W System.err: [10062][Verbal-Engine] VerbalEngine: ShutUp
06-06 13:00:19.020 13010 13079 I InterventionManager: [10062][VerbalStateChangeCallback] mDatagramSocketServer.send : {
  "args": {
    "error": "",
    "expression_index": -1,
    "lang": "zh",
    "raw_text": "班车在哪",
    "result": "请问您是要去往哪个目的地呢？",
    "translation": "none"
  },
  "content": "result",
  "type": "recognition"
}
06-06 13:00:19.023 13010 13079 I IChannelManager: [10062][VerbalStateChangeCallback] send datagram packet
06-06 13:00:19.061 13010 13075 I System.out: [10062][Verbal-Engine] VerbalEngine: Speaking state = stopped
06-06 13:00:19.067 13010 13079 I IChannelManager: [10062][VerbalStateChangeCallback] send datagram packet
06-06 13:00:19.068 13010 13079 I MessageHandler: [10062][VerbalStateChangeCallback] onServerMessage, result element number = 1
06-06 13:00:19.069 13010 13079 I MessageHandler: [10062][VerbalStateChangeCallback] not interrupt.....
06-06 13:00:19.070 13010 13079 I MediaPlayerUtils: [10062][VerbalStateChangeCallback] MediaPlayerUtils =》 stopMediaPlayer
06-06 13:00:19.071 13010 13289 I PlayMixer: [10062][PlayMixer] SpeakStyle ttstask...
06-06 13:00:19.072 13010 13289 I IVerbalManager: [10062][PlayMixer] arr length = 0
06-06 13:00:19.072 13010 13289 I IVerbalManager: [10062][PlayMixer] speaker = [0], pitch = [5], speed = [4], volume = [8], wakeupSoundPaths = [null], helloDelegateSoundPaths = [null]
06-06 13:00:19.076 13010 13075 W System.err: [10062][Verbal-Engine] VerbalEngine: ShutUp
06-06 13:00:19.077 13010 13075 I System.out: [10062][Verbal-Engine] VerbalEngine: Speaking state = stopped
06-06 13:00:19.077 13010 13075 W System.err: [10062][Verbal-Engine] VerbalEngine: setSpeakStyle with (speaker: 0, pitch: 5, speed: 4, volume: 8)
06-06 13:00:19.078 13010 13075 W System.err: [10062][Verbal-Engine] call setSpeakStyle successful
06-06 13:00:19.082 13010 13079 I IServicesManager: [10062][VerbalStateChangeCallback] isCallbackLive: true
06-06 13:00:19.083 13010 13079 W IVerbalManager: [10062][VerbalStateChangeCallback] Verbal.StateChangeListener.onStateChanged(recognize.over, null);
06-06 13:00:19.084 13010 13079 I IVerbalManager: [10062][VerbalStateChangeCallback] RECOGNIZE Over!
06-06 13:00:19.084 13010 13079 W IVerbalManager: [10062][VerbalStateChangeCallback] Verbal.StateChangeListener.onStateChanged(tts.state, Bundle[{data=<voice name="emo-as-HQ">小度很开心，又和大家拍了美美的合照</voice>, message=cancel}]);
06-06 13:00:19.085 13010 13079 I IServicesManager: [10062][VerbalStateChangeCallback] isCallbackLive: true
06-06 13:00:19.085 13010 13079 W IVerbalManager: [10062][VerbalStateChangeCallback] Verbal.StateChangeListener.onStateChanged(tts.over, null);
06-06 13:00:19.086 13010 13079 I IVerbalManager: [10062][VerbalStateChangeCallback] TTS Over!
06-06 13:00:19.086 13010 13079 W IVerbalManager: [10062][VerbalStateChangeCallback] Verbal.StateChangeListener.onStateChanged(tts.state, Bundle[{data=null, message=cancel}]);
06-06 13:00:19.087 13010 13079 I IServicesManager: [10062][VerbalStateChangeCallback] isCallbackLive: true
06-06 13:00:19.088 13010 13079 W IVerbalManager: [10062][VerbalStateChangeCallback] Verbal.StateChangeListener.onStateChanged(tts.over, null);
06-06 13:00:19.089 13010 13079 I IVerbalManager: [10062][VerbalStateChangeCallback] TTS Over!
06-06 13:00:19.173 13010 13289 I IVerbalManager: [10062][PlayMixer] speaker = [0], pitch = [5], speed = [5], volume = [8], wakeupSoundPaths = [null], helloDelegateSoundPaths = [null]
06-06 13:00:19.173 13010 13075 W System.err: [10062][Verbal-Engine] VerbalEngine: setSpeakLanguage with (ZH)
06-06 13:00:19.174 13010 13289 I CindyBlendAdapter: [10062][PlayMixer] isChinese(speakText) is ZH
06-06 13:00:19.174 13010 13075 W System.err: [10062][Verbal-Engine] VerbalEngine: setSpeakStyle with (speaker: 0, pitch: 5, speed: 5, volume: 8)
06-06 13:00:19.175 13010 13075 W System.err: [10062][Verbal-Engine] call setSpeakStyle successful
06-06 13:00:19.185 13010 13075 I System.out: [10062][Verbal-Engine] VerbalEngine: Recognizing state is stopped
06-06 13:00:19.186 13010 13075 W System.err: [10062][Verbal-Engine] VerbalEngine: Speak text is <voice name="emo-as-HQ">请问您是要去往哪个目的地呢？</voice>
06-06 13:00:19.187 13010 13075 I System.out: [10062][Verbal-Engine] VerbalEngine: Speaking state = starting
06-06 13:00:19.189 13010 13075 W System.err: [10062][Verbal-Engine] VerbalEngine: onEvent: name->ss.synthesize.start, params->-1510995090
06-06 13:00:19.190 13010 13075 W System.err: [10062][Verbal-Engine] VerbalEngine: onEvent: name->ss.speech.start, params->-1510995090
06-06 13:00:19.192 13010 13075 I System.out: [10062][Verbal-Engine] VerbalEngine: Speaking state = started
06-06 13:00:19.192 13010 13079 W IVerbalManager: [10062][VerbalStateChangeCallback] Verbal.StateChangeListener.onStateChanged(tts.ready, Bundle[{data=<voice name="emo-as-HQ">请问您是要去往哪个目的地呢？</voice>}]);
06-06 13:00:19.193 13010 13079 I IServicesManager: [10062][VerbalStateChangeCallback] isCallbackLive: true
06-06 13:00:19.472 13010 13075 W System.err: [10062][Verbal-Engine] VerbalEngine: onEvent: name->ss.synthesize.data, params->-1510995090
06-06 13:00:19.481 13010 22821 I System.out: [10062][PlayExecutorPoolThread(1)] #onSpeechProgressChanged progress=0
06-06 13:00:19.481 13010 13075 W System.err: [10062][Verbal-Engine] VerbalEngine: onEvent: name->ss.synthesize.data, params->-1510995090
06-06 13:00:19.482 13010 13075 W System.err: [10062][Verbal-Engine] VerbalEngine: onEvent: name->ss.speech.progress, params->-1510995090
06-06 13:00:19.487 13010 13075 W System.err: [10062][Verbal-Engine] VerbalEngine: onEvent: name->ss.synthesize.data, params->-1510995090
06-06 13:00:19.492 13010 13075 W System.err: [10062][Verbal-Engine] VerbalEngine: onEvent: name->ss.synthesize.data, params->-1510995090
06-06 13:00:19.500 13010 13075 W System.err: [10062][Verbal-Engine] VerbalEngine: onEvent: name->ss.synthesize.data, params->-1510995090
06-06 13:00:19.503 13010 13075 W System.err: [10062][Verbal-Engine] VerbalEngine: onEvent: name->ss.synthesize.data, params->-1510995090
06-06 13:00:19.508 13010 13075 W System.err: [10062][Verbal-Engine] VerbalEngine: onEvent: name->ss.synthesize.data, params->-1510995090
06-06 13:00:19.513 13010 13075 W System.err: [10062][Verbal-Engine] VerbalEngine: onEvent: name->ss.synthesize.data, params->-1510995090
06-06 13:00:19.518 13010 13075 W System.err: [10062][Verbal-Engine] VerbalEngine: onEvent: name->ss.synthesize.data, params->-1510995090
06-06 13:00:19.522 13010 13075 W System.err: [10062][Verbal-Engine] VerbalEngine: onEvent: name->ss.synthesize.data, params->-1510995090
06-06 13:00:19.528 13010 13075 W System.err: [10062][Verbal-Engine] VerbalEngine: onEvent: name->ss.synthesize.data, params->-1510995090
06-06 13:00:19.532 13010 13075 W System.err: [10062][Verbal-Engine] VerbalEngine: onEvent: name->ss.synthesize.data, params->-1510995090
06-06 13:00:19.536 13010 13075 W System.err: [10062][Verbal-Engine] VerbalEngine: onEvent: name->ss.synthesize.data, params->-1510995090
06-06 13:00:19.542 13010 13075 W System.err: [10062][Verbal-Engine] VerbalEngine: onEvent: name->ss.synthesize.data, params->-1510995090
06-06 13:00:19.546 13010 13075 W System.err: [10062][Verbal-Engine] VerbalEngine: onEvent: name->ss.synthesize.data, params->-1510995090
06-06 13:00:19.549 13010 13075 W System.err: [10062][Verbal-Engine] VerbalEngine: onEvent: name->ss.synthesize.data, params->-1510995090
06-06 13:00:19.552 13010 13075 W System.err: [10062][Verbal-Engine] VerbalEngine: onEvent: name->ss.synthesize.data, params->-1510995090
06-06 13:00:19.555 13010 13075 W System.err: [10062][Verbal-Engine] VerbalEngine: onEvent: name->ss.synthesize.data, params->-1510995090
06-06 13:00:19.559 13010 13075 W System.err: [10062][Verbal-Engine] VerbalEngine: onEvent: name->ss.synthesize.data, params->-1510995090
06-06 13:00:19.562 13010 13075 W System.err: [10062][Verbal-Engine] VerbalEngine: onEvent: name->ss.synthesize.data, params->-1510995090
06-06 13:00:19.565 13010 13075 W System.err: [10062][Verbal-Engine] VerbalEngine: onEvent: name->ss.synthesize.data, params->-1510995090
06-06 13:00:19.569 13010 13075 W System.err: [10062][Verbal-Engine] VerbalEngine: onEvent: name->ss.synthesize.data, params->-1510995090
06-06 13:00:19.571 13010 13075 W System.err: [10062][Verbal-Engine] VerbalEngine: onEvent: name->ss.synthesize.data, params->-1510995090
06-06 13:00:19.576 13010 13075 W System.err: [10062][Verbal-Engine] VerbalEngine: onEvent: name->ss.synthesize.data, params->-1510995090
06-06 13:00:19.582 13010 13075 W System.err: [10062][Verbal-Engine] VerbalEngine: onEvent: name->ss.synthesize.data, params->-1510995090
06-06 13:00:19.586 13010 13075 W System.err: [10062][Verbal-Engine] VerbalEngine: onEvent: name->ss.synthesize.data, params->-1510995090
06-06 13:00:19.595 13010 13075 W System.err: [10062][Verbal-Engine] VerbalEngine: onEvent: name->ss.synthesize.data, params->-1510995090
06-06 13:00:19.598 13010 13075 W System.err: [10062][Verbal-Engine] VerbalEngine: onEvent: name->ss.synthesize.data, params->-1510995090
06-06 13:00:19.601 13010 13075 W System.err: [10062][Verbal-Engine] VerbalEngine: onEvent: name->ss.synthesize.data, params->-1510995090
06-06 13:00:19.605 13010 13075 W System.err: [10062][Verbal-Engine] VerbalEngine: onEvent: name->ss.synthesize.data, params->-1510995090
06-06 13:00:19.634 13010 22821 I System.out: [10062][PlayExecutorPoolThread(1)] #onSpeechProgressChanged progress=1
06-06 13:00:19.634 13010 13075 W System.err: [10062][Verbal-Engine] VerbalEngine: onEvent: name->ss.synthesize.data, params->-1510995090
06-06 13:00:19.635 13010 13075 W System.err: [10062][Verbal-Engine] VerbalEngine: onEvent: name->ss.speech.progress, params->-1510995090
06-06 13:00:19.636 13010 13075 W System.err: [10062][Verbal-Engine] VerbalEngine: onEvent: name->ss.synthesize.data, params->-1510995090
06-06 13:00:19.637 13010 13075 W System.err: [10062][Verbal-Engine] VerbalEngine: onEvent: name->ss.synthesize.data, params->-1510995090
06-06 13:00:19.639 13010 13075 W System.err: [10062][Verbal-Engine] VerbalEngine: onEvent: name->ss.synthesize.finish, params->-1510995090
06-06 13:00:19.800 13010 22821 I System.out: [10062][PlayExecutorPoolThread(1)] #onSpeechProgressChanged progress=2
06-06 13:00:19.801 13010 13075 W System.err: [10062][Verbal-Engine] VerbalEngine: onEvent: name->ss.speech.progress, params->-1510995090
06-06 13:00:19.893 13010 22821 I System.out: [10062][PlayExecutorPoolThread(1)] #onSpeechProgressChanged progress=3
06-06 13:00:19.898 13010 13075 W System.err: [10062][Verbal-Engine] VerbalEngine: onEvent: name->ss.speech.progress, params->-1510995090
06-06 13:00:20.171 13010 22821 I System.out: [10062][PlayExecutorPoolThread(1)] #onSpeechProgressChanged progress=4
06-06 13:00:20.172 13010 13075 W System.err: [10062][Verbal-Engine] VerbalEngine: onEvent: name->ss.speech.progress, params->-1510995090
06-06 13:00:20.357 13010 22821 I System.out: [10062][PlayExecutorPoolThread(1)] #onSpeechProgressChanged progress=5
06-06 13:00:20.357 13010 13075 W System.err: [10062][Verbal-Engine] VerbalEngine: onEvent: name->ss.speech.progress, params->-1510995090
06-06 13:00:20.543 13010 22821 I System.out: [10062][PlayExecutorPoolThread(1)] #onSpeechProgressChanged progress=6
06-06 13:00:20.544 13010 13075 W System.err: [10062][Verbal-Engine] VerbalEngine: onEvent: name->ss.speech.progress, params->-1510995090
06-06 13:00:20.729 13010 22821 I System.out: [10062][PlayExecutorPoolThread(1)] #onSpeechProgressChanged progress=6
06-06 13:00:20.730 13010 13075 W System.err: [10062][Verbal-Engine] VerbalEngine: onEvent: name->ss.speech.progress, params->-1510995090
06-06 13:00:20.914 13010 22821 I System.out: [10062][PlayExecutorPoolThread(1)] #onSpeechProgressChanged progress=7
06-06 13:00:20.916 13010 13075 W System.err: [10062][Verbal-Engine] VerbalEngine: onEvent: name->ss.speech.progress, params->-1510995090
06-06 13:00:21.100 13010 22821 I System.out: [10062][PlayExecutorPoolThread(1)] #onSpeechProgressChanged progress=8
06-06 13:00:21.101 13010 13075 W System.err: [10062][Verbal-Engine] VerbalEngine: onEvent: name->ss.speech.progress, params->-1510995090
06-06 13:00:21.379 13010 22821 I System.out: [10062][PlayExecutorPoolThread(1)] #onSpeechProgressChanged progress=9
06-06 13:00:21.381 13010 13075 W System.err: [10062][Verbal-Engine] VerbalEngine: onEvent: name->ss.speech.progress, params->-1510995090
06-06 13:00:21.565 13010 22821 I System.out: [10062][PlayExecutorPoolThread(1)] #onSpeechProgressChanged progress=10
06-06 13:00:21.566 13010 13075 W System.err: [10062][Verbal-Engine] VerbalEngine: onEvent: name->ss.speech.progress, params->-1510995090
06-06 13:00:21.750 13010 22821 I System.out: [10062][PlayExecutorPoolThread(1)] #onSpeechProgressChanged progress=11
06-06 13:00:21.751 13010 13075 W System.err: [10062][Verbal-Engine] VerbalEngine: onEvent: name->ss.speech.progress, params->-1510995090
06-06 13:00:21.936 13010 22821 I System.out: [10062][PlayExecutorPoolThread(1)] #onSpeechProgressChanged progress=12
06-06 13:00:21.937 13010 13075 W System.err: [10062][Verbal-Engine] VerbalEngine: onEvent: name->ss.speech.progress, params->-1510995090
06-06 13:00:22.121 13010 22821 I System.out: [10062][PlayExecutorPoolThread(1)] #onSpeechProgressChanged progress=13
06-06 13:00:22.122 13010 13075 W System.err: [10062][Verbal-Engine] VerbalEngine: onEvent: name->ss.speech.progress, params->-1510995090
06-06 13:00:22.400 13010 22821 I System.out: [10062][PlayExecutorPoolThread(1)] #onSpeechProgressChanged progress=13
06-06 13:00:22.401 13010 13075 W System.err: [10062][Verbal-Engine] VerbalEngine: onEvent: name->ss.speech.progress, params->-1510995090
06-06 13:00:22.403 13010 22821 I System.out: [10062][PlayExecutorPoolThread(1)] #onSpeechProgressChanged progress=14
06-06 13:00:22.404 13010 13075 W System.err: [10062][Verbal-Engine] VerbalEngine: onEvent: name->ss.speech.progress, params->-1510995090
06-06 13:00:22.405 13010 13075 W System.err: [10062][Verbal-Engine] VerbalEngine: onEvent: name->ss.speech.finish, params->-1510995090
06-06 13:00:22.405 13010 13075 I System.out: [10062][Verbal-Engine] VerbalEngine: Speaking state = stopped
06-06 13:00:22.406 13010 13079 W IVerbalManager: [10062][VerbalStateChangeCallback] Verbal.StateChangeListener.onStateChanged(tts.result, Bundle[{data=<voice name="emo-as-HQ">请问您是要去往哪个目的地呢？</voice>}]);
06-06 13:00:22.407 13010 13079 I IVerbalManager: [10062][VerbalStateChangeCallback] TEXT IS....<voice name="emo-as-HQ">请问您是要去往哪个目的地呢？</voice>
06-06 13:00:22.408 13010 13079 I IServicesManager: [10062][VerbalStateChangeCallback] isCallbackLive: true
06-06 13:00:22.408 13010 13289 I PlayMixer: [10062][PlayMixer] doSpeakBlocking result -> 0
06-06 13:00:22.409 13010 13289 W PlayMixer: [10062][PlayMixer] Play has finished! true
06-06 13:00:22.409 13010 13079 W IVerbalManager: [10062][VerbalStateChangeCallback] Verbal.StateChangeListener.onStateChanged(tts.over, null);
06-06 13:00:22.409 13010 13079 I IVerbalManager: [10062][VerbalStateChangeCallback] TTS Over!
06-06 13:00:22.409 13010 13288 W System.err: [10062][PlayMixer-Subscribe] 列表资源已播放完, 请求新的网络资源?
06-06 13:00:23.103 13010 13088 I CindyBlendAdapter: [10062][Binder_3] sMode: none sLanguage: zh
06-06 13:00:23.115 13010 13088 I InteractSession: [10062][Binder_3] session open
06-06 13:00:23.116 13010 13088 I Tracker: [10062][Binder_3] onSessionStateChanged not intercept this session
06-06 13:00:23.117 13010 13088 I InteractSession: [10062][Binder_3] session open
06-06 13:00:23.121 13010 13088 I Tracker: [10062][Binder_3] onSessionStateChanged not intercept this session
06-06 13:00:23.122 13010 13088 E MediaPlayerUtils: [10062][Binder_3] currentvolume ...15
06-06 13:00:23.123 13010 13088 E HelloDelegate: [10062][Binder_3] task is null?==null...task type MediaTask?..==false..task type BDMusicTask?==false..task type ttstask?==falsebackground type==false
06-06 13:00:23.130 13010 13088 W DuRobotAccountManager: [10062][Binder_3] [ "cindy" ] before sign, the string is suid2275BCF18EF44103A8B93A6BC4522A3Csalt7643977192timestamp1496725223126EFKKDUfdkaD982~!jK
06-06 13:00:23.132 13010 13088 I HelloDelegate: [10062][Binder_3] >>!>>!>!>! YES intercept
06-06 13:00:23.134 13010 13088 I IServicesManager: [10062][Binder_3] isCallbackLive: true
06-06 13:00:23.137 13010 13075 I System.out: [10062][Verbal-Engine] VerbalEngine: Speaking state is stopped
06-06 13:00:23.138 13010 13075 W VerbalEngine: [10062][Verbal-Engine] BDVerbalEngine.startRecognize -- Baidu
06-06 13:00:23.139 13010 13075 I System.out: [10062][Verbal-Engine] VerbalEngine: Recognizing state is stopped
06-06 13:00:23.139 13010 13075 I System.out: [10062][Verbal-Engine] VerbalEngine: Recognizing state = starting
06-06 13:00:23.140 13010 19522 I HttpLoggingInterceptor: [10062][OkHttp http://robokit.baidu.com/...] --> POST http://robokit.baidu.com/durobot/v2/robotagent http/1.1
06-06 13:00:23.140 13010 19522 I HttpLoggingInterceptor: [10062][OkHttp http://robokit.baidu.com/...] Content-Type: application/x-www-form-urlencoded
06-06 13:00:23.142 13010 19522 I HttpLoggingInterceptor: [10062][OkHttp http://robokit.baidu.com/...] Content-Length: 394
06-06 13:00:23.142 13010 19522 I HttpLoggingInterceptor: [10062][OkHttp http://robokit.baidu.com/...] Host: robokit.baidu.com
06-06 13:00:23.143 13010 19522 I HttpLoggingInterceptor: [10062][OkHttp http://robokit.baidu.com/...] Connection: Keep-Alive
06-06 13:00:23.143 13010 19522 I HttpLoggingInterceptor: [10062][OkHttp http://robokit.baidu.com/...] Accept-Encoding: gzip
06-06 13:00:23.144 13010 19522 I HttpLoggingInterceptor: [10062][OkHttp http://robokit.baidu.com/...] User-Agent: robokit
06-06 13:00:23.145 13010 19522 I HttpLoggingInterceptor: [10062][OkHttp http://robokit.baidu.com/...] 
06-06 13:00:23.146 13010 19522 I HttpLoggingInterceptor: [10062][OkHttp http://robokit.baidu.com/...] req=experience&robot_token=003VYYSmUy30%2Fp7rDpxC0OCW4dWDFa%2FSK0wS%2F8yBrrhIKuSxGoKLBGVyVb%2FCOel9hiNxH%2BY401PgDiy1PAfmJtQ3IDR3FVTWLiKrImwiMUdhANE2pX7Ow0IVdRg8joG9ojm78cfKNuiMRD89GAjSujPyBp1fK5urNQ4V7U72ynaYw%3D&exp_type=4000&primary_data=%7B%22timestamp%22%3A1496725223124%7D&suid=2275BCF18EF44103A8B93A6BC4522A3C&timestamp=1496725223126&salt=7643977192&sign=a40e92197ca52c1facfc788198bd34c0
06-06 13:00:23.146 13010 19522 I HttpLoggingInterceptor: [10062][OkHttp http://robokit.baidu.com/...] --> END POST (394-byte body)
06-06 13:00:23.188 13010 19522 I HttpLoggingInterceptor: [10062][OkHttp http://robokit.baidu.com/...] <-- 200 OK http://robokit.baidu.com/durobot/v2/robotagent (41ms)
06-06 13:00:23.189 13010 19522 I HttpLoggingInterceptor: [10062][OkHttp http://robokit.baidu.com/...] Content-Type: application/json
06-06 13:00:23.189 13010 19522 I HttpLoggingInterceptor: [10062][OkHttp http://robokit.baidu.com/...] Date: Tue, 06 Jun 2017 05:00:23 GMT
06-06 13:00:23.190 13010 19522 I HttpLoggingInterceptor: [10062][OkHttp http://robokit.baidu.com/...] P3p: CP=" OTI DSP COR IVA OUR IND COM "
06-06 13:00:23.190 13010 19522 I HttpLoggingInterceptor: [10062][OkHttp http://robokit.baidu.com/...] P3p: CP=" OTI DSP COR IVA OUR IND COM "
06-06 13:00:23.190 13010 19522 I HttpLoggingInterceptor: [10062][OkHttp http://robokit.baidu.com/...] Server: Apache
06-06 13:00:23.191 13010 19522 I HttpLoggingInterceptor: [10062][OkHttp http://robokit.baidu.com/...] Set-Cookie: BAIDUID=84681579333D6E3FA55B4941899872C0:FG=1; expires=Wed, 06-Jun-18 05:00:23 GMT; max-age=31536000; path=/; domain=.baidu.com; version=1
06-06 13:00:23.191 13010 19522 I HttpLoggingInterceptor: [10062][OkHttp http://robokit.baidu.com/...] Set-Cookie: BAIDUID=9678BFC62413FA14E8D5FE0736E2CF3B:FG=1; expires=Wed, 06-Jun-18 05:00:23 GMT; max-age=31536000; path=/; domain=.baidu.com; version=1
06-06 13:00:23.191 13010 19522 I HttpLoggingInterceptor: [10062][OkHttp http://robokit.baidu.com/...] Tracecode: 00231268720457084938060613
06-06 13:00:23.191 13010 19522 I HttpLoggingInterceptor: [10062][OkHttp http://robokit.baidu.com/...] Tracecode: 00231203400464883722060613
06-06 13:00:23.192 13010 19522 I HttpLoggingInterceptor: [10062][OkHttp http://robokit.baidu.com/...] Content-Length: 37
06-06 13:00:23.192 13010 19522 I HttpLoggingInterceptor: [10062][OkHttp http://robokit.baidu.com/...] 
06-06 13:00:23.193 13010 19522 I HttpLoggingInterceptor: [10062][OkHttp http://robokit.baidu.com/...] {"error":0,"errormsg":"\u6210\u529f"}
06-06 13:00:23.193 13010 19522 I HttpLoggingInterceptor: [10062][OkHttp http://robokit.baidu.com/...] <-- END HTTP (37-byte body)
06-06 13:00:23.194 13010 19522 I JsonHttpResponse: [10062][OkHttp http://robokit.baidu.com/...] originJson: {"error":0,"errormsg":"\u6210\u529f"}
06-06 13:00:23.194 13010 19522 I HelloDelegate: [10062][OkHttp http://robokit.baidu.com/...] DuRobotAccountManager.uploadRobotWakeupEvent success!
06-06 13:00:23.195 13010 19522 I DuRobotAccountManager: [10062][OkHttp http://robokit.baidu.com/...] uploadRobotWakeupEvent jsonHttpResponse => {"error":0,"errormsg":"\u6210\u529f"}
06-06 13:00:23.402 13010 13075 I PlayMixer: [10062][Verbal-Engine] dump tasks:[请问您是要去往哪个目的地呢？]
06-06 13:00:23.402 13010 13075 I PlayMixer: [10062][Verbal-Engine] getCurrentLocation(default=-1): 1
06-06 13:00:23.405 13010 13075 W System.err: [10062][Verbal-Engine] VerbalEngine: Recognizer.start with: {"infile":"#com.baidu.durobot.services.verbal.internal.BDVerbalEngine.createRecognizeAudioSource()","vad.endpoint-timeout":15000,"decoder-server.cok":"{\"BAIDULOC\":\"1.2947429343358E7_4846382.621252_92.84871673583984_131_1496752175000\"}","appid":"9254469","pid":"1591","need-callback-speech":true,"decoder-server.auth":true,"url":"http:\/\/vse.baidu.com\/v2","apikey":"2SKFovQktSZPGwqINLUo7S7F","server-vad":false,"decoder-server.pam":"{\"client_ip\":\"61.135.169.91\",\"product\":\"prrobot\",\"loc\":\"{\\\"city\\\":\\\"北京市\\\"}\",\"lang\":\"zh\",\"mode\":\"none\",\"uuid\":\"1569070058244288\",\"current_location\":\"1\"}","dec-type":1,"enable-early-return":false,"decoder-server.ptc":305,"decoder-server.key":"com.baidu.durobot.launcher","secret":"a3b39b6b4bb8cafbdb62894fb0e3a0a1","vad":"model-vad","decoder":0,"auth":true,"nlu":"enable","sample":16000,"decoder-server-fun.disable-punctuation":true}
06-06 13:00:23.428 13010 20388 W System.err: [10062][Thread-16638] AudioProviderMonoRecognizeSource id: com.baidu.durobot.services.verbal.internal.AudioProviderMonoRecognizeSource@419fe260
06-06 13:00:23.429 13010 20388 W System.err: [10062][Thread-16638] AudioProviderSource: Open audio source.
06-06 13:00:23.429 13010 20388 W System.err: [10062][Thread-16638] AudioRecordThread start
06-06 13:00:23.461 13010 13075 W System.err: [10062][Verbal-Engine] VerbalEngine: onEvent: name->asr.ready, params->{}
06-06 13:00:23.462 13010 13075 I System.out: [10062][Verbal-Engine] VerbalEngine: Recognizing state = started
06-06 13:00:23.463 13010 13079 W IVerbalManager: [10062][VerbalStateChangeCallback] Verbal.StateChangeListener.onStateChanged(recognize.ready, null);
06-06 13:00:23.598 13010 13075 W System.err: [10062][Verbal-Engine] VerbalEngine: onEvent: name->asr.volume, params->{"volume":600,"volume-percent":12}
06-06 13:00:23.606 13010 13075 W System.err: [10062][Verbal-Engine] VerbalEngine: onEvent: name->asr.volume, params->{"volume":650,"volume-percent":13}
06-06 13:00:23.612 13010 13075 W System.err: [10062][Verbal-Engine] VerbalEngine: onEvent: name->asr.volume, params->{"volume":12268,"volume-percent":100}
06-06 13:00:23.619 13010 13075 W System.err: [10062][Verbal-Engine] VerbalEngine: onEvent: name->asr.volume, params->{"volume":22739,"volume-percent":100}
06-06 13:00:23.624 13010 13075 W System.err: [10062][Verbal-Engine] VerbalEngine: onEvent: name->asr.volume, params->{"volume":23849,"volume-percent":100}
06-06 13:00:23.635 13010 13079 I IServicesManager: [10062][VerbalStateChangeCallback] isCallbackLive: true
06-06 13:00:24.087 13010 13075 W System.err: [10062][Verbal-Engine] VerbalEngine: onEvent: name->asr.volume, params->{"volume":16576,"volume-percent":100}
06-06 13:00:24.096 13010 13075 W System.err: [10062][Verbal-Engine] VerbalEngine: onEvent: name->asr.volume, params->{"volume":30265,"volume-percent":100}
06-06 13:00:24.108 13010 13075 W System.err: [10062][Verbal-Engine] VerbalEngine: onEvent: name->asr.volume, params->{"volume":22393,"volume-percent":100}
06-06 13:00:24.120 13010 13075 W System.err: [10062][Verbal-Engine] VerbalEngine: onEvent: name->asr.volume, params->{"volume":28092,"volume-percent":100}
06-06 13:00:24.129 13010 13075 W System.err: [10062][Verbal-Engine] VerbalEngine: onEvent: name->asr.volume, params->{"volume":28505,"volume-percent":100}
06-06 13:00:24.253 13010 13075 W System.err: [10062][Verbal-Engine] VerbalEngine: onEvent: name->asr.sn, params->{"sn":"cuid=a03f383a55fbae475be188afd5e5c661&sn=36ac9414-2d16-44ca-a593-d327f67fff79&nettype=4"}
06-06 13:00:24.254 13010 13075 W System.err: [10062][Verbal-Engine] VerbalEngine: onEvent: name->asr.begin, params->{}
06-06 13:00:24.601 13010 13075 W System.err: [10062][Verbal-Engine] VerbalEngine: onEvent: name->asr.volume, params->{"volume":19494,"volume-percent":100}
06-06 13:00:24.653 13010 13075 W System.err: [10062][Verbal-Engine] VerbalEngine: onEvent: name->asr.volume, params->{"volume":4945,"volume-percent":98}
06-06 13:00:24.658 13010 13075 W System.err: [10062][Verbal-Engine] VerbalEngine: onEvent: name->asr.volume, params->{"volume":2377,"volume-percent":47}
06-06 13:00:24.663 13010 13075 W System.err: [10062][Verbal-Engine] VerbalEngine: onEvent: name->asr.volume, params->{"volume":2157,"volume-percent":43}
06-06 13:00:24.668 13010 13075 W System.err: [10062][Verbal-Engine] VerbalEngine: onEvent: name->asr.volume, params->{"volume":2004,"volume-percent":40}
06-06 13:00:24.942 13010 13075 W System.err: [10062][Verbal-Engine] VerbalEngine: onEvent: name->asr.partial, params->{"result_type":"partial_result","best_result":"去","results_recognition":["去"],"origin_result":{"result":{"word":["去"]},"sn":"36ac9414-2d16-44ca-a593-d327f67fff79","err_no":0,"corpus_no":6428385886685983193},"error":0}
06-06 13:00:24.944 13010 13079 W IVerbalManager: [10062][VerbalStateChangeCallback] Verbal.StateChangeListener.onStateChanged(785903321, Bundle[{TEMP-DNN-internal29392-jfmosakke-sdahkgfwoawmm=去}]);
06-06 13:00:24.945 13010 13079 I IServicesManager: [10062][VerbalStateChangeCallback] isCallbackLive: true
06-06 13:00:25.014 13010 13075 W System.err: [10062][Verbal-Engine] VerbalEngine: onEvent: name->asr.volume, params->{"volume":1502,"volume-percent":30}
06-06 13:00:25.033 13010 13075 W System.err: [10062][Verbal-Engine] VerbalEngine: onEvent: name->asr.volume, params->{"volume":10303,"volume-percent":100}
06-06 13:00:25.044 13010 13075 W System.err: [10062][Verbal-Engine] VerbalEngine: onEvent: name->asr.volume, params->{"volume":29132,"volume-percent":100}
06-06 13:00:25.044 13010 13075 W System.err: [10062][Verbal-Engine] VerbalEngine: onEvent: name->asr.volume, params->{"volume":14072,"volume-percent":100}
06-06 13:00:25.044 13010 13075 W System.err: [10062][Verbal-Engine] VerbalEngine: onEvent: name->asr.volume, params->{"volume":28208,"volume-percent":100}
06-06 13:00:25.045 13010 13075 W System.err: [10062][Verbal-Engine] VerbalEngine: onEvent: name->asr.partial, params->{"result_type":"partial_result","best_result":"去科技","results_recognition":["去科技"],"origin_result":{"result":{"word":["去科技"]},"sn":"36ac9414-2d16-44ca-a593-d327f67fff79","err_no":0,"corpus_no":6428385886685983193},"error":0}
06-06 13:00:25.045 13010 13079 W IVerbalManager: [10062][VerbalStateChangeCallback] Verbal.StateChangeListener.onStateChanged(785903321, Bundle[{TEMP-DNN-internal29392-jfmosakke-sdahkgfwoawmm=去科技}]);
06-06 13:00:25.048 13010 13079 I IServicesManager: [10062][VerbalStateChangeCallback] isCallbackLive: true
06-06 13:00:25.258 13010 13075 W System.err: [10062][Verbal-Engine] VerbalEngine: onEvent: name->asr.partial, params->{"result_type":"partial_result","best_result":"去科技园","results_recognition":["去科技园"],"origin_result":{"result":{"word":["去科技园"]},"sn":"36ac9414-2d16-44ca-a593-d327f67fff79","err_no":0,"corpus_no":6428385886685983193},"error":0}
06-06 13:00:25.260 13010 13079 W IVerbalManager: [10062][VerbalStateChangeCallback] Verbal.StateChangeListener.onStateChanged(785903321, Bundle[{TEMP-DNN-internal29392-jfmosakke-sdahkgfwoawmm=去科技园}]);
06-06 13:00:25.261 13010 13079 I IServicesManager: [10062][VerbalStateChangeCallback] isCallbackLive: true
06-06 13:00:25.521 13010 13075 W System.err: [10062][Verbal-Engine] VerbalEngine: onEvent: name->asr.volume, params->{"volume":24648,"volume-percent":100}
06-06 13:00:25.529 13010 13075 W System.err: [10062][Verbal-Engine] VerbalEngine: onEvent: name->asr.volume, params->{"volume":25248,"volume-percent":100}
06-06 13:00:25.537 13010 13075 W System.err: [10062][Verbal-Engine] VerbalEngine: onEvent: name->asr.volume, params->{"volume":16986,"volume-percent":100}
06-06 13:00:25.546 13010 13075 W System.err: [10062][Verbal-Engine] VerbalEngine: onEvent: name->asr.volume, params->{"volume":3944,"volume-percent":78}
06-06 13:00:25.694 13010 13075 I System.out: [10062][Verbal-Engine] VerbalEngine: Recognizing state is started
06-06 13:00:25.695 13010 13075 I System.out: [10062][Verbal-Engine] VerbalEngine: Recognizing state is started
06-06 13:00:25.695 13010 13075 I System.out: [10062][Verbal-Engine] VerbalEngine: Recognizing state = stopping
06-06 13:00:25.695 13010 13075 W System.err: [10062][Verbal-Engine] VerbalEngine: Recognizer.stop
06-06 13:00:25.959 13010 13075 W System.err: [10062][Verbal-Engine] VerbalEngine: onEvent: name->asr.partial, params->{"result_type":"partial_result","best_result":"去科技园区","results_recognition":["去科技园区"],"origin_result":{"result":{"word":["去科技园区"]},"sn":"36ac9414-2d16-44ca-a593-d327f67fff79","err_no":0,"corpus_no":6428385886685983193},"error":0}
06-06 13:00:25.960 13010 13079 W IVerbalManager: [10062][VerbalStateChangeCallback] Verbal.StateChangeListener.onStateChanged(785903321, Bundle[{TEMP-DNN-internal29392-jfmosakke-sdahkgfwoawmm=去科技园区}]);
06-06 13:00:25.961 13010 13079 I IServicesManager: [10062][VerbalStateChangeCallback] isCallbackLive: true
06-06 13:00:26.043 13010 22898 W System.err: [10062][Thread-16639] AudioProviderMonoRecognizeSource: Close audio source.
06-06 13:00:26.062 13010 13075 W System.err: [10062][Verbal-Engine] VerbalEngine: onEvent: name->asr.end, params->{}
06-06 13:00:26.360 13010 13075 W System.err: [10062][Verbal-Engine] VerbalEngine: onEvent: name->asr.partial, params->{"result_type":"final_result","best_result":"去科技园区科技园","results_recognition":["去科技园区科技园"],"origin_result":{"result":{"word":["去科技园区科技园"]},"sn":"36ac9414-2d16-44ca-a593-d327f67fff79","err_no":0,"corpus_no":6428385886685983193},"error":0}
06-06 13:00:26.895 13010 13075 W System.err: [10062][Verbal-Engine] VerbalEngine: onEvent: name->asr.partial, params->{"result_type":"third_result","origin_result":"","best_result":""}
06-06 13:00:26.897 13010 13075 W System.err: [10062][Verbal-Engine] VerbalEngine: onEvent: name->asr.partial, params->{"result_type":"third_result","origin_result":"","best_result":""}
06-06 13:00:26.900 13010 13075 W System.err: [10062][Verbal-Engine] VerbalEngine: third_result={
  "errno": 0,
  "raw_text": "去科技园区科技园",
  "meta": {
    "srcid": "4471",
    "ec_query": "去科技园去科技园",
    "rewrite_query": "我下午想去科技园",
    "current_location": 0,
    "query": "去科技园去科技园"
  },
  "result": [
    {
      "type": "tts",
      "value": "请看下方屏幕显示位置，百度大厦的班车在大厦西门路西一侧乘坐，有两个上车点",
      "readable": true
    },
    {
      "type": "imageurl",
